Component: ARM Compiler 6.14 Tool: armlink [5db06800]

==============================================================================

Memory Map of the image

  Image Entry point : 0x000000dd

  Load Region LR_IROM1 (Base: 0x00000000, Size: 0x00008608, Max: 0x00080000, ABSOLUTE)

    Execution Region ER_IROM1 (Base: 0x00000000, Size: 0x00008588, Max: 0x00080000, ABSOLUTE)

    Base Addr    Size         Type   Attr      Idx    E Section Name        Object

    0x00000000   0x000000dc   Data   RO         2438    RESET               BUILD/NRF52_DK/ARMC6_assist/mbed-os/targets/TARGET_NORDIC/TARGET_NRF5x/TARGET_NRF52/TARGET_MCU_NRF52832/device/TOOLCHAIN_ARM_STD/startup_nrf52832.o
    0x000000dc   0x00000008   Code   RO         3916  * !!!main             C:\Users\nikolaos.chalikias\AppData\Local\Mbed Studio\mbed-studio-tools\ac6\bin\..\lib\armlib\c_w.l(__main.o)
    0x000000e4   0x00000034   Code   RO         4441    !!!scatter          C:\Users\nikolaos.chalikias\AppData\Local\Mbed Studio\mbed-studio-tools\ac6\bin\..\lib\armlib\c_w.l(__scatter.o)
    0x00000118   0x0000001a   Code   RO         4443    !!handler_copy      C:\Users\nikolaos.chalikias\AppData\Local\Mbed Studio\mbed-studio-tools\ac6\bin\..\lib\armlib\c_w.l(__scatter_copy.o)
    0x00000132   0x00000002   PAD
    0x00000134   0x0000001c   Code   RO         4445    !!handler_zi        C:\Users\nikolaos.chalikias\AppData\Local\Mbed Studio\mbed-studio-tools\ac6\bin\..\lib\armlib\c_w.l(__scatter_zi.o)
    0x00000150   0x00000000   Code   RO         3845    .ARM.Collect$$_printf_percent$$00000000  C:\Users\nikolaos.chalikias\AppData\Local\Mbed Studio\mbed-studio-tools\ac6\bin\..\lib\armlib\c_w.l(_printf_percent.o)
    0x00000150   0x00000006   Code   RO         3834    .ARM.Collect$$_printf_percent$$00000001  C:\Users\nikolaos.chalikias\AppData\Local\Mbed Studio\mbed-studio-tools\ac6\bin\..\lib\armlib\c_w.l(_printf_n.o)
    0x00000156   0x00000006   Code   RO         3836    .ARM.Collect$$_printf_percent$$00000002  C:\Users\nikolaos.chalikias\AppData\Local\Mbed Studio\mbed-studio-tools\ac6\bin\..\lib\armlib\c_w.l(_printf_p.o)
    0x0000015c   0x00000006   Code   RO         3841    .ARM.Collect$$_printf_percent$$00000003  C:\Users\nikolaos.chalikias\AppData\Local\Mbed Studio\mbed-studio-tools\ac6\bin\..\lib\armlib\c_w.l(_printf_f.o)
    0x00000162   0x00000006   Code   RO         3842    .ARM.Collect$$_printf_percent$$00000004  C:\Users\nikolaos.chalikias\AppData\Local\Mbed Studio\mbed-studio-tools\ac6\bin\..\lib\armlib\c_w.l(_printf_e.o)
    0x00000168   0x00000006   Code   RO         3843    .ARM.Collect$$_printf_percent$$00000005  C:\Users\nikolaos.chalikias\AppData\Local\Mbed Studio\mbed-studio-tools\ac6\bin\..\lib\armlib\c_w.l(_printf_g.o)
    0x0000016e   0x00000006   Code   RO         3844    .ARM.Collect$$_printf_percent$$00000006  C:\Users\nikolaos.chalikias\AppData\Local\Mbed Studio\mbed-studio-tools\ac6\bin\..\lib\armlib\c_w.l(_printf_a.o)
    0x00000174   0x0000000a   Code   RO         4018    .ARM.Collect$$_printf_percent$$00000007  C:\Users\nikolaos.chalikias\AppData\Local\Mbed Studio\mbed-studio-tools\ac6\bin\..\lib\armlib\c_w.l(_printf_ll.o)
    0x0000017e   0x00000006   Code   RO         3838    .ARM.Collect$$_printf_percent$$00000008  C:\Users\nikolaos.chalikias\AppData\Local\Mbed Studio\mbed-studio-tools\ac6\bin\..\lib\armlib\c_w.l(_printf_i.o)
    0x00000184   0x00000006   Code   RO         3839    .ARM.Collect$$_printf_percent$$00000009  C:\Users\nikolaos.chalikias\AppData\Local\Mbed Studio\mbed-studio-tools\ac6\bin\..\lib\armlib\c_w.l(_printf_d.o)
    0x0000018a   0x00000006   Code   RO         3840    .ARM.Collect$$_printf_percent$$0000000A  C:\Users\nikolaos.chalikias\AppData\Local\Mbed Studio\mbed-studio-tools\ac6\bin\..\lib\armlib\c_w.l(_printf_u.o)
    0x00000190   0x00000006   Code   RO         3837    .ARM.Collect$$_printf_percent$$0000000B  C:\Users\nikolaos.chalikias\AppData\Local\Mbed Studio\mbed-studio-tools\ac6\bin\..\lib\armlib\c_w.l(_printf_o.o)
    0x00000196   0x00000006   Code   RO         3835    .ARM.Collect$$_printf_percent$$0000000C  C:\Users\nikolaos.chalikias\AppData\Local\Mbed Studio\mbed-studio-tools\ac6\bin\..\lib\armlib\c_w.l(_printf_x.o)
    0x0000019c   0x00000006   Code   RO         4015    .ARM.Collect$$_printf_percent$$0000000D  C:\Users\nikolaos.chalikias\AppData\Local\Mbed Studio\mbed-studio-tools\ac6\bin\..\lib\armlib\c_w.l(_printf_lli.o)
    0x000001a2   0x00000006   Code   RO         4016    .ARM.Collect$$_printf_percent$$0000000E  C:\Users\nikolaos.chalikias\AppData\Local\Mbed Studio\mbed-studio-tools\ac6\bin\..\lib\armlib\c_w.l(_printf_lld.o)
    0x000001a8   0x00000006   Code   RO         4017    .ARM.Collect$$_printf_percent$$0000000F  C:\Users\nikolaos.chalikias\AppData\Local\Mbed Studio\mbed-studio-tools\ac6\bin\..\lib\armlib\c_w.l(_printf_llu.o)
[...]
    0x0000020a   0x00000004   Code   RO         4098    .ARM.Collect$$libinit$$00000024  C:\Users\nikolaos.chalikias\AppData\Local\Mbed Studio\mbed-studio-tools\ac6\bin\..\lib\armlib\c_w.l(libinit2.o)
    0x0000020e   0x00000000   Code   RO         4099    .ARM.Collect$$libinit$$00000025  C:\Users\nikolaos.chalikias\AppData\Local\Mbed Studio\mbed-studio-tools\ac6\bin\..\lib\armlib\c_w.l(libinit2.o)
    0x0000020e   0x00000000   Code   RO         4103    .ARM.Collect$$libinit$$0000002C  C:\Users\nikolaos.chalikias\AppData\Local\Mbed Studio\mbed-studio-tools\ac6\bin\..\lib\armlib\c_w.l(libinit2.o)
    0x0000020e   0x00000000   Code   RO         4105    .ARM.Collect$$libinit$$0000002E  C:\Users\nikolaos.chalikias\AppData\Local\Mbed Studio\mbed-studio-tools\ac6\bin\..\lib\armlib\c_w.l(libinit2.o)
    0x0000020e   0x00000000   Code   RO         4107    .ARM.Collect$$libinit$$00000030  C:\Users\nikolaos.chalikias\AppData\Local\Mbed Studio\mbed-studio-tools\ac6\bin\..\lib\armlib\c_w.l(libinit2.o)
    0x0000020e   0x00000004   Code   RO         4108    .ARM.Collect$$libinit$$00000031  C:\Users\nikolaos.chalikias\AppData\Local\Mbed Studio\mbed-studio-tools\ac6\bin\..\lib\armlib\c_w.l(libinit2.o)
    0x00000212   0x00000000   Code   RO         4109    .ARM.Collect$$libinit$$00000032  C:\Users\nikolaos.chalikias\AppData\Local\Mbed Studio\mbed-studio-tools\ac6\bin\..\lib\armlib\c_w.l(libinit2.o)
    0x00000212   0x00000002   Code   RO         4110    .ARM.Collect$$libinit$$00000033  C:\Users\nikolaos.chalikias\AppData\Local\Mbed Studio\mbed-studio-tools\ac6\bin\..\lib\armlib\c_w.l(libinit2.o)
    0x00000214   0x00000000   Code   RO         4312    .ARM.Collect$$libshutdown$$00000004  C:\Users\nikolaos.chalikias\AppData\Local\Mbed Studio\mbed-studio-tools\ac6\bin\..\lib\armlib\c_w.l(libshutdown2.o)
    0x00000214   0x00000000   Code   RO         3963    .ARM.Collect$$rtentry$$00000000  C:\Users\nikolaos.chalikias\AppData\Local\Mbed Studio\mbed-studio-tools\ac6\bin\..\lib\armlib\c_w.l(__rtentry.o)
    0x00000214   0x00000000   Code   RO         4135    .ARM.Collect$$rtentry$$00000002  C:\Users\nikolaos.chalikias\AppData\Local\Mbed Studio\mbed-studio-tools\ac6\bin\..\lib\armlib\c_w.l(__rtentry2.o)
    0x00000214   0x00000004   Code   RO         4149    .ARM.Collect$$rtentry$$00000007  C:\Users\nikolaos.chalikias\AppData\Local\Mbed Studio\mbed-studio-tools\ac6\bin\..\lib\armlib\c_w.l(__rtentry7.o)
    0x00000218   0x00000008   Code   RO         4136    .ARM.Collect$$rtentry$$00000008  C:\Users\nikolaos.chalikias\AppData\Local\Mbed Studio\mbed-studio-tools\ac6\bin\..\lib\armlib\c_w.l(__rtentry2.o)
    0x00000220   0x00000004   Code   RO         4138    .ARM.Collect$$rtentry$$0000000A  C:\Users\nikolaos.chalikias\AppData\Local\Mbed Studio\mbed-studio-tools\ac6\bin\..\lib\armlib\c_w.l(__rtentry2.o)
    0x00000224   0x00000000   Code   RO         4140    .ARM.Collect$$rtentry$$0000000C  C:\Users\nikolaos.chalikias\AppData\Local\Mbed Studio\mbed-studio-tools\ac6\bin\..\lib\armlib\c_w.l(__rtentry2.o)
    0x00000224   0x00000008   Code   RO         4141    .ARM.Collect$$rtentry$$0000000D  C:\Users\nikolaos.chalikias\AppData\Local\Mbed Studio\mbed-studio-tools\ac6\bin\..\lib\armlib\c_w.l(__rtentry2.o)
    0x0000022c   0x00000004   Code   RO         4150    .ARM.Collect$$rtentry$$00002718  C:\Users\nikolaos.chalikias\AppData\Local\Mbed Studio\mbed-studio-tools\ac6\bin\..\lib\armlib\c_w.l(__rtentry7.o)
    0x00000230   0x000000c8   Code   RO         1853    .text               BUILD/NRF52_DK/ARMC6_assist/mbed-os/platform/source/TARGET_CORTEX_M/TOOLCHAIN_ARM/except.o
    0x000002f8   0x0000002c   Code   RO         2439    .text               BUILD/NRF52_DK/ARMC6_assist/mbed-os/targets/TARGET_NORDIC/TARGET_NRF5x/TARGET_NRF52/TARGET_MCU_NRF52832/device/TOOLCHAIN_ARM_STD/startup_nrf52832.o
    0x00000324   0x00000002   Code   RO         3685    .text               C:\Users\nikolaos.chalikias\AppData\Local\Mbed Studio\mbed-studio-tools\ac6\bin\..\lib\armlib\c_w.l(use_no_semi_2.o)
    0x00000326   0x00000002   PAD
    0x00000328   0x00000008   Code   RO         3687    .text               C:\Users\nikolaos.chalikias\AppData\Local\Mbed Studio\mbed-studio-tools\ac6\bin\..\lib\armlib\c_w.l(rt_errno_addr.o)
    0x00000330   0x0000005e   Code   RO         3696    .text               C:\Users\nikolaos.chalikias\AppData\Local\Mbed Studio\mbed-studio-tools\ac6\bin\..\lib\armlib\c_w.l(h1_alloc.o)
    0x0000038e   0x0000004e   Code   RO         3698    .text               C:\Users\nikolaos.chalikias\AppData\Local\Mbed Studio\mbed-studio-tools\ac6\bin\..\lib\armlib\c_w.l(h1_free.o)
    0x000003dc   0x000000f0   Code   RO         3754    .text               C:\Users\nikolaos.chalikias\AppData\Local\Mbed Studio\mbed-studio-tools\ac6\bin\..\lib\armlib\c_w.l(lludivv7m.o)
    0x000004cc   0x0000000a   Code   RO         3756    .text               C:\Users\nikolaos.chalikias\AppData\Local\Mbed Studio\mbed-studio-tools\ac6\bin\..\lib\armlib\c_w.l(vfprintf.o)
    0x000004d6   0x00000002   PAD
    0x000004d8   0x00000034   Code   RO         3760    .text               C:\Users\nikolaos.chalikias\AppData\Local\Mbed Studio\mbed-studio-tools\ac6\bin\..\lib\armlib\c_w.l(vsnprintf.o)
    0x0000050c   0x0000002c   Code   RO         3764    .text               C:\Users\nikolaos.chalikias\AppData\Local\Mbed Studio\mbed-studio-tools\ac6\bin\..\lib\armlib\c_w.l(__2sprintf.o)
    0x00000538   0x0000004e   Code   RO         3772    .text               C:\Users\nikolaos.chalikias\AppData\Local\Mbed Studio\mbed-studio-tools\ac6\bin\..\lib\armlib\c_w.l(_printf_pad.o)
    0x00000586   0x00000024   Code   RO         3774    .text               C:\Users\nikolaos.chalikias\AppData\Local\Mbed Studio\mbed-studio-tools\ac6\bin\..\lib\armlib\c_w.l(_printf_truncate.o)
    0x000005aa   0x00000052   Code   RO         3776    .text               C:\Users\nikolaos.chalikias\AppData\Local\Mbed Studio\mbed-studio-tools\ac6\bin\..\lib\armlib\c_w.l(_printf_str.o)
    0x000005fc   0x00000078   Code   RO         3778    .text               C:\Users\nikolaos.chalikias\AppData\Local\Mbed Studio\mbed-studio-tools\ac6\bin\..\lib\armlib\c_w.l(_printf_dec.o)
    0x00000674   0x00000028   Code   RO         3780    .text               C:\Users\nikolaos.chalikias\AppData\Local\Mbed Studio\mbed-studio-tools\ac6\bin\..\lib\armlib\c_w.l(_printf_charcount.o)
    0x0000069c   0x000000bc   Code   RO         3782    .text               C:\Users\nikolaos.chalikias\AppData\Local\Mbed Studio\mbed-studio-tools\ac6\bin\..\lib\armlib\c_w.l(_printf_wctomb.o)
    0x00000758   0x00000070   Code   RO         3789    .text               C:\Users\nikolaos.chalikias\AppData\Local\Mbed Studio\mbed-studio-tools\ac6\bin\..\lib\armlib\c_w.l(_printf_oct_int_ll.o)
    0x000007c8   0x00000094   Code   RO         3809    .text               C:\Users\nikolaos.chalikias\AppData\Local\Mbed Studio\mbed-studio-tools\ac6\bin\..\lib\armlib\c_w.l(_printf_hex_int_ll_ptr.o)
    0x0000085c   0x00000188   Code   RO         3829    .text               C:\Users\nikolaos.chalikias\AppData\Local\Mbed Studio\mbed-studio-tools\ac6\bin\..\lib\armlib\c_w.l(__printf_flags_ss_wp.o)
    0x000009e4   0x00000064   Code   RO         3855    .text               C:\Users\nikolaos.chalikias\AppData\Local\Mbed Studio\mbed-studio-tools\ac6\bin\..\lib\armlib\c_w.l(fflush.o)
    0x00000a48   0x000000f8   Code   RO         3869    .text               C:\Users\nikolaos.chalikias\AppData\Local\Mbed Studio\mbed-studio-tools\ac6\bin\..\lib\armlib\c_w.l(fseek.o)
    0x00000b40   0x000000f0   Code   RO         3873    .text               C:\Users\nikolaos.chalikias\AppData\Local\Mbed Studio\mbed-studio-tools\ac6\bin\..\lib\armlib\c_w.l(fopen.o)
    0x00000c30   0x00000014   Code   RO         3875    .text               C:\Users\nikolaos.chalikias\AppData\Local\Mbed Studio\mbed-studio-tools\ac6\bin\..\lib\armlib\c_w.l(setbuf.o)
    0x00000c44   0x0000004c   Code   RO         3877    .text               C:\Users\nikolaos.chalikias\AppData\Local\Mbed Studio\mbed-studio-tools\ac6\bin\..\lib\armlib\c_w.l(fclose.o)
    0x00000c90   0x0000001c   Code   RO         3891    .text               C:\Users\nikolaos.chalikias\AppData\Local\Mbed Studio\mbed-studio-tools\ac6\bin\..\lib\armlib\c_w.l(strspn.o)
    0x00000cac   0x00000058   Code   RO         3893    .text               C:\Users\nikolaos.chalikias\AppData\Local\Mbed Studio\mbed-studio-tools\ac6\bin\..\lib\armlib\c_w.l(memcmp.o)
    0x00000d04   0x0000003e   Code   RO         3897    .text               C:\Users\nikolaos.chalikias\AppData\Local\Mbed Studio\mbed-studio-tools\ac6\bin\..\lib\armlib\c_w.l(strlen.o)
    0x00000d42   0x00000064   Code   RO         3901    .text               C:\Users\nikolaos.chalikias\AppData\Local\Mbed Studio\mbed-studio-tools\ac6\bin\..\lib\armlib\c_w.l(rt_memcpy_w.o)
    0x00000da6   0x00000010   Code   RO         3905    .text               C:\Users\nikolaos.chalikias\AppData\Local\Mbed Studio\mbed-studio-tools\ac6\bin\..\lib\armlib\c_w.l(aeabi_memset4.o)
    0x00000db6   0x0000004e   Code   RO         3909    .text               C:\Users\nikolaos.chalikias\AppData\Local\Mbed Studio\mbed-studio-tools\ac6\bin\..\lib\armlib\c_w.l(rt_memclr_w.o)
    0x00000e04   0x00000004   PAD
    0x00000e08   0x0000007c   Code   RO         3911    .text               C:\Users\nikolaos.chalikias\AppData\Local\Mbed Studio\mbed-studio-tools\ac6\bin\..\lib\armlib\c_w.l(strcmpv7em.o)
    0x00000e84   0x00000006   Code   RO         3913    .text               C:\Users\nikolaos.chalikias\AppData\Local\Mbed Studio\mbed-studio-tools\ac6\bin\..\lib\armlib\c_w.l(heapauxi.o)
    0x00000e8a   0x00000002   PAD
    0x00000e8c   0x00000024   Code   RO         3921    .text               C:\Users\nikolaos.chalikias\AppData\Local\Mbed Studio\mbed-studio-tools\ac6\bin\..\lib\armlib\c_w.l(init_aeabi.o)
    0x00000eb0   0x00000002   Code   RO         3959    .text               C:\Users\nikolaos.chalikias\AppData\Local\Mbed Studio\mbed-studio-tools\ac6\bin\..\lib\armlib\c_w.l(use_no_semi.o)
    0x00000eb2   0x00000002   PAD
    0x00000eb4   0x00000008   Code   RO         3968    .text               C:\Users\nikolaos.chalikias\AppData\Local\Mbed Studio\mbed-studio-tools\ac6\bin\..\lib\armlib\c_w.l(rt_heap_descriptor.o)
    0x00000ebc   0x00000004   Code   RO         3973    .text               C:\Users\nikolaos.chalikias\AppData\Local\Mbed Studio\mbed-studio-tools\ac6\bin\..\lib\armlib\c_w.l(hguard.o)
    0x00000ec0   0x0000008a   Code   RO         3975    .text               C:\Users\nikolaos.chalikias\AppData\Local\Mbed Studio\mbed-studio-tools\ac6\bin\..\lib\armlib\c_w.l(init_alloc.o)
    0x00000f4a   0x0000000e   Code   RO         3979    .text               C:\Users\nikolaos.chalikias\AppData\Local\Mbed Studio\mbed-studio-tools\ac6\bin\..\lib\armlib\c_w.l(h1_init.o)
    0x00000f58   0x000000b2   Code   RO         3991    .text               C:\Users\nikolaos.chalikias\AppData\Local\Mbed Studio\mbed-studio-tools\ac6\bin\..\lib\armlib\c_w.l(_printf_intcommon.o)
    0x0000100a   0x0000041c   Code   RO         3993    .text               C:\Users\nikolaos.chalikias\AppData\Local\Mbed Studio\mbed-studio-tools\ac6\bin\..\lib\armlib\c_w.l(_printf_fp_dec.o)
    0x00001426   0x00000002   PAD
    0x00001428   0x000002fc   Code   RO         3997    .text               C:\Users\nikolaos.chalikias\AppData\Local\Mbed Studio\mbed-studio-tools\ac6\bin\..\lib\armlib\c_w.l(_printf_fp_hex.o)
    0x00001724   0x00000030   Code   RO         4000    .text               C:\Users\nikolaos.chalikias\AppData\Local\Mbed Studio\mbed-studio-tools\ac6\bin\..\lib\armlib\c_w.l(_printf_char_common.o)
    0x00001754   0x0000000a   Code   RO         4002    .text               C:\Users\nikolaos.chalikias\AppData\Local\Mbed Studio\mbed-studio-tools\ac6\bin\..\lib\armlib\c_w.l(_sputc.o)
    0x0000175e   0x00000010   Code   RO         4004    .text               C:\Users\nikolaos.chalikias\AppData\Local\Mbed Studio\mbed-studio-tools\ac6\bin\..\lib\armlib\c_w.l(_snputc.o)
    0x0000176e   0x0000002c   Code   RO         4006    .text               C:\Users\nikolaos.chalikias\AppData\Local\Mbed Studio\mbed-studio-tools\ac6\bin\..\lib\armlib\c_w.l(_printf_char.o)
    0x0000179a   0x00000002   PAD
    0x0000179c   0x00000024   Code   RO         4008    .text               C:\Users\nikolaos.chalikias\AppData\Local\Mbed Studio\mbed-studio-tools\ac6\bin\..\lib\armlib\c_w.l(_printf_char_file.o)
    0x000017c0   0x0000002c   Code   RO         4010    .text               C:\Users\nikolaos.chalikias\AppData\Local\Mbed Studio\mbed-studio-tools\ac6\bin\..\lib\armlib\c_w.l(_printf_wchar.o)
    0x000017ec   0x0000007c   Code   RO         4012    .text               C:\Users\nikolaos.chalikias\AppData\Local\Mbed Studio\mbed-studio-tools\ac6\bin\..\lib\armlib\c_w.l(_printf_longlong_dec.o)
    0x00001868   0x00000008   Code   RO         4039    .text               C:\Users\nikolaos.chalikias\AppData\Local\Mbed Studio\mbed-studio-tools\ac6\bin\..\lib\armlib\c_w.l(ferror.o)
    0x00001870   0x0000023a   Code   RO         4041    .text               C:\Users\nikolaos.chalikias\AppData\Local\Mbed Studio\mbed-studio-tools\ac6\bin\..\lib\armlib\c_w.l(filbuf.o)
    0x00001aaa   0x000001d6   Code   RO         4043    .text               C:\Users\nikolaos.chalikias\AppData\Local\Mbed Studio\mbed-studio-tools\ac6\bin\..\lib\armlib\c_w.l(flsbuf.o)
    0x00001c80   0x00000042   Code   RO         4045    .text               C:\Users\nikolaos.chalikias\AppData\Local\Mbed Studio\mbed-studio-tools\ac6\bin\..\lib\armlib\c_w.l(ftell.o)
    0x00001cc2   0x00000046   Code   RO         4047    .text               C:\Users\nikolaos.chalikias\AppData\Local\Mbed Studio\mbed-studio-tools\ac6\bin\..\lib\armlib\c_w.l(setvbuf.o)
    0x00001d08   0x000000f0   Code   RO         4049    .text               C:\Users\nikolaos.chalikias\AppData\Local\Mbed Studio\mbed-studio-tools\ac6\bin\..\lib\armlib\c_w.l(stdio.o)
    0x00001df8   0x00000048   Code   RO         4062    .text               C:\Users\nikolaos.chalikias\AppData\Local\Mbed Studio\mbed-studio-tools\ac6\bin\..\lib\armlib\c_w.l(_c16rtomb.o)
    0x00001e40   0x00000010   Code   RO         4154    .text               C:\Users\nikolaos.chalikias\AppData\Local\Mbed Studio\mbed-studio-tools\ac6\bin\..\lib\armlib\c_w.l(rt_ctype_table.o)
    0x00001e50   0x00000008   Code   RO         4158    .text               C:\Users\nikolaos.chalikias\AppData\Local\Mbed Studio\mbed-studio-tools\ac6\bin\..\lib\armlib\c_w.l(rt_locale.o)
    0x00001e58   0x00000000   Code   RO         4165    .text               C:\Users\nikolaos.chalikias\AppData\Local\Mbed Studio\mbed-studio-tools\ac6\bin\..\lib\armlib\c_w.l(maybetermalloc1.o)
    0x00001e58   0x00000034   Code   RO         4167    .text               C:\Users\nikolaos.chalikias\AppData\Local\Mbed Studio\mbed-studio-tools\ac6\bin\..\lib\armlib\c_w.l(h1_extend.o)
    0x00001e8c   0x0000008a   Code   RO         4171    .text               C:\Users\nikolaos.chalikias\AppData\Local\Mbed Studio\mbed-studio-tools\ac6\bin\..\lib\armlib\c_w.l(lludiv10.o)
    0x00001f16   0x00000002   PAD
    0x00001f18   0x00000080   Code   RO         4175    .text               C:\Users\nikolaos.chalikias\AppData\Local\Mbed Studio\mbed-studio-tools\ac6\bin\..\lib\armlib\c_w.l(_printf_fp_infnan.o)
    0x00001f98   0x000000e4   Code   RO         4191    .text               C:\Users\nikolaos.chalikias\AppData\Local\Mbed Studio\mbed-studio-tools\ac6\bin\..\lib\armlib\c_w.l(bigflt0.o)
    0x0000207c   0x00000138   Code   RO         4226    .text               C:\Users\nikolaos.chalikias\AppData\Local\Mbed Studio\mbed-studio-tools\ac6\bin\..\lib\armlib\c_w.l(initio.o)
    0x000021b4   0x00000038   Code   RO         4228    .text               C:\Users\nikolaos.chalikias\AppData\Local\Mbed Studio\mbed-studio-tools\ac6\bin\..\lib\armlib\c_w.l(flushlinebuffered.o)
    0x000021ec   0x00000016   Code   RO         4251    .text               C:\Users\nikolaos.chalikias\AppData\Local\Mbed Studio\mbed-studio-tools\ac6\bin\..\lib\armlib\c_w.l(abort.o)
    0x00002202   0x0000000e   Code   RO         4253    .text               C:\Users\nikolaos.chalikias\AppData\Local\Mbed Studio\mbed-studio-tools\ac6\bin\..\lib\armlib\c_w.l(defsig_rtmem_outer.o)
    0x00002210   0x0000000a   Code   RO         4286    .text               C:\Users\nikolaos.chalikias\AppData\Local\Mbed Studio\mbed-studio-tools\ac6\bin\..\lib\armlib\c_w.l(defsig_exit.o)
    0x0000221a   0x0000000e   Code   RO         4288    .text               C:\Users\nikolaos.chalikias\AppData\Local\Mbed Studio\mbed-studio-tools\ac6\bin\..\lib\armlib\c_w.l(defsig_abrt_outer.o)
    0x00002228   0x0000000e   Code   RO         4296    .text               C:\Users\nikolaos.chalikias\AppData\Local\Mbed Studio\mbed-studio-tools\ac6\bin\..\lib\armlib\c_w.l(defsig_rtred_outer.o)
    0x00002236   0x00000002   PAD
    0x00002238   0x00000050   Code   RO         4300    .text               C:\Users\nikolaos.chalikias\AppData\Local\Mbed Studio\mbed-studio-tools\ac6\bin\..\lib\armlib\c_w.l(defsig_rtmem_inner.o)
    0x00002288   0x00000032   Code   RO         4357    .text               C:\Users\nikolaos.chalikias\AppData\Local\Mbed Studio\mbed-studio-tools\ac6\bin\..\lib\armlib\c_w.l(defsig_general.o)
    0x000022ba   0x00000002   PAD
    0x000022bc   0x00000030   Code   RO         4359    .text               C:\Users\nikolaos.chalikias\AppData\Local\Mbed Studio\mbed-studio-tools\ac6\bin\..\lib\armlib\c_w.l(defsig_abrt_inner.o)
    0x000022ec   0x00000034   Code   RO         4363    .text               C:\Users\nikolaos.chalikias\AppData\Local\Mbed Studio\mbed-studio-tools\ac6\bin\..\lib\armlib\c_w.l(defsig_rtred_inner.o)
    0x00002320   0x0000002e   Code   RO         2204    .text.$Sub$$__rt_lib_init  BUILD/NRF52_DK/ARMC6_assist/mbed-os/platform/source/mbed_retarget.o
    0x0000234e   0x0000000e   Code   RO         2377    .text.$Sub$$main    BUILD/NRF52_DK/ARMC6_assist/mbed-os/platform/source/mbed_sdk_boot.o
    0x0000235c   0x00000192   Code   RO         3251    .text.GPIOTE_IRQHandler  BUILD/NRF52_DK/ARMC6_assist/mbed-os/targets/TARGET_NORDIC/TARGET_NRF5x/TARGET_SDK_15_0/modules/nrfx/drivers/src/nrfx_gpiote.o
    0x000024ee   0x00000010   Code   RO         2442    .text.NVIC_SetVector  BUILD/NRF52_DK/ARMC6_assist/mbed-os/targets/TARGET_NORDIC/TARGET_NRF5x/TARGET_NRF52/TARGET_MCU_NRF52832/device/cmsis_nvic.o
    0x000024fe   0x00000028   Code   RO         3326    .text.RNG_IRQHandler  BUILD/NRF52_DK/ARMC6_assist/mbed-os/targets/TARGET_NORDIC/TARGET_NRF5x/TARGET_SDK_15_0/modules/nrfx/drivers/src/nrfx_rng.o
    0x00002526   0x00000002   PAD
    0x00002528   0x0000033e   Code   RO         2450    .text.SystemInit    BUILD/NRF52_DK/ARMC6_assist/mbed-os/targets/TARGET_NORDIC/TARGET_NRF5x/TARGET_NRF52/TARGET_MCU_NRF52832/device/system_nrf52.o
    0x00002866   0x00000002   PAD
    0x00002868   0x000000c8   Code   RO            5    .text._GLOBAL__sub_I_main.cpp  BUILD/NRF52_DK/ARMC6_assist/main.o
    0x00002930   0x0000002a   Code   RO         3668    .text._GLOBAL__sub_I_nworkbench.cpp  BUILD/NRF52_DK/ARMC6_assist/nlib/nworkbench.o
    0x0000295a   0x00000002   PAD
    0x0000295c   0x00000076   Code   RO         3666    .text._Z13ProgressNodesv  BUILD/NRF52_DK/ARMC6_assist/nlib/nworkbench.o
    0x000029d2   0x00000010   Code   RO         3662    .text._Z13propagateTickv  BUILD/NRF52_DK/ARMC6_assist/nlib/nworkbench.o
    0x000029e2   0x0000004a   Code   RO         3664    .text._Z14SetupWorkbenchv  BUILD/NRF52_DK/ARMC6_assist/nlib/nworkbench.o
    0x00002a2c   0x0000004a   Code   RO         2158    .text._ZL18reserve_filehandlev  BUILD/NRF52_DK/ARMC6_assist/mbed-os/platform/source/mbed_retarget.o
    0x00002a76   0x00000010   Code   RO         1506    .text._ZN10CThunkBase11cthunk_freeEPFvvE  BUILD/NRF52_DK/ARMC6_assist/mbed-os/platform/source/CThunkBase.o
    0x00002a86   0x00000004   Code   RO         3648    .text._ZN10nBlockNode10readOutputEj  BUILD/NRF52_DK/ARMC6_assist/nlib/nworkbench.o
    0x00002a8a   0x00000002   Code   RO         3650    .text._ZN10nBlockNode12triggerInputE15nBlocks_Message  BUILD/NRF52_DK/ARMC6_assist/nlib/nworkbench.o
    0x00002a8c   0x00000004   Code   RO         3681    .text._ZN10nBlockNode14readOutputTypeEj  BUILD/NRF52_DK/ARMC6_assist/nlib/nworkbench.o
    0x00002a90   0x00000004   Code   RO         3646    .text._ZN10nBlockNode15outputAvailableEj  BUILD/NRF52_DK/ARMC6_assist/nlib/nworkbench.o
    0x00002a94   0x00000002   Code   RO         3652    .text._ZN10nBlockNode4stepEv  BUILD/NRF52_DK/ARMC6_assist/nlib/nworkbench.o
    0x00002a96   0x0000002c   Code   RO         3640    .text._ZN10nBlockNodeC2Ev  BUILD/NRF52_DK/ARMC6_assist/nlib/nworkbench.o
    0x00002ac2   0x0000001c   Code   RO         2142    .text._ZN12DirectSerial4readEPvj  BUILD/NRF52_DK/ARMC6_assist/mbed-os/platform/source/mbed_retarget.o
    0x00002ade   0x00000006   Code   RO         2317    .text._ZN12DirectSerial4seekEli  BUILD/NRF52_DK/ARMC6_assist/mbed-os/platform/source/mbed_retarget.o
    0x00002ae4   0x00000006   Code   RO         2323    .text._ZN12DirectSerial4sizeEv  BUILD/NRF52_DK/ARMC6_assist/mbed-os/platform/source/mbed_retarget.o
    0x00002aea   0x00000004   Code   RO         2319    .text._ZN12DirectSerial5closeEv  BUILD/NRF52_DK/ARMC6_assist/mbed-os/platform/source/mbed_retarget.o
    0x00002aee   0x00000002   PAD
    0x00002af0   0x00000028   Code   RO         2140    .text._ZN12DirectSerial5writeEPKvj  BUILD/NRF52_DK/ARMC6_assist/mbed-os/platform/source/mbed_retarget.o
    0x00002b18   0x00000004   Code   RO         2321    .text._ZN12DirectSerial6isattyEv  BUILD/NRF52_DK/ARMC6_assist/mbed-os/platform/source/mbed_retarget.o
    0x00002b1c   0x0000003a   Code   RO         2138    .text._ZN12DirectSerialC2ERK15serial_pinmap_ti  BUILD/NRF52_DK/ARMC6_assist/mbed-os/platform/source/mbed_retarget.o
    0x00002b56   0x00000004   Code   RO         2315    .text._ZN12DirectSerialD0Ev  BUILD/NRF52_DK/ARMC6_assist/mbed-os/platform/source/mbed_retarget.o
    0x00002b5a   0x00000002   PAD
    0x00002b5c   0x00000054   Code   RO         3565    .text._ZN12nBlock_Blink5_tickEv  BUILD/NRF52_DK/ARMC6_assist/nlib/Blink/blink.o
    0x00002bb0   0x000000cc   Code   RO         3563    .text._ZN12nBlock_BlinkC2Ej7PinName  BUILD/NRF52_DK/ARMC6_assist/nlib/Blink/blink.o
    0x00002c7c   0x0000001e   Code   RO           22    .text._ZN12nBlock_BlinkD2Ev  BUILD/NRF52_DK/ARMC6_assist/main.o
    0x00002c9a   0x00000008   Code   RO         3613    .text._ZN13nBlock_Ticker5_tickEv  BUILD/NRF52_DK/ARMC6_assist/nlib/Ticker/ticker.o
    0x00002ca2   0x00000006   PAD
    0x00002ca8   0x000000bc   Code   RO         3611    .text._ZN13nBlock_TickerC2Ej  BUILD/NRF52_DK/ARMC6_assist/nlib/Ticker/ticker.o
    0x00002d64   0x0000001e   Code   RO           18    .text._ZN13nBlock_TickerD2Ev  BUILD/NRF52_DK/ARMC6_assist/main.o
    0x00002d82   0x00000024   Code   RO         3579    .text._ZN14nBlock_Counter12triggerInputE15nBlocks_Message  BUILD/NRF52_DK/ARMC6_assist/nlib/Counter/counter.o
    0x00002da6   0x00000016   Code   RO         3581    .text._ZN14nBlock_Counter8endFrameEv  BUILD/NRF52_DK/ARMC6_assist/nlib/Counter/counter.o
    0x00002dbc   0x00000026   Code   RO         3577    .text._ZN14nBlock_CounterC2Ej  BUILD/NRF52_DK/ARMC6_assist/nlib/Counter/counter.o
    0x00002de2   0x00000002   PAD
    0x00002de4   0x000000ac   Code   RO         3658    .text._ZN16nBlockConnection9propagateEv  BUILD/NRF52_DK/ARMC6_assist/nlib/nworkbench.o
    0x00002e90   0x00000036   Code   RO         3654    .text._ZN16nBlockConnectionC2EP10nBlockNodejS1_j  BUILD/NRF52_DK/ARMC6_assist/nlib/nworkbench.o
    0x00002ec6   0x00000008   Code   RO           30    .text._ZN16nBlockSimpleNodeILj1EE10readOutputEj  BUILD/NRF52_DK/ARMC6_assist/main.o
    0x00002ece   0x00000006   Code   RO           28    .text._ZN16nBlockSimpleNodeILj1EE14readOutputTypeEj  BUILD/NRF52_DK/ARMC6_assist/main.o
    0x00002ed4   0x00000008   Code   RO           26    .text._ZN16nBlockSimpleNodeILj1EE15outputAvailableEj  BUILD/NRF52_DK/ARMC6_assist/main.o
    0x00002edc   0x0000001a   Code   RO           32    .text._ZN16nBlockSimpleNodeILj1EE4stepEv  BUILD/NRF52_DK/ARMC6_assist/main.o
    0x00002ef6   0x00000002   Code   RO           34    .text._ZN16nBlockSimpleNodeILj1EE8endFrameEv  BUILD/NRF52_DK/ARMC6_assist/main.o
    0x00002ef8   0x0000004c   Code   RO         3595    .text._ZN19nBlock_StringFormat12triggerInputE15nBlocks_Message  BUILD/NRF52_DK/ARMC6_assist/nlib/StringFormat/stringformat.o
    0x00002f44   0x00000020   Code   RO         3597    .text._ZN19nBlock_StringFormat8endFrameEv  BUILD/NRF52_DK/ARMC6_assist/nlib/StringFormat/stringformat.o
    0x00002f64   0x0000002e   Code   RO         3593    .text._ZN19nBlock_StringFormatC2EPKc  BUILD/NRF52_DK/ARMC6_assist/nlib/StringFormat/stringformat.o
    0x00002f92   0x00000002   PAD
    0x00002f94   0x0000003c   Code   RO         3604    .text._ZN19nBlock_StringSerial12triggerInputE15nBlocks_Message  BUILD/NRF52_DK/ARMC6_assist/nlib/StringSerial/stringserial.o
    0x00002fd0   0x0000001c   Code   RO         3606    .text._ZN19nBlock_StringSerial8endFrameEv  BUILD/NRF52_DK/ARMC6_assist/nlib/StringSerial/stringserial.o
    0x00002fec   0x00000042   Code   RO         3602    .text._ZN19nBlock_StringSerialC2E7PinNameS0_  BUILD/NRF52_DK/ARMC6_assist/nlib/StringSerial/stringserial.o
    0x0000302e   0x00000026   Code   RO           20    .text._ZN19nBlock_StringSerialD2Ev  BUILD/NRF52_DK/ARMC6_assist/main.o
    0x00003054   0x00000006   Code   RO          570    .text._ZN4mbed10FileHandle12enable_inputEb  BUILD/NRF52_DK/ARMC6_assist/mbed-os/drivers/source/Serial.o
    0x0000305a   0x0000000c   Code   RO          566    .text._ZN4mbed10FileHandle12set_blockingEb  BUILD/NRF52_DK/ARMC6_assist/mbed-os/drivers/source/Serial.o
    0x00003066   0x00000006   Code   RO          572    .text._ZN4mbed10FileHandle13enable_outputEb  BUILD/NRF52_DK/ARMC6_assist/mbed-os/drivers/source/Serial.o
    0x0000306c   0x00000006   Code   RO          564    .text._ZN4mbed10FileHandle4flenEv  BUILD/NRF52_DK/ARMC6_assist/mbed-os/drivers/source/Serial.o
    0x00003072   0x00000038   Code   RO         1603    .text._ZN4mbed10FileHandle4sizeEv  BUILD/NRF52_DK/ARMC6_assist/mbed-os/platform/source/FileHandle.o
    0x000030aa   0x00000004   Code   RO         1611    .text._ZN4mbed10FileHandle4syncEv  BUILD/NRF52_DK/ARMC6_assist/mbed-os/platform/source/FileHandle.o
    0x000030ae   0x0000000a   Code   RO          838    .text._ZN4mbed10FileHandle4tellEv  BUILD/NRF52_DK/ARMC6_assist/mbed-os/drivers/source/UARTSerial.o
    0x000030b8   0x00000006   Code   RO          562    .text._ZN4mbed10FileHandle5fsyncEv  BUILD/NRF52_DK/ARMC6_assist/mbed-os/drivers/source/Serial.o
    0x000030be   0x00000006   Code   RO          560    .text._ZN4mbed10FileHandle5lseekEli  BUILD/NRF52_DK/ARMC6_assist/mbed-os/drivers/source/Serial.o
    0x000030c4   0x00000002   Code   RO          576    .text._ZN4mbed10FileHandle5sigioENS_8CallbackIFvvEEE  BUILD/NRF52_DK/ARMC6_assist/mbed-os/drivers/source/Serial.o
    0x000030c6   0x00000004   Code   RO         1613    .text._ZN4mbed10FileHandle6isattyEv  BUILD/NRF52_DK/ARMC6_assist/mbed-os/platform/source/FileHandle.o
    0x000030ca   0x0000000a   Code   RO          840    .text._ZN4mbed10FileHandle6rewindEv  BUILD/NRF52_DK/ARMC6_assist/mbed-os/drivers/source/UARTSerial.o
    0x000030d4   0x00000006   Code   RO          558    .text._ZN4mbed10FileHandle8truncateEl  BUILD/NRF52_DK/ARMC6_assist/mbed-os/drivers/source/Serial.o
    0x000030da   0x00000002   Code   RO         1609    .text._ZN4mbed10FileHandleD0Ev  BUILD/NRF52_DK/ARMC6_assist/mbed-os/platform/source/FileHandle.o
    0x000030dc   0x00000002   Code   RO         1607    .text._ZN4mbed10FileHandleD2Ev  BUILD/NRF52_DK/ARMC6_assist/mbed-os/platform/source/FileHandle.o
    0x000030de   0x00000006   Code   RO          603    .text._ZN4mbed10SerialBase10_base_getcEv  BUILD/NRF52_DK/ARMC6_assist/mbed-os/drivers/source/SerialBase.o
    0x000030e4   0x0000000e   Code   RO          605    .text._ZN4mbed10SerialBase10_base_putcEi  BUILD/NRF52_DK/ARMC6_assist/mbed-os/drivers/source/SerialBase.o
    0x000030f2   0x00000012   Code   RO          601    .text._ZN4mbed10SerialBase12_irq_handlerEj9SerialIrq  BUILD/NRF52_DK/ARMC6_assist/mbed-os/drivers/source/SerialBase.o
    0x00003104   0x00000002   Code   RO          619    .text._ZN4mbed10SerialBase4lockEv  BUILD/NRF52_DK/ARMC6_assist/mbed-os/drivers/source/SerialBase.o
    0x00003106   0x0000005a   Code   RO          585    .text._ZN4mbed10SerialBase5_initEv  BUILD/NRF52_DK/ARMC6_assist/mbed-os/drivers/source/SerialBase.o
    0x00003160   0x0000009c   Code   RO          599    .text._ZN4mbed10SerialBase6attachENS_8CallbackIFvvEEENS0_7IrqTypeE  BUILD/NRF52_DK/ARMC6_assist/mbed-os/drivers/source/SerialBase.o
    0x000031fc   0x00000002   Code   RO          621    .text._ZN4mbed10SerialBase6unlockEv  BUILD/NRF52_DK/ARMC6_assist/mbed-os/drivers/source/SerialBase.o
    0x000031fe   0x00000024   Code   RO          595    .text._ZN4mbed10SerialBase8readableEv  BUILD/NRF52_DK/ARMC6_assist/mbed-os/drivers/source/SerialBase.o
    0x00003222   0x00000002   PAD
    0x00003224   0x000000e4   Code   RO          583    .text._ZN4mbed10SerialBaseC2E7PinNameS1_i  BUILD/NRF52_DK/ARMC6_assist/mbed-os/drivers/source/SerialBase.o
    0x00003308   0x0000000e   Code   RO          625    .text._ZN4mbed10SerialBaseD0Ev  BUILD/NRF52_DK/ARMC6_assist/mbed-os/drivers/source/SerialBase.o
    0x00003316   0x00000002   PAD
    0x00003318   0x00000080   Code   RO          623    .text._ZN4mbed10SerialBaseD2Ev  BUILD/NRF52_DK/ARMC6_assist/mbed-os/drivers/source/SerialBase.o
    0x00003398   0x00000018   Code   RO          732    .text._ZN4mbed10TimerEvent15insert_absoluteEy  BUILD/NRF52_DK/ARMC6_assist/mbed-os/drivers/source/TimerEvent.o
    0x000033b0   0x00000006   Code   RO          720    .text._ZN4mbed10TimerEvent3irqEj  BUILD/NRF52_DK/ARMC6_assist/mbed-os/drivers/source/TimerEvent.o
    0x000033b6   0x0000000c   Code   RO          726    .text._ZN4mbed10TimerEvent6removeEv  BUILD/NRF52_DK/ARMC6_assist/mbed-os/drivers/source/TimerEvent.o
    0x000033c2   0x00000030   Code   RO          718    .text._ZN4mbed10TimerEventC2Ev  BUILD/NRF52_DK/ARMC6_assist/mbed-os/drivers/source/TimerEvent.o
    0x000033f2   0x00000002   Code   RO          728    .text._ZN4mbed10TimerEventD0Ev  BUILD/NRF52_DK/ARMC6_assist/mbed-os/drivers/source/TimerEvent.o
    0x000033f4   0x0000001e   Code   RO          724    .text._ZN4mbed10TimerEventD2Ev  BUILD/NRF52_DK/ARMC6_assist/mbed-os/drivers/source/TimerEvent.o
    0x00003412   0x0000008e   Code   RO         2154    .text._ZN4mbed16mbed_file_handleEi  BUILD/NRF52_DK/ARMC6_assist/mbed-os/platform/source/mbed_retarget.o
    0x000034a0   0x0000003e   Code   RO         2134    .text._ZN4mbed17remove_filehandleEPNS_10FileHandleE  BUILD/NRF52_DK/ARMC6_assist/mbed-os/platform/source/mbed_retarget.o
    0x000034de   0x00000004   Code   RO         2152    .text._ZN4mbed21mbed_override_consoleEi  BUILD/NRF52_DK/ARMC6_assist/mbed-os/platform/source/mbed_retarget.o
    0x000034e2   0x00000006   Code   RO         2164    .text._ZN4mbed26mbed_set_unbuffered_streamEPSt6__FILE  BUILD/NRF52_DK/ARMC6_assist/mbed-os/platform/source/mbed_retarget.o
    0x000034e8   0x00000004   Code   RO         2150    .text._ZN4mbed28mbed_target_override_consoleEi  BUILD/NRF52_DK/ARMC6_assist/mbed-os/platform/source/mbed_retarget.o
    0x000034ec   0x00000002   Code   RO          540    .text._ZN4mbed6Serial4lockEv  BUILD/NRF52_DK/ARMC6_assist/mbed-os/drivers/source/Serial.o
    0x000034ee   0x00000004   Code   RO          532    .text._ZN4mbed6Serial5_getcEv  BUILD/NRF52_DK/ARMC6_assist/mbed-os/drivers/source/Serial.o
    0x000034f2   0x00000004   Code   RO          536    .text._ZN4mbed6Serial5_putcEi  BUILD/NRF52_DK/ARMC6_assist/mbed-os/drivers/source/Serial.o
    0x000034f6   0x00000002   Code   RO          544    .text._ZN4mbed6Serial6unlockEv  BUILD/NRF52_DK/ARMC6_assist/mbed-os/drivers/source/Serial.o
    0x000034f8   0x00000036   Code   RO          524    .text._ZN4mbed6SerialC2E7PinNameS1_PKci  BUILD/NRF52_DK/ARMC6_assist/mbed-os/drivers/source/Serial.o
    0x0000352e   0x00000018   Code   RO          552    .text._ZN4mbed6SerialD0Ev  BUILD/NRF52_DK/ARMC6_assist/mbed-os/drivers/source/Serial.o
    0x00003546   0x00000014   Code   RO          550    .text._ZN4mbed6SerialD2Ev  BUILD/NRF52_DK/ARMC6_assist/mbed-os/drivers/source/Serial.o
    0x0000355a   0x00000026   Code   RO         1667    .text._ZN4mbed6Stream4getcEv  BUILD/NRF52_DK/ARMC6_assist/mbed-os/platform/source/Stream.o
    0x00003580   0x00000002   Code   RO         1699    .text._ZN4mbed6Stream4lockEv  BUILD/NRF52_DK/ARMC6_assist/mbed-os/platform/source/Stream.o
    0x00003582   0x0000002e   Code   RO         1663    .text._ZN4mbed6Stream4putcEi  BUILD/NRF52_DK/ARMC6_assist/mbed-os/platform/source/Stream.o
    0x000035b0   0x00000040   Code   RO         1675    .text._ZN4mbed6Stream4readEPvj  BUILD/NRF52_DK/ARMC6_assist/mbed-os/platform/source/Stream.o
    0x000035f0   0x00000004   Code   RO         1677    .text._ZN4mbed6Stream4seekEli  BUILD/NRF52_DK/ARMC6_assist/mbed-os/platform/source/Stream.o
    0x000035f4   0x00000004   Code   RO         1687    .text._ZN4mbed6Stream4sizeEv  BUILD/NRF52_DK/ARMC6_assist/mbed-os/platform/source/Stream.o
    0x000035f8   0x00000004   Code   RO         1685    .text._ZN4mbed6Stream4syncEv  BUILD/NRF52_DK/ARMC6_assist/mbed-os/platform/source/Stream.o
    0x000035fc   0x00000004   Code   RO         1679    .text._ZN4mbed6Stream4tellEv  BUILD/NRF52_DK/ARMC6_assist/mbed-os/platform/source/Stream.o
    0x00003600   0x00000004   Code   RO         1671    .text._ZN4mbed6Stream5closeEv  BUILD/NRF52_DK/ARMC6_assist/mbed-os/platform/source/Stream.o
    0x00003604   0x00000042   Code   RO         1673    .text._ZN4mbed6Stream5writeEPKvj  BUILD/NRF52_DK/ARMC6_assist/mbed-os/platform/source/Stream.o
    0x00003646   0x00000004   Code   RO         1683    .text._ZN4mbed6Stream6isattyEv  BUILD/NRF52_DK/ARMC6_assist/mbed-os/platform/source/Stream.o
    0x0000364a   0x00000044   Code   RO         1689    .text._ZN4mbed6Stream6printfEPKcz  BUILD/NRF52_DK/ARMC6_assist/mbed-os/platform/source/Stream.o
    0x0000368e   0x00000002   Code   RO         1681    .text._ZN4mbed6Stream6rewindEv  BUILD/NRF52_DK/ARMC6_assist/mbed-os/platform/source/Stream.o
    0x00003690   0x00000002   Code   RO         1701    .text._ZN4mbed6Stream6unlockEv  BUILD/NRF52_DK/ARMC6_assist/mbed-os/platform/source/Stream.o
    0x00003692   0x00000002   PAD
    0x00003694   0x00000074   Code   RO         1653    .text._ZN4mbed6StreamC2EPKc  BUILD/NRF52_DK/ARMC6_assist/mbed-os/platform/source/Stream.o
    0x00003708   0x00000002   Code   RO         1659    .text._ZN4mbed6StreamD0Ev  BUILD/NRF52_DK/ARMC6_assist/mbed-os/platform/source/Stream.o
    0x0000370a   0x0000002c   Code   RO         1655    .text._ZN4mbed6StreamD2Ev  BUILD/NRF52_DK/ARMC6_assist/mbed-os/platform/source/Stream.o
    0x00003736   0x00000030   Code   RO          673    .text._ZN4mbed6Ticker5setupEy  BUILD/NRF52_DK/ARMC6_assist/mbed-os/drivers/source/Ticker.o
    0x00003766   0x00000046   Code   RO          671    .text._ZN4mbed6Ticker6detachEv  BUILD/NRF52_DK/ARMC6_assist/mbed-os/drivers/source/Ticker.o
    0x000037ac   0x00000028   Code   RO          675    .text._ZN4mbed6Ticker7handlerEv  BUILD/NRF52_DK/ARMC6_assist/mbed-os/drivers/source/Ticker.o
    0x000037d4   0x0000003c   Code   RO          677    .text._ZN4mbed6Ticker9attach_usENS_8CallbackIFvvEEEy  BUILD/NRF52_DK/ARMC6_assist/mbed-os/drivers/source/Ticker.o
    0x00003810   0x00000028   Code   RO          667    .text._ZN4mbed6TickerC2Ev  BUILD/NRF52_DK/ARMC6_assist/mbed-os/drivers/source/Ticker.o
    0x00003838   0x0000000e   Code   RO          681    .text._ZN4mbed6TickerD0Ev  BUILD/NRF52_DK/ARMC6_assist/mbed-os/drivers/source/Ticker.o
    0x00003846   0x0000002c   Code   RO           24    .text._ZN4mbed6TickerD2Ev  BUILD/NRF52_DK/ARMC6_assist/main.o
    0x00003872   0x00000044   Code   RO         2166    .text._ZN4mbed6fdopenEPNS_10FileHandleEPKc  BUILD/NRF52_DK/ARMC6_assist/mbed-os/platform/source/mbed_retarget.o
    0x000038b6   0x00000014   Code   RO         3569    .text._ZN4mbed8CallbackIFvvEE13function_callINS2_14method_contextI12nBlock_BlinkMS5_FvvEEEEEvPKv  BUILD/NRF52_DK/ARMC6_assist/nlib/Blink/blink.o
    0x000038ca   0x00000014   Code   RO         3616    .text._ZN4mbed8CallbackIFvvEE13function_callINS2_14method_contextI13nBlock_TickerMS5_FvvEEEEEvPKv  BUILD/NRF52_DK/ARMC6_assist/nlib/Ticker/ticker.o
    0x000038de   0x00000004   Code   RO          307    .text._ZN4mbed8CallbackIFvvEE13function_callIPS1_EEvPKv  BUILD/NRF52_DK/ARMC6_assist/mbed-os/drivers/source/InterruptManager.o
    0x000038e2   0x00000002   Code   RO         3573    .text._ZN4mbed8CallbackIFvvEE13function_dtorINS2_14method_contextI12nBlock_BlinkMS5_FvvEEEEEvPv  BUILD/NRF52_DK/ARMC6_assist/nlib/Blink/blink.o
    0x000038e4   0x00000002   Code   RO         3620    .text._ZN4mbed8CallbackIFvvEE13function_dtorINS2_14method_contextI13nBlock_TickerMS5_FvvEEEEEvPv  BUILD/NRF52_DK/ARMC6_assist/nlib/Ticker/ticker.o
    0x000038e6   0x00000002   Code   RO          311    .text._ZN4mbed8CallbackIFvvEE13function_dtorIPS1_EEvPv  BUILD/NRF52_DK/ARMC6_assist/mbed-os/drivers/source/InterruptManager.o
    0x000038e8   0x0000000e   Code   RO         3571    .text._ZN4mbed8CallbackIFvvEE13function_moveINS2_14method_contextI12nBlock_BlinkMS5_FvvEEEEEvPvPKv  BUILD/NRF52_DK/ARMC6_assist/nlib/Blink/blink.o
    0x000038f6   0x0000000e   Code   RO         3618    .text._ZN4mbed8CallbackIFvvEE13function_moveINS2_14method_contextI13nBlock_TickerMS5_FvvEEEEEvPvPKv  BUILD/NRF52_DK/ARMC6_assist/nlib/Ticker/ticker.o
    0x00003904   0x00000006   Code   RO          309    .text._ZN4mbed8CallbackIFvvEE13function_moveIPS1_EEvPvPKv  BUILD/NRF52_DK/ARMC6_assist/mbed-os/drivers/source/InterruptManager.o
    0x0000390a   0x00000032   Code   RO          278    .text._ZN4mbed8CallbackIFvvEEaSERKS2_  BUILD/NRF52_DK/ARMC6_assist/mbed-os/drivers/source/InterruptIn.o
    0x0000393c   0x00000004   Code   RO         1584    .text._ZN4mbed8FileBase11getPathTypeEv  BUILD/NRF52_DK/ARMC6_assist/mbed-os/platform/source/FileBase.o
    0x00003940   0x00000094   Code   RO         1590    .text._ZN4mbed8FileBase6lookupEPKcj  BUILD/NRF52_DK/ARMC6_assist/mbed-os/platform/source/FileBase.o
    0x000039d4   0x0000004a   Code   RO         1580    .text._ZN4mbed8FileBaseC2EPKcNS_8PathTypeE  BUILD/NRF52_DK/ARMC6_assist/mbed-os/platform/source/FileBase.o
    0x00003a1e   0x0000000e   Code   RO         1586    .text._ZN4mbed8FileBaseD0Ev  BUILD/NRF52_DK/ARMC6_assist/mbed-os/platform/source/FileBase.o
    0x00003a2c   0x0000006e   Code   RO         1582    .text._ZN4mbed8FileBaseD2Ev  BUILD/NRF52_DK/ARMC6_assist/mbed-os/platform/source/FileBase.o
    0x00003a9a   0x0000001e   Code   RO         1622    .text._ZN4mbed8FilePath10fileSystemEv  BUILD/NRF52_DK/ARMC6_assist/mbed-os/platform/source/FilePath.o
    0x00003ab8   0x0000001c   Code   RO         1626    .text._ZN4mbed8FilePath4fileEv  BUILD/NRF52_DK/ARMC6_assist/mbed-os/platform/source/FilePath.o
    0x00003ad4   0x0000000a   Code   RO         1628    .text._ZN4mbed8FilePath6existsEv  BUILD/NRF52_DK/ARMC6_assist/mbed-os/platform/source/FilePath.o
    0x00003ade   0x00000016   Code   RO         1624    .text._ZN4mbed8FilePath6isFileEv  BUILD/NRF52_DK/ARMC6_assist/mbed-os/platform/source/FilePath.o
    0x00003af4   0x00000004   Code   RO         1618    .text._ZN4mbed8FilePath8fileNameEv  BUILD/NRF52_DK/ARMC6_assist/mbed-os/platform/source/FilePath.o
    0x00003af8   0x0000005c   Code   RO         1616    .text._ZN4mbed8FilePathC2EPKc  BUILD/NRF52_DK/ARMC6_assist/mbed-os/platform/source/FilePath.o
    0x00003b54   0x0000002a   Code   RO          656    .text._ZN6CThunkIN4mbed10SerialBaseEE10trampolineEP10CThunkBase  BUILD/NRF52_DK/ARMC6_assist/mbed-os/drivers/source/SerialBase.o
    0x00003b7e   0x0000003a   Code   RO         2144    .text._ZNK12DirectSerial4pollEs  BUILD/NRF52_DK/ARMC6_assist/mbed-os/platform/source/mbed_retarget.o
    0x00003bb8   0x00000030   Code   RO         2366    .text._ZNK12SingletonPtrI13PlatformMutexE3getEv  BUILD/NRF52_DK/ARMC6_assist/mbed-os/platform/source/mbed_rtc_time.o
    0x00003be8   0x00000004   Code   RO          568    .text._ZNK4mbed10FileHandle11is_blockingEv  BUILD/NRF52_DK/ARMC6_assist/mbed-os/drivers/source/Serial.o
    0x00003bec   0x00000004   Code   RO          574    .text._ZNK4mbed10FileHandle4pollEs  BUILD/NRF52_DK/ARMC6_assist/mbed-os/drivers/source/Serial.o
    0x00003bf0   0x00000002   Code   RO          542    .text._ZThn252_N4mbed6Serial4lockEv  BUILD/NRF52_DK/ARMC6_assist/mbed-os/drivers/source/Serial.o
    0x00003bf2   0x00000006   Code   RO          534    .text._ZThn252_N4mbed6Serial5_getcEv  BUILD/NRF52_DK/ARMC6_assist/mbed-os/drivers/source/Serial.o
    0x00003bf8   0x00000006   Code   RO          538    .text._ZThn252_N4mbed6Serial5_putcEi  BUILD/NRF52_DK/ARMC6_assist/mbed-os/drivers/source/Serial.o
    0x00003bfe   0x00000002   Code   RO          546    .text._ZThn252_N4mbed6Serial6unlockEv  BUILD/NRF52_DK/ARMC6_assist/mbed-os/drivers/source/Serial.o
    0x00003c00   0x00000018   Code   RO          556    .text._ZThn252_N4mbed6SerialD0Ev  BUILD/NRF52_DK/ARMC6_assist/mbed-os/drivers/source/Serial.o
    0x00003c18   0x00000014   Code   RO          554    .text._ZThn252_N4mbed6SerialD1Ev  BUILD/NRF52_DK/ARMC6_assist/mbed-os/drivers/source/Serial.o
    0x00003c2c   0x0000001a   Code   RO          580    .text._ZThn256_N4mbed6SerialD0Ev  BUILD/NRF52_DK/ARMC6_assist/mbed-os/drivers/source/Serial.o
    0x00003c46   0x00000016   Code   RO          578    .text._ZThn256_N4mbed6SerialD1Ev  BUILD/NRF52_DK/ARMC6_assist/mbed-os/drivers/source/Serial.o
    0x00003c5c   0x00000002   Code   RO         1661    .text._ZThn4_N4mbed6StreamD0Ev  BUILD/NRF52_DK/ARMC6_assist/mbed-os/platform/source/Stream.o
    0x00003c5e   0x0000002a   Code   RO         1657    .text._ZThn4_N4mbed6StreamD1Ev  BUILD/NRF52_DK/ARMC6_assist/mbed-os/platform/source/Stream.o
    0x00003c88   0x00000004   Code   RO         2280    .text._ZdlPv        BUILD/NRF52_DK/ARMC6_assist/mbed-os/platform/source/mbed_retarget.o
    0x00003c8c   0x00000024   Code   RO         2452    .text.__NVIC_SystemReset  BUILD/NRF52_DK/ARMC6_assist/mbed-os/targets/TARGET_NORDIC/TARGET_NRF5x/TARGET_NRF52/TARGET_MCU_NRF52832/device/system_nrf52.o
    0x00003cb0   0x00000004   Code   RO         2246    .text.__cxa_atexit  BUILD/NRF52_DK/ARMC6_assist/mbed-os/platform/source/mbed_retarget.o
    0x00003cb4   0x00000058   Code   RO         2266    .text.__cxa_guard_acquire  BUILD/NRF52_DK/ARMC6_assist/mbed-os/platform/source/mbed_retarget.o
    0x00003d0c   0x0000002e   Code   RO         2268    .text.__cxa_guard_release  BUILD/NRF52_DK/ARMC6_assist/mbed-os/platform/source/mbed_retarget.o
    0x00003d3a   0x00000002   PAD
    0x00003d3c   0x00000028   Code   RO         3951    .text.__cxa_pure_virtual  C:\Users\nikolaos.chalikias\AppData\Local\Mbed Studio\mbed-studio-tools\ac6\bin\..\lib\libcxx\libcppabi_w.l(cxa_virtual.cpp.o)
    0x00003d64   0x00000004   Code   RO         2379    .text._platform_post_stackheap_init  BUILD/NRF52_DK/ARMC6_assist/mbed-os/platform/source/mbed_sdk_boot.o
    0x00003d68   0x00000004   Code   RO         2172    .text._sys_close    BUILD/NRF52_DK/ARMC6_assist/mbed-os/platform/source/mbed_retarget.o
    0x00003d6c   0x00000002   Code   RO         2180    .text._sys_exit     BUILD/NRF52_DK/ARMC6_assist/mbed-os/platform/source/mbed_retarget.o
    0x00003d6e   0x00000028   Code   RO         2200    .text._sys_flen     BUILD/NRF52_DK/ARMC6_assist/mbed-os/platform/source/mbed_retarget.o
    0x00003d96   0x00000004   Code   RO         2188    .text._sys_istty    BUILD/NRF52_DK/ARMC6_assist/mbed-os/platform/source/mbed_retarget.o
    0x00003d9a   0x0000008a   Code   RO         2168    .text._sys_open     BUILD/NRF52_DK/ARMC6_assist/mbed-os/platform/source/mbed_retarget.o
    0x00003e24   0x0000002a   Code   RO         2184    .text._sys_read     BUILD/NRF52_DK/ARMC6_assist/mbed-os/platform/source/mbed_retarget.o
    0x00003e4e   0x00000006   Code   RO         2190    .text._sys_seek     BUILD/NRF52_DK/ARMC6_assist/mbed-os/platform/source/mbed_retarget.o
    0x00003e54   0x0000002c   Code   RO         2176    .text._sys_write    BUILD/NRF52_DK/ARMC6_assist/mbed-os/platform/source/mbed_retarget.o
    0x00003e80   0x00000018   Code   RO         2182    .text._ttywrch      BUILD/NRF52_DK/ARMC6_assist/mbed-os/platform/source/mbed_retarget.o
    0x00003e98   0x00000004   Code   RO         4131    .text.abort_message  C:\Users\nikolaos.chalikias\AppData\Local\Mbed Studio\mbed-studio-tools\ac6\bin\..\lib\libcxx\libcppabi_w.l(abort_message.cpp.o)
    0x00003e9c   0x00000004   Code   RO         3130    .text.app_util_critical_region_enter  BUILD/NRF52_DK/ARMC6_assist/mbed-os/targets/TARGET_NORDIC/TARGET_NRF5x/TARGET_SDK_15_0/components/libraries/util/app_util_platform.o
    0x00003ea0   0x00000004   Code   RO         3132    .text.app_util_critical_region_exit  BUILD/NRF52_DK/ARMC6_assist/mbed-os/targets/TARGET_NORDIC/TARGET_NRF5x/TARGET_SDK_15_0/components/libraries/util/app_util_platform.o
    0x00003ea4   0x0000003a   Code   RO         2174    .text.close         BUILD/NRF52_DK/ARMC6_assist/mbed-os/platform/source/mbed_retarget.o
    0x00003ede   0x0000000c   Code   RO         1988    .text.core_util_are_interrupts_enabled  BUILD/NRF52_DK/ARMC6_assist/mbed-os/platform/source/mbed_critical.o
    0x00003eea   0x00000002   PAD
    0x00003eec   0x0000005c   Code   RO         1994    .text.core_util_critical_section_enter  BUILD/NRF52_DK/ARMC6_assist/mbed-os/platform/source/mbed_critical.o
    0x00003f48   0x00000018   Code   RO         1996    .text.core_util_critical_section_exit  BUILD/NRF52_DK/ARMC6_assist/mbed-os/platform/source/mbed_critical.o
    0x00003f60   0x0000000c   Code   RO         1990    .text.core_util_is_isr_active  BUILD/NRF52_DK/ARMC6_assist/mbed-os/platform/source/mbed_critical.o
    0x00003f6c   0x0000000a   Code   RO         2242    .text.exit          BUILD/NRF52_DK/ARMC6_assist/mbed-os/platform/source/mbed_retarget.o
    0x00003f76   0x00000030   Code   RO         2160    .text.fdopen        BUILD/NRF52_DK/ARMC6_assist/mbed-os/platform/source/mbed_retarget.o
    0x00003fa6   0x00000006   Code   RO         2968    .text.fs_event_handler  BUILD/NRF52_DK/ARMC6_assist/mbed-os/targets/TARGET_NORDIC/TARGET_NRF5x/TARGET_SDK_15_0/components/libraries/fds/fds.o
    0x00003fac   0x00000048   Code   RO         3022    .text.gc_page_erase  BUILD/NRF52_DK/ARMC6_assist/mbed-os/targets/TARGET_NORDIC/TARGET_NRF5x/TARGET_SDK_15_0/components/libraries/fds/fds.o
    0x00003ff4   0x00000052   Code   RO         3020    .text.gc_record_find_next  BUILD/NRF52_DK/ARMC6_assist/mbed-os/targets/TARGET_NORDIC/TARGET_NRF5x/TARGET_SDK_15_0/components/libraries/fds/fds.o
    0x00004046   0x0000000a   Code   RO         1427    .text.get_us_ticker_data  BUILD/NRF52_DK/ARMC6_assist/mbed-os/hal/mbed_us_ticker_api.o
    0x00004050   0x000000e6   Code   RO         2525    .text.gpio_apply_config  BUILD/NRF52_DK/ARMC6_assist/mbed-os/targets/TARGET_NORDIC/TARGET_NRF5x/TARGET_NRF52/gpio_api.o
    0x00004136   0x0000004a   Code   RO         2527    .text.gpio_dir      BUILD/NRF52_DK/ARMC6_assist/mbed-os/targets/TARGET_NORDIC/TARGET_NRF5x/TARGET_NRF52/gpio_api.o
    0x00004180   0x00000050   Code   RO         2515    .text.gpio_init     BUILD/NRF52_DK/ARMC6_assist/mbed-os/targets/TARGET_NORDIC/TARGET_NRF5x/TARGET_NRF52/gpio_api.o
    0x000041d0   0x00000006   Code   RO         1329    .text.gpio_init_out  BUILD/NRF52_DK/ARMC6_assist/mbed-os/hal/mbed_gpio.o
    0x000041d6   0x00000058   Code   RO         1331    .text.gpio_init_out_ex  BUILD/NRF52_DK/ARMC6_assist/mbed-os/hal/mbed_gpio.o
    0x0000422e   0x0000004a   Code   RO         2521    .text.gpio_mode     BUILD/NRF52_DK/ARMC6_assist/mbed-os/targets/TARGET_NORDIC/TARGET_NRF5x/TARGET_NRF52/gpio_api.o
    0x00004278   0x00000044   Code   RO         2517    .text.gpio_read     BUILD/NRF52_DK/ARMC6_assist/mbed-os/targets/TARGET_NORDIC/TARGET_NRF5x/TARGET_NRF52/gpio_api.o
    0x000042bc   0x00000062   Code   RO         2539    .text.gpiote_irq_handler  BUILD/NRF52_DK/ARMC6_assist/mbed-os/targets/TARGET_NORDIC/TARGET_NRF5x/TARGET_NRF52/gpio_api.o
    0x0000431e   0x00000032   Code   RO         2523    .text.gpiote_pin_uninit  BUILD/NRF52_DK/ARMC6_assist/mbed-os/targets/TARGET_NORDIC/TARGET_NRF5x/TARGET_NRF52/gpio_api.o
    0x00004350   0x0000001a   Code   RO         2484    .text.hal_critical_section_enter  BUILD/NRF52_DK/ARMC6_assist/mbed-os/targets/TARGET_NORDIC/TARGET_NRF5x/TARGET_NRF52/critical_section_api.o
    0x0000436a   0x00000012   Code   RO         2486    .text.hal_critical_section_exit  BUILD/NRF52_DK/ARMC6_assist/mbed-os/targets/TARGET_NORDIC/TARGET_NRF5x/TARGET_NRF52/critical_section_api.o
    0x0000437c   0x000000ea   Code   RO         2004    .text.handle_error  BUILD/NRF52_DK/ARMC6_assist/mbed-os/platform/source/mbed_error.o
    0x00004466   0x00000002   PAD
    0x00004468   0x00000150   Code   RO         1400    .text.initialize    BUILD/NRF52_DK/ARMC6_assist/mbed-os/hal/mbed_ticker_api.o
    0x000045b8   0x00000026   Code   RO         2162    .text.isatty        BUILD/NRF52_DK/ARMC6_assist/mbed-os/platform/source/mbed_retarget.o
    0x000045de   0x00000030   Code   RO         2192    .text.lseek         BUILD/NRF52_DK/ARMC6_assist/mbed-os/platform/source/mbed_retarget.o
    0x0000460e   0x00000002   PAD
    0x00004610   0x0000000a   Code   RO            3    .text.main          BUILD/NRF52_DK/ARMC6_assist/main.o
    0x0000461a   0x0000001a   Code   RO         1875    .text.mbed_assert_internal  BUILD/NRF52_DK/ARMC6_assist/mbed-os/platform/source/mbed_assert.o
    0x00004634   0x000000a2   Code   RO         1975    .text.mbed_die      BUILD/NRF52_DK/ARMC6_assist/mbed-os/platform/source/mbed_board.o
    0x000046d6   0x00000032   Code   RO         2024    .text.mbed_error    BUILD/NRF52_DK/ARMC6_assist/mbed-os/platform/source/mbed_error.o
    0x00004708   0x00000020   Code   RO         1977    .text.mbed_error_printf  BUILD/NRF52_DK/ARMC6_assist/mbed-os/platform/source/mbed_board.o
    0x00004728   0x0000002a   Code   RO         1981    .text.mbed_error_puts  BUILD/NRF52_DK/ARMC6_assist/mbed-os/platform/source/mbed_board.o
    0x00004752   0x00000034   Code   RO         1979    .text.mbed_error_vprintf  BUILD/NRF52_DK/ARMC6_assist/mbed-os/platform/source/mbed_board.o
    0x00004786   0x00000002   PAD
    0x00004788   0x000000fc   Code   RO         1856    .text.mbed_fault_handler  BUILD/NRF52_DK/ARMC6_assist/mbed-os/platform/source/TARGET_CORTEX_M/mbed_fault_handler.o
    0x00004884   0x0000003e   Code   RO         2008    .text.mbed_halt_system  BUILD/NRF52_DK/ARMC6_assist/mbed-os/platform/source/mbed_error.o
    0x000048c2   0x00000002   Code   RO         2369    .text.mbed_main     BUILD/NRF52_DK/ARMC6_assist/mbed-os/platform/source/mbed_sdk_boot.o
    0x000048c4   0x00000050   Code   RO         2650    .text.mbed_sdk_init  BUILD/NRF52_DK/ARMC6_assist/mbed-os/targets/TARGET_NORDIC/TARGET_NRF5x/TARGET_NRF52/reloc_vector_table.o
    0x00004914   0x00000106   Code   RO         2662    .text.nordic_nrf5_serial_configure  BUILD/NRF52_DK/ARMC6_assist/mbed-os/targets/TARGET_NORDIC/TARGET_NRF5x/TARGET_NRF52/serial_api.o
    0x00004a1a   0x00000002   PAD
    0x00004a1c   0x00000148   Code   RO         2660    .text.nordic_nrf5_uart0_handler  BUILD/NRF52_DK/ARMC6_assist/mbed-os/targets/TARGET_NORDIC/TARGET_NRF5x/TARGET_NRF52/serial_api.o
    0x00004b64   0x000001c0   Code   RO         2674    .text.nordic_nrf5_uart_configure_object  BUILD/NRF52_DK/ARMC6_assist/mbed-os/targets/TARGET_NORDIC/TARGET_NRF5x/TARGET_NRF52/serial_api.o
    0x00004d24   0x0000006e   Code   RO         2716    .text.nordic_nrf5_uart_configure_rx  BUILD/NRF52_DK/ARMC6_assist/mbed-os/targets/TARGET_NORDIC/TARGET_NRF5x/TARGET_NRF52/serial_api.o
    0x00004d92   0x00000082   Code   RO         2658    .text.nordic_nrf5_uart_swi0  BUILD/NRF52_DK/ARMC6_assist/mbed-os/targets/TARGET_NORDIC/TARGET_NRF5x/TARGET_NRF52/serial_api.o
    0x00004e14   0x00000010   Code   RO         1435    .text.note_us_ticker_free  BUILD/NRF52_DK/ARMC6_assist/mbed-os/hal/mbed_us_ticker_api.o
    0x00004e24   0x00000014   Code   RO         1433    .text.note_us_ticker_init  BUILD/NRF52_DK/ARMC6_assist/mbed-os/hal/mbed_us_ticker_api.o
    0x00004e38   0x00000046   Code   RO         2913    .text.nrf_atfifo_clear  BUILD/NRF52_DK/ARMC6_assist/mbed-os/targets/TARGET_NORDIC/TARGET_NRF5x/TARGET_SDK_15_0/components/libraries/atomic_fifo/nrf_atfifo.o
    0x00004e7e   0x0000002a   Code   RO         2911    .text.nrf_atfifo_init  BUILD/NRF52_DK/ARMC6_assist/mbed-os/targets/TARGET_NORDIC/TARGET_NRF5x/TARGET_SDK_15_0/components/libraries/atomic_fifo/nrf_atfifo.o
    0x00004ea8   0x00000058   Code   RO         2917    .text.nrf_atfifo_item_alloc  BUILD/NRF52_DK/ARMC6_assist/mbed-os/targets/TARGET_NORDIC/TARGET_NRF5x/TARGET_SDK_15_0/components/libraries/atomic_fifo/nrf_atfifo.o
    0x00004f00   0x00000020   Code   RO         2925    .text.nrf_atfifo_item_free  BUILD/NRF52_DK/ARMC6_assist/mbed-os/targets/TARGET_NORDIC/TARGET_NRF5x/TARGET_SDK_15_0/components/libraries/atomic_fifo/nrf_atfifo.o
    0x00004f20   0x00000058   Code   RO         2923    .text.nrf_atfifo_item_get  BUILD/NRF52_DK/ARMC6_assist/mbed-os/targets/TARGET_NORDIC/TARGET_NRF5x/TARGET_SDK_15_0/components/libraries/atomic_fifo/nrf_atfifo.o
    0x00004f78   0x00000020   Code   RO         2919    .text.nrf_atfifo_item_put  BUILD/NRF52_DK/ARMC6_assist/mbed-os/targets/TARGET_NORDIC/TARGET_NRF5x/TARGET_SDK_15_0/components/libraries/atomic_fifo/nrf_atfifo.o
    0x00004f98   0x00000016   Code   RO         2893    .text.nrf_atomic_u32_sub  BUILD/NRF52_DK/ARMC6_assist/mbed-os/targets/TARGET_NORDIC/TARGET_NRF5x/TARGET_SDK_15_0/components/libraries/atomic/nrf_atomic.o
    0x00004fae   0x0000004e   Code   RO         3057    .text.nrf_fstorage_erase  BUILD/NRF52_DK/ARMC6_assist/mbed-os/targets/TARGET_NORDIC/TARGET_NRF5x/TARGET_SDK_15_0/components/libraries/fstorage/nrf_fstorage.o
    0x00004ffc   0x00000064   Code   RO         3055    .text.nrf_fstorage_write  BUILD/NRF52_DK/ARMC6_assist/mbed-os/targets/TARGET_NORDIC/TARGET_NRF5x/TARGET_SDK_15_0/components/libraries/fstorage/nrf_fstorage.o
    0x00005060   0x00000026   Code   RO         2648    .text.nrf_reloc_vector_table  BUILD/NRF52_DK/ARMC6_assist/mbed-os/targets/TARGET_NORDIC/TARGET_NRF5x/TARGET_NRF52/reloc_vector_table.o
    0x00005086   0x00000024   Code   RO         3239    .text.nrfx_gpiote_clr_task_trigger  BUILD/NRF52_DK/ARMC6_assist/mbed-os/targets/TARGET_NORDIC/TARGET_NRF5x/TARGET_SDK_15_0/modules/nrfx/drivers/src/nrfx_gpiote.o
    0x000050aa   0x000000a8   Code   RO         3243    .text.nrfx_gpiote_in_event_enable  BUILD/NRF52_DK/ARMC6_assist/mbed-os/targets/TARGET_NORDIC/TARGET_NRF5x/TARGET_SDK_15_0/modules/nrfx/drivers/src/nrfx_gpiote.o
    0x00005152   0x00000002   PAD
    0x00005154   0x000000ec   Code   RO         3241    .text.nrfx_gpiote_in_init  BUILD/NRF52_DK/ARMC6_assist/mbed-os/targets/TARGET_NORDIC/TARGET_NRF5x/TARGET_SDK_15_0/modules/nrfx/drivers/src/nrfx_gpiote.o
    0x00005240   0x000000b0   Code   RO         3213    .text.nrfx_gpiote_in_uninit  BUILD/NRF52_DK/ARMC6_assist/mbed-os/targets/TARGET_NORDIC/TARGET_NRF5x/TARGET_SDK_15_0/modules/nrfx/drivers/src/nrfx_gpiote.o
    0x000052f0   0x00000082   Code   RO         3205    .text.nrfx_gpiote_init  BUILD/NRF52_DK/ARMC6_assist/mbed-os/targets/TARGET_NORDIC/TARGET_NRF5x/TARGET_SDK_15_0/modules/nrfx/drivers/src/nrfx_gpiote.o
    0x00005372   0x00000014   Code   RO         3207    .text.nrfx_gpiote_is_init  BUILD/NRF52_DK/ARMC6_assist/mbed-os/targets/TARGET_NORDIC/TARGET_NRF5x/TARGET_SDK_15_0/modules/nrfx/drivers/src/nrfx_gpiote.o
    0x00005386   0x00000002   PAD
    0x00005388   0x000000ca   Code   RO         3215    .text.nrfx_gpiote_out_init  BUILD/NRF52_DK/ARMC6_assist/mbed-os/targets/TARGET_NORDIC/TARGET_NRF5x/TARGET_SDK_15_0/modules/nrfx/drivers/src/nrfx_gpiote.o
    0x00005452   0x0000001c   Code   RO         3227    .text.nrfx_gpiote_out_task_addr_get  BUILD/NRF52_DK/ARMC6_assist/mbed-os/targets/TARGET_NORDIC/TARGET_NRF5x/TARGET_SDK_15_0/modules/nrfx/drivers/src/nrfx_gpiote.o
    0x0000546e   0x00000024   Code   RO         3223    .text.nrfx_gpiote_out_task_enable  BUILD/NRF52_DK/ARMC6_assist/mbed-os/targets/TARGET_NORDIC/TARGET_NRF5x/TARGET_SDK_15_0/modules/nrfx/drivers/src/nrfx_gpiote.o
    0x00005492   0x00000064   Code   RO         3211    .text.nrfx_gpiote_out_uninit  BUILD/NRF52_DK/ARMC6_assist/mbed-os/targets/TARGET_NORDIC/TARGET_NRF5x/TARGET_SDK_15_0/modules/nrfx/drivers/src/nrfx_gpiote.o
    0x000054f6   0x00000002   PAD
    0x000054f8   0x00000062   Code   RO         3263    .text.nrfx_ppi_channel_alloc  BUILD/NRF52_DK/ARMC6_assist/mbed-os/targets/TARGET_NORDIC/TARGET_NRF5x/TARGET_SDK_15_0/modules/nrfx/drivers/src/nrfx_ppi.o
    0x0000555a   0x0000003c   Code   RO         3267    .text.nrfx_ppi_channel_assign  BUILD/NRF52_DK/ARMC6_assist/mbed-os/targets/TARGET_NORDIC/TARGET_NRF5x/TARGET_SDK_15_0/modules/nrfx/drivers/src/nrfx_ppi.o
    0x00005596   0x00000032   Code   RO         3273    .text.nrfx_ppi_channel_disable  BUILD/NRF52_DK/ARMC6_assist/mbed-os/targets/TARGET_NORDIC/TARGET_NRF5x/TARGET_SDK_15_0/modules/nrfx/drivers/src/nrfx_ppi.o
    0x000055c8   0x00000032   Code   RO         3271    .text.nrfx_ppi_channel_enable  BUILD/NRF52_DK/ARMC6_assist/mbed-os/targets/TARGET_NORDIC/TARGET_NRF5x/TARGET_SDK_15_0/modules/nrfx/drivers/src/nrfx_ppi.o
    0x000055fa   0x000000a6   Code   RO         2170    .text.open          BUILD/NRF52_DK/ARMC6_assist/mbed-os/platform/source/mbed_retarget.o
    0x000056a0   0x00000082   Code   RO         2611    .text.pin_instance_uart  BUILD/NRF52_DK/ARMC6_assist/mbed-os/targets/TARGET_NORDIC/TARGET_NRF5x/TARGET_NRF52/pinmap_ex.o
    0x00005722   0x00000002   PAD
    0x00005724   0x00000170   Code   RO         1858    .text.print_context_info  BUILD/NRF52_DK/ARMC6_assist/mbed-os/platform/source/TARGET_CORTEX_M/mbed_fault_handler.o
    0x00005894   0x00000190   Code   RO         2006    .text.print_error_report  BUILD/NRF52_DK/ARMC6_assist/mbed-os/platform/source/mbed_error.o
    0x00005a24   0x00000726   Code   RO         3018    .text.queue_process  BUILD/NRF52_DK/ARMC6_assist/mbed-os/targets/TARGET_NORDIC/TARGET_NRF5x/TARGET_SDK_15_0/components/libraries/fds/fds.o
    0x0000614a   0x00000030   Code   RO         2186    .text.read          BUILD/NRF52_DK/ARMC6_assist/mbed-os/platform/source/mbed_retarget.o
    0x0000617a   0x00000002   PAD
    0x0000617c   0x00000098   Code   RO         3004    .text.record_find   BUILD/NRF52_DK/ARMC6_assist/mbed-os/targets/TARGET_NORDIC/TARGET_NRF5x/TARGET_SDK_15_0/components/libraries/fds/fds.o
    0x00006214   0x000000b8   Code   RO         2978    .text.record_find_by_desc  BUILD/NRF52_DK/ARMC6_assist/mbed-os/targets/TARGET_NORDIC/TARGET_NRF5x/TARGET_SDK_15_0/components/libraries/fds/fds.o
    0x000062cc   0x00000062   Code   RO         3024    .text.record_find_next  BUILD/NRF52_DK/ARMC6_assist/mbed-os/targets/TARGET_NORDIC/TARGET_NRF5x/TARGET_SDK_15_0/components/libraries/fds/fds.o
    0x0000632e   0x00000002   PAD
    0x00006330   0x00000144   Code   RO         1406    .text.schedule_interrupt  BUILD/NRF52_DK/ARMC6_assist/mbed-os/hal/mbed_ticker_api.o
    0x00006474   0x00000022   Code   RO         2860    .text.sd_nvic_critical_region_enter  BUILD/NRF52_DK/ARMC6_assist/mbed-os/targets/TARGET_NORDIC/TARGET_NRF5x/TARGET_SDK_15_0/TARGET_SOFTDEVICE_NONE/nrf_soc_nosd/nrf_nvic.o
    0x00006496   0x0000001c   Code   RO         2862    .text.sd_nvic_critical_region_exit  BUILD/NRF52_DK/ARMC6_assist/mbed-os/targets/TARGET_NORDIC/TARGET_NRF5x/TARGET_SDK_15_0/TARGET_SOFTDEVICE_NONE/nrf_soc_nosd/nrf_nvic.o
    0x000064b2   0x000000fe   Code   RO         2666    .text.serial_baud   BUILD/NRF52_DK/ARMC6_assist/mbed-os/targets/TARGET_NORDIC/TARGET_NRF5x/TARGET_NRF52/serial_api.o
    0x000065b0   0x00000082   Code   RO         2686    .text.serial_getc   BUILD/NRF52_DK/ARMC6_assist/mbed-os/targets/TARGET_NORDIC/TARGET_NRF5x/TARGET_NRF52/serial_api.o
    0x00006632   0x00000002   PAD
    0x00006634   0x0000019c   Code   RO         2656    .text.serial_init   BUILD/NRF52_DK/ARMC6_assist/mbed-os/targets/TARGET_NORDIC/TARGET_NRF5x/TARGET_NRF52/serial_api.o
    0x000067d0   0x0000000e   Code   RO         1454    .text.serial_init_direct  BUILD/NRF52_DK/ARMC6_assist/mbed-os/hal/static_pinmap.o
    0x000067de   0x00000022   Code   RO         2682    .text.serial_irq_handler  BUILD/NRF52_DK/ARMC6_assist/mbed-os/targets/TARGET_NORDIC/TARGET_NRF5x/TARGET_NRF52/serial_api.o
    0x00006800   0x0000003c   Code   RO         2684    .text.serial_irq_set  BUILD/NRF52_DK/ARMC6_assist/mbed-os/targets/TARGET_NORDIC/TARGET_NRF5x/TARGET_NRF52/serial_api.o
    0x0000683c   0x00000080   Code   RO         2688    .text.serial_putc   BUILD/NRF52_DK/ARMC6_assist/mbed-os/targets/TARGET_NORDIC/TARGET_NRF5x/TARGET_NRF52/serial_api.o
    0x000068bc   0x00000046   Code   RO         2690    .text.serial_readable  BUILD/NRF52_DK/ARMC6_assist/mbed-os/targets/TARGET_NORDIC/TARGET_NRF5x/TARGET_NRF52/serial_api.o
    0x00006902   0x00000048   Code   RO         2692    .text.serial_writable  BUILD/NRF52_DK/ARMC6_assist/mbed-os/targets/TARGET_NORDIC/TARGET_NRF5x/TARGET_NRF52/serial_api.o
    0x0000694a   0x00000002   PAD
    0x0000694c   0x00000060   Code   RO         2121    .text.sleep_manager_lock_deep_sleep_internal  BUILD/NRF52_DK/ARMC6_assist/mbed-os/platform/source/mbed_power_mgmt.o
    0x000069ac   0x00000064   Code   RO         2123    .text.sleep_manager_unlock_deep_sleep_internal  BUILD/NRF52_DK/ARMC6_assist/mbed-os/platform/source/mbed_power_mgmt.o
    0x00006a10   0x00000078   Code   RO         1410    .text.ticker_insert_event_us  BUILD/NRF52_DK/ARMC6_assist/mbed-os/hal/mbed_ticker_api.o
    0x00006a88   0x00000062   Code   RO         1402    .text.ticker_irq_handler  BUILD/NRF52_DK/ARMC6_assist/mbed-os/hal/mbed_ticker_api.o
    0x00006aea   0x00000008   Code   RO         1414    .text.ticker_read   BUILD/NRF52_DK/ARMC6_assist/mbed-os/hal/mbed_ticker_api.o
    0x00006af2   0x00000022   Code   RO         1416    .text.ticker_read_us  BUILD/NRF52_DK/ARMC6_assist/mbed-os/hal/mbed_ticker_api.o
    0x00006b14   0x00000036   Code   RO         1412    .text.ticker_remove_event  BUILD/NRF52_DK/ARMC6_assist/mbed-os/hal/mbed_ticker_api.o
    0x00006b4a   0x0000001a   Code   RO         1398    .text.ticker_set_handler  BUILD/NRF52_DK/ARMC6_assist/mbed-os/hal/mbed_ticker_api.o
    0x00006b64   0x000000e8   Code   RO         1404    .text.update_present_time  BUILD/NRF52_DK/ARMC6_assist/mbed-os/hal/mbed_ticker_api.o
    0x00006c4c   0x00000018   Code   RO         2812    .text.us_ticker_clear_interrupt  BUILD/NRF52_DK/ARMC6_assist/mbed-os/targets/TARGET_NORDIC/TARGET_NRF5x/TARGET_NRF52/us_ticker.o
    0x00006c64   0x00000010   Code   RO         2810    .text.us_ticker_disable_interrupt  BUILD/NRF52_DK/ARMC6_assist/mbed-os/targets/TARGET_NORDIC/TARGET_NRF5x/TARGET_NRF52/us_ticker.o
    0x00006c74   0x00000010   Code   RO         2808    .text.us_ticker_fire_interrupt  BUILD/NRF52_DK/ARMC6_assist/mbed-os/targets/TARGET_NORDIC/TARGET_NRF5x/TARGET_NRF52/us_ticker.o
    0x00006c84   0x0000003a   Code   RO         2814    .text.us_ticker_free  BUILD/NRF52_DK/ARMC6_assist/mbed-os/targets/TARGET_NORDIC/TARGET_NRF5x/TARGET_NRF52/us_ticker.o
    0x00006cbe   0x0000000a   Code   RO         2800    .text.us_ticker_get_info  BUILD/NRF52_DK/ARMC6_assist/mbed-os/targets/TARGET_NORDIC/TARGET_NRF5x/TARGET_NRF52/us_ticker.o
    0x00006cc8   0x000000a4   Code   RO         2802    .text.us_ticker_init  BUILD/NRF52_DK/ARMC6_assist/mbed-os/targets/TARGET_NORDIC/TARGET_NRF5x/TARGET_NRF52/us_ticker.o
    0x00006d6c   0x00000018   Code   RO         1431    .text.us_ticker_irq_handler  BUILD/NRF52_DK/ARMC6_assist/mbed-os/hal/mbed_us_ticker_api.o
    0x00006d84   0x00000012   Code   RO         2804    .text.us_ticker_read  BUILD/NRF52_DK/ARMC6_assist/mbed-os/targets/TARGET_NORDIC/TARGET_NRF5x/TARGET_NRF52/us_ticker.o
    0x00006d96   0x0000003a   Code   RO         2806    .text.us_ticker_set_interrupt  BUILD/NRF52_DK/ARMC6_assist/mbed-os/targets/TARGET_NORDIC/TARGET_NRF5x/TARGET_NRF52/us_ticker.o
    0x00006dd0   0x0000001e   Code   RO         2410    .text.wait_us       BUILD/NRF52_DK/ARMC6_assist/mbed-os/platform/source/mbed_wait_api_no_rtos.o
    0x00006dee   0x00000030   Code   RO         2178    .text.write         BUILD/NRF52_DK/ARMC6_assist/mbed-os/platform/source/mbed_retarget.o
    0x00006e1e   0x0000003e   Code   RO         4194    CL$$btod_d2e        C:\Users\nikolaos.chalikias\AppData\Local\Mbed Studio\mbed-studio-tools\ac6\bin\..\lib\armlib\c_w.l(btod.o)
    0x00006e5c   0x00000046   Code   RO         4196    CL$$btod_d2e_denorm_low  C:\Users\nikolaos.chalikias\AppData\Local\Mbed Studio\mbed-studio-tools\ac6\bin\..\lib\armlib\c_w.l(btod.o)
    0x00006ea2   0x00000060   Code   RO         4195    CL$$btod_d2e_norm_op1  C:\Users\nikolaos.chalikias\AppData\Local\Mbed Studio\mbed-studio-tools\ac6\bin\..\lib\armlib\c_w.l(btod.o)
    0x00006f02   0x00000338   Code   RO         4204    CL$$btod_div_common  C:\Users\nikolaos.chalikias\AppData\Local\Mbed Studio\mbed-studio-tools\ac6\bin\..\lib\armlib\c_w.l(btod.o)
    0x0000723a   0x000000dc   Code   RO         4201    CL$$btod_e2e        C:\Users\nikolaos.chalikias\AppData\Local\Mbed Studio\mbed-studio-tools\ac6\bin\..\lib\armlib\c_w.l(btod.o)
    0x00007316   0x0000002a   Code   RO         4198    CL$$btod_ediv       C:\Users\nikolaos.chalikias\AppData\Local\Mbed Studio\mbed-studio-tools\ac6\bin\..\lib\armlib\c_w.l(btod.o)
    0x00007340   0x0000002a   Code   RO         4197    CL$$btod_emul       C:\Users\nikolaos.chalikias\AppData\Local\Mbed Studio\mbed-studio-tools\ac6\bin\..\lib\armlib\c_w.l(btod.o)
    0x0000736a   0x00000244   Code   RO         4203    CL$$btod_mult_common  C:\Users\nikolaos.chalikias\AppData\Local\Mbed Studio\mbed-studio-tools\ac6\bin\..\lib\armlib\c_w.l(btod.o)
    0x000075ae   0x00000030   Code   RO         4268    i.__ARM_fpclassify  C:\Users\nikolaos.chalikias\AppData\Local\Mbed Studio\mbed-studio-tools\ac6\bin\..\lib\armlib\m_wm.l(fpclassify.o)
    0x000075de   0x0000000e   Code   RO         3822    i._is_digit         C:\Users\nikolaos.chalikias\AppData\Local\Mbed Studio\mbed-studio-tools\ac6\bin\..\lib\armlib\c_w.l(__printf_wp.o)
    0x000075ec   0x00000018   Code   RO         3858    i.fgetc             C:\Users\nikolaos.chalikias\AppData\Local\Mbed Studio\mbed-studio-tools\ac6\bin\..\lib\armlib\c_w.l(fgetc.o)
    0x00007604   0x0000001a   Code   RO         3864    i.fputc             C:\Users\nikolaos.chalikias\AppData\Local\Mbed Studio\mbed-studio-tools\ac6\bin\..\lib\armlib\c_w.l(fputc.o)
    0x0000761e   0x00000002   PAD
    0x00007620   0x0000002c   Code   RO         4249    locale$$code        C:\Users\nikolaos.chalikias\AppData\Local\Mbed Studio\mbed-studio-tools\ac6\bin\..\lib\armlib\c_w.l(lc_numeric_c.o)
    0x0000764c   0x0000002c   Code   RO         4284    locale$$code        C:\Users\nikolaos.chalikias\AppData\Local\Mbed Studio\mbed-studio-tools\ac6\bin\..\lib\armlib\c_w.l(lc_ctype_c.o)
    0x00007678   0x00000062   Code   RO         3924    x$fpl$d2f           C:\Users\nikolaos.chalikias\AppData\Local\Mbed Studio\mbed-studio-tools\ac6\bin\..\lib\armlib\fz_wm.l(d2f.o)
    0x000076da   0x00000026   Code   RO         3926    x$fpl$dfltu         C:\Users\nikolaos.chalikias\AppData\Local\Mbed Studio\mbed-studio-tools\ac6\bin\..\lib\armlib\fz_wm.l(dflt_clz.o)
    0x00007700   0x00000154   Code   RO         3932    x$fpl$dmul          C:\Users\nikolaos.chalikias\AppData\Local\Mbed Studio\mbed-studio-tools\ac6\bin\..\lib\armlib\fz_wm.l(dmul.o)
    0x00007854   0x0000009c   Code   RO         4119    x$fpl$dnaninf       C:\Users\nikolaos.chalikias\AppData\Local\Mbed Studio\mbed-studio-tools\ac6\bin\..\lib\armlib\fz_wm.l(dnaninf.o)
    0x000078f0   0x0000000c   Code   RO         4121    x$fpl$dretinf       C:\Users\nikolaos.chalikias\AppData\Local\Mbed Studio\mbed-studio-tools\ac6\bin\..\lib\armlib\fz_wm.l(dretinf.o)
    0x000078fc   0x00000056   Code   RO         3934    x$fpl$f2d           C:\Users\nikolaos.chalikias\AppData\Local\Mbed Studio\mbed-studio-tools\ac6\bin\..\lib\armlib\fz_wm.l(f2d.o)
    0x00007952   0x0000008c   Code   RO         4123    x$fpl$fnaninf       C:\Users\nikolaos.chalikias\AppData\Local\Mbed Studio\mbed-studio-tools\ac6\bin\..\lib\armlib\fz_wm.l(fnaninf.o)
    0x000079de   0x0000001a   Code   RO         4264    x$fpl$fpinit        C:\Users\nikolaos.chalikias\AppData\Local\Mbed Studio\mbed-studio-tools\ac6\bin\..\lib\armlib\fz_wm.l(fpinit.o)
    0x000079f8   0x0000000a   Code   RO         4125    x$fpl$fretinf       C:\Users\nikolaos.chalikias\AppData\Local\Mbed Studio\mbed-studio-tools\ac6\bin\..\lib\armlib\fz_wm.l(fretinf.o)
    0x00007a02   0x00000002   PAD
    0x00007a04   0x0000005c   Code   RO         3936    x$fpl$llufromf      C:\Users\nikolaos.chalikias\AppData\Local\Mbed Studio\mbed-studio-tools\ac6\bin\..\lib\armlib\fz_wm.l(ffixull.o)
    0x00007a60   0x00000004   Code   RO         3942    x$fpl$printf1       C:\Users\nikolaos.chalikias\AppData\Local\Mbed Studio\mbed-studio-tools\ac6\bin\..\lib\armlib\fz_wm.l(printf1.o)
    0x00007a64   0x00000004   Code   RO         3944    x$fpl$printf2       C:\Users\nikolaos.chalikias\AppData\Local\Mbed Studio\mbed-studio-tools\ac6\bin\..\lib\armlib\fz_wm.l(printf2.o)
    0x00007a68   0x00000000   Code   RO         4129    x$fpl$usenofp       C:\Users\nikolaos.chalikias\AppData\Local\Mbed Studio\mbed-studio-tools\ac6\bin\..\lib\armlib\fz_wm.l(usenofp.o)
    0x00007a68   0x00000008   Data   RO         3783    .constdata          C:\Users\nikolaos.chalikias\AppData\Local\Mbed Studio\mbed-studio-tools\ac6\bin\..\lib\armlib\c_w.l(_printf_wctomb.o)
    0x00007a70   0x00000028   Data   RO         3810    .constdata          C:\Users\nikolaos.chalikias\AppData\Local\Mbed Studio\mbed-studio-tools\ac6\bin\..\lib\armlib\c_w.l(_printf_hex_int_ll_ptr.o)
    0x00007a98   0x00000011   Data   RO         3830    .constdata          C:\Users\nikolaos.chalikias\AppData\Local\Mbed Studio\mbed-studio-tools\ac6\bin\..\lib\armlib\c_w.l(__printf_flags_ss_wp.o)
    0x00007aa9   0x00000026   Data   RO         3998    .constdata          C:\Users\nikolaos.chalikias\AppData\Local\Mbed Studio\mbed-studio-tools\ac6\bin\..\lib\armlib\c_w.l(_printf_fp_hex.o)
    0x00007acf   0x00000001   PAD
    0x00007ad0   0x00000094   Data   RO         4192    .constdata          C:\Users\nikolaos.chalikias\AppData\Local\Mbed Studio\mbed-studio-tools\ac6\bin\..\lib\armlib\c_w.l(bigflt0.o)
    0x00007b64   0x00000000   Data   RO         2381    .rodata             BUILD/NRF52_DK/ARMC6_assist/mbed-os/platform/source/mbed_sdk_boot.o
    0x00007b64   0x00000008   Data   RO         2431    .rodata.PinMap_UART  BUILD/NRF52_DK/ARMC6_assist/mbed-os/targets/TARGET_NORDIC/TARGET_NRF5x/TARGET_NRF52/PeripheralPinsDefault.o
    0x00007b6c   0x0000001c   Data   RO         3677    .rodata._ZTV10nBlockNode  BUILD/NRF52_DK/ARMC6_assist/nlib/nworkbench.o
    0x00007b88   0x0000005c   Data   RO         2301    .rodata._ZTV12DirectSerial  BUILD/NRF52_DK/ARMC6_assist/mbed-os/platform/source/mbed_retarget.o
    0x00007be4   0x00000020   Data   RO           37    .rodata._ZTV12nBlock_Blink  BUILD/NRF52_DK/ARMC6_assist/main.o
    0x00007c04   0x00000020   Data   RO           36    .rodata._ZTV13nBlock_Ticker  BUILD/NRF52_DK/ARMC6_assist/main.o
    0x00007c24   0x00000020   Data   RO         3583    .rodata._ZTV14nBlock_Counter  BUILD/NRF52_DK/ARMC6_assist/nlib/Counter/counter.o
    0x00007c44   0x00000020   Data   RO         3599    .rodata._ZTV19nBlock_StringFormat  BUILD/NRF52_DK/ARMC6_assist/nlib/StringFormat/stringformat.o
    0x00007c64   0x00000020   Data   RO         3608    .rodata._ZTV19nBlock_StringSerial  BUILD/NRF52_DK/ARMC6_assist/nlib/StringSerial/stringserial.o
    0x00007c84   0x0000005c   Data   RO         1605    .rodata._ZTVN4mbed10FileHandleE  BUILD/NRF52_DK/ARMC6_assist/mbed-os/platform/source/FileHandle.o
    0x00007ce0   0x00000018   Data   RO          653    .rodata._ZTVN4mbed10SerialBaseE  BUILD/NRF52_DK/ARMC6_assist/mbed-os/drivers/source/SerialBase.o
    0x00007cf8   0x00000014   Data   RO          734    .rodata._ZTVN4mbed10TimerEventE  BUILD/NRF52_DK/ARMC6_assist/mbed-os/drivers/source/TimerEvent.o
    0x00007d0c   0x0000009c   Data   RO          548    .rodata._ZTVN4mbed6SerialE  BUILD/NRF52_DK/ARMC6_assist/mbed-os/drivers/source/Serial.o
    0x00007da8   0x0000007c   Data   RO         1697    .rodata._ZTVN4mbed6StreamE  BUILD/NRF52_DK/ARMC6_assist/mbed-os/platform/source/Stream.o
    0x00007e24   0x00000014   Data   RO          679    .rodata._ZTVN4mbed6TickerE  BUILD/NRF52_DK/ARMC6_assist/mbed-os/drivers/source/Ticker.o
    0x00007e38   0x00000010   Data   RO         1599    .rodata._ZTVN4mbed8FileBaseE  BUILD/NRF52_DK/ARMC6_assist/mbed-os/platform/source/FileBase.o
    0x00007e48   0x00000018   Data   RO         2310    .rodata._ZZL15default_consolevE14console_pinmap  BUILD/NRF52_DK/ARMC6_assist/mbed-os/platform/source/mbed_retarget.o
    0x00007e60   0x0000000c   Data   RO         3575    .rodata._ZZN4mbed8CallbackIFvvEE8generateINS2_14method_contextI12nBlock_BlinkMS5_FvvEEEEEvRKT_E3ops  BUILD/NRF52_DK/ARMC6_assist/nlib/Blink/blink.o
    0x00007e6c   0x0000000c   Data   RO         3622    .rodata._ZZN4mbed8CallbackIFvvEE8generateINS2_14method_contextI13nBlock_TickerMS5_FvvEEEEEvRKT_E3ops  BUILD/NRF52_DK/ARMC6_assist/nlib/Ticker/ticker.o
    0x00007e78   0x0000000c   Data   RO          313    .rodata._ZZN4mbed8CallbackIFvvEE8generateIPS1_EEvRKT_E3ops  BUILD/NRF52_DK/ARMC6_assist/mbed-os/drivers/source/InterruptManager.o
    0x00007e84   0x00000008   Data   RO         2298    .rodata.__stderr_name  BUILD/NRF52_DK/ARMC6_assist/mbed-os/platform/source/mbed_retarget.o
    0x00007e8c   0x00000007   Data   RO         2296    .rodata.__stdin_name  BUILD/NRF52_DK/ARMC6_assist/mbed-os/platform/source/mbed_retarget.o
    0x00007e93   0x00000008   Data   RO         2297    .rodata.__stdout_name  BUILD/NRF52_DK/ARMC6_assist/mbed-os/platform/source/mbed_retarget.o
    0x00007e9b   0x00000001   PAD
    0x00007e9c   0x00000004   Data   RO         1863    .rodata.mbed_fault_context  BUILD/NRF52_DK/ARMC6_assist/mbed-os/platform/source/TARGET_CORTEX_M/mbed_fault_handler.o
    0x00007ea0   0x00000003   Data   RO         2727    .rodata.nordic_nrf5_uart_configure_object.config  BUILD/NRF52_DK/ARMC6_assist/mbed-os/targets/TARGET_NORDIC/TARGET_NRF5x/TARGET_NRF52/serial_api.o
    0x00007ea3   0x00000001   PAD
    0x00007ea4   0x00000008   Data   RO         3039    .rodata.page_tag_write_data.page_tag_data  BUILD/NRF52_DK/ARMC6_assist/mbed-os/targets/TARGET_NORDIC/TARGET_NRF5x/TARGET_SDK_15_0/components/libraries/fds/fds.o
    0x00007eac   0x00000008   Data   RO         3038    .rodata.page_tag_write_swap.page_tag_swap  BUILD/NRF52_DK/ARMC6_assist/mbed-os/targets/TARGET_NORDIC/TARGET_NRF5x/TARGET_SDK_15_0/components/libraries/fds/fds.o
    0x00007eb4   0x00000004   Data   RO         3042    .rodata.record_header_flag_dirty.dirty_header  BUILD/NRF52_DK/ARMC6_assist/mbed-os/targets/TARGET_NORDIC/TARGET_NRF5x/TARGET_SDK_15_0/components/libraries/fds/fds.o
    0x00007eb8   0x0000007d   Data   RO         1338    .rodata.str1.1      BUILD/NRF52_DK/ARMC6_assist/mbed-os/hal/mbed_gpio.o
    0x00007f35   0x0000004a   Data   RO         1424    .rodata.str1.1      BUILD/NRF52_DK/ARMC6_assist/mbed-os/hal/mbed_ticker_api.o
    0x00007f7f   0x00000051   Data   RO         1630    .rodata.str1.1      BUILD/NRF52_DK/ARMC6_assist/mbed-os/platform/source/FilePath.o
    0x00007fd0   0x000000c8   Data   RO         1864    .rodata.str1.1      BUILD/NRF52_DK/ARMC6_assist/mbed-os/platform/source/TARGET_CORTEX_M/mbed_fault_handler.o
    0x00008098   0x00000054   Data   RO         1999    .rodata.str1.1      BUILD/NRF52_DK/ARMC6_assist/mbed-os/platform/source/mbed_critical.o
    0x000080ec   0x000000ed   Data   RO         2048    .rodata.str1.1      BUILD/NRF52_DK/ARMC6_assist/mbed-os/platform/source/mbed_error.o
    0x000081d9   0x0000008d   Data   RO         2304    .rodata.str1.1      BUILD/NRF52_DK/ARMC6_assist/mbed-os/platform/source/mbed_retarget.o
    0x00008266   0x0000006f   Data   RO         2361    .rodata.str1.1      BUILD/NRF52_DK/ARMC6_assist/mbed-os/platform/source/mbed_rtc_time.o
    0x000082d5   0x0000008e   Data   RO         2541    .rodata.str1.1      BUILD/NRF52_DK/ARMC6_assist/mbed-os/targets/TARGET_NORDIC/TARGET_NRF5x/TARGET_NRF52/gpio_api.o
    0x00008363   0x00000088   Data   RO         2720    .rodata.str1.1      BUILD/NRF52_DK/ARMC6_assist/mbed-os/targets/TARGET_NORDIC/TARGET_NRF5x/TARGET_NRF52/serial_api.o
    0x000083eb   0x00000001   PAD
    0x000083ec   0x00000008   Data   RO         1437    .rodata.us_data     BUILD/NRF52_DK/ARMC6_assist/mbed-os/hal/mbed_us_ticker_api.o
    0x000083f4   0x00000024   Data   RO         1440    .rodata.us_interface  BUILD/NRF52_DK/ARMC6_assist/mbed-os/hal/mbed_us_ticker_api.o
    0x00008418   0x00000008   Data   RO         2817    .rodata.us_ticker_get_info.info  BUILD/NRF52_DK/ARMC6_assist/mbed-os/targets/TARGET_NORDIC/TARGET_NRF5x/TARGET_NRF52/us_ticker.o
    0x00008420   0x00000020   Data   RO         4440    Region$$Table       anon$$obj.o
    0x00008440   0x0000001c   Data   RO         4248    locale$$data        C:\Users\nikolaos.chalikias\AppData\Local\Mbed Studio\mbed-studio-tools\ac6\bin\..\lib\armlib\c_w.l(lc_numeric_c.o)
    0x0000845c   0x00000110   Data   RO         4283    locale$$data        C:\Users\nikolaos.chalikias\AppData\Local\Mbed Studio\mbed-studio-tools\ac6\bin\..\lib\armlib\c_w.l(lc_ctype_c.o)
    0x0000856c   0x00000014   Data   RO         3196    nrf_queue           BUILD/NRF52_DK/ARMC6_assist/mbed-os/targets/TARGET_NORDIC/TARGET_NRF5x/TARGET_SDK_15_0/integration/nrfx/legacy/nrf_drv_rng.o
    0x00008580   0x00000004   Data   RO           14    .init_array         BUILD/NRF52_DK/ARMC6_assist/main.o
    0x00008584   0x00000004   Data   RO         3679    .init_array         BUILD/NRF52_DK/ARMC6_assist/nlib/nworkbench.o
    0x00008588   0x00000000   Data   RO         3919    .init_array         C:\Users\nikolaos.chalikias\AppData\Local\Mbed Studio\mbed-studio-tools\ac6\bin\..\lib\armlib\c_w.l(init_aeabi.o)


    Execution Region RW_IRAM0 (Base: 0x20000000, Size: 0x000000dc, Max: 0x000000e0, ABSOLUTE, UNINIT)

    Base Addr    Size         Type   Attr      Idx    E Section Name        Object

    0x20000000   0x000000dc   Zero   RW         2652    .bss.nvictable      BUILD/NRF52_DK/ARMC6_assist/mbed-os/targets/TARGET_NORDIC/TARGET_NRF5x/TARGET_NRF52/reloc_vector_table.o


    Execution Region RW_IRAM1 (Base: 0x200000e0, Size: 0x00000a68, Max: 0x0000ff20, ABSOLUTE)

    Base Addr    Size         Type   Attr      Idx    E Section Name        Object

    0x200000e0   0x00000004   Data   RW         4055    .data               C:\Users\nikolaos.chalikias\AppData\Local\Mbed Studio\mbed-studio-tools\ac6\bin\..\lib\armlib\c_w.l(stdio_streams.o)
    0x200000e4   0x00000004   Data   RW         4056    .data               C:\Users\nikolaos.chalikias\AppData\Local\Mbed Studio\mbed-studio-tools\ac6\bin\..\lib\armlib\c_w.l(stdio_streams.o)
    0x200000e8   0x00000004   Data   RW         4057    .data               C:\Users\nikolaos.chalikias\AppData\Local\Mbed Studio\mbed-studio-tools\ac6\bin\..\lib\armlib\c_w.l(stdio_streams.o)
    0x200000ec   0x00000004   Data   RW         2454    .data.SystemCoreClock  BUILD/NRF52_DK/ARMC6_assist/mbed-os/targets/TARGET_NORDIC/TARGET_NRF5x/TARGET_NRF52/TARGET_MCU_NRF52832/device/system_nrf52.o
    0x200000f0   0x00000040   Data   RW         2309    .data._ZL11filehandles  BUILD/NRF52_DK/ARMC6_assist/mbed-os/platform/source/mbed_retarget.o
    0x20000130   0x00000004   Data   RW         1438    .data.irq_handler   BUILD/NRF52_DK/ARMC6_assist/mbed-os/hal/mbed_us_ticker_api.o
    0x20000134   0x00000002   Data   RW         2615    .data.nordic_internal_uart  BUILD/NRF52_DK/ARMC6_assist/mbed-os/targets/TARGET_NORDIC/TARGET_NRF5x/TARGET_NRF52/pinmap_ex.o
    0x20000136   0x00000001   Data   RW         2490    .data.outside_critical_region  BUILD/NRF52_DK/ARMC6_assist/mbed-os/targets/TARGET_NORDIC/TARGET_NRF5x/TARGET_NRF52/critical_section_api.o
    0x20000137   0x00000001   PAD
    0x20000138   0x00000014   Data   RW         2511    fs_data             BUILD/NRF52_DK/ARMC6_assist/mbed-os/targets/TARGET_NORDIC/TARGET_NRF5x/TARGET_NRF52/flash_api.o
    0x2000014c   0x00000014   Data   RW         3028    fs_data             BUILD/NRF52_DK/ARMC6_assist/mbed-os/targets/TARGET_NORDIC/TARGET_NRF5x/TARGET_SDK_15_0/components/libraries/fds/fds.o
    0x20000160   0x00000004   Zero   RW         3688    .bss                C:\Users\nikolaos.chalikias\AppData\Local\Mbed Studio\mbed-studio-tools\ac6\bin\..\lib\armlib\c_w.l(rt_errno_addr.o)
    0x20000164   0x00000004   Zero   RW         3969    .bss                C:\Users\nikolaos.chalikias\AppData\Local\Mbed Studio\mbed-studio-tools\ac6\bin\..\lib\armlib\c_w.l(rt_heap_descriptor.o)
    0x20000168   0x00000054   Zero   RW         4052    .bss                C:\Users\nikolaos.chalikias\AppData\Local\Mbed Studio\mbed-studio-tools\ac6\bin\..\lib\armlib\c_w.l(stdio_streams.o)
    0x200001bc   0x00000054   Zero   RW         4053    .bss                C:\Users\nikolaos.chalikias\AppData\Local\Mbed Studio\mbed-studio-tools\ac6\bin\..\lib\armlib\c_w.l(stdio_streams.o)
    0x20000210   0x00000054   Zero   RW         4054    .bss                C:\Users\nikolaos.chalikias\AppData\Local\Mbed Studio\mbed-studio-tools\ac6\bin\..\lib\armlib\c_w.l(stdio_streams.o)
    0x20000264   0x00000014   Zero   RW         4159    .bss                C:\Users\nikolaos.chalikias\AppData\Local\Mbed Studio\mbed-studio-tools\ac6\bin\..\lib\armlib\c_w.l(rt_locale.o)
    0x20000278   0x00000040   Zero   RW         3670    .bss.PropagateTicker  BUILD/NRF52_DK/ARMC6_assist/nlib/nworkbench.o
    0x200002b8   0x00000004   Zero   RW         2312    .bss._ZGVZL15default_consolevE7console  BUILD/NRF52_DK/ARMC6_assist/mbed-os/platform/source/mbed_retarget.o
    0x200002bc   0x00000008   Zero   RW         2308    .bss._ZL16filehandle_mutex  BUILD/NRF52_DK/ARMC6_assist/mbed-os/platform/source/mbed_retarget.o
    0x200002c4   0x00000004   Zero   RW         1510    .bss._ZN10CThunkBase17_cthunk_free_realE  BUILD/NRF52_DK/ARMC6_assist/mbed-os/platform/source/CThunkBase.o
    0x200002c8   0x00000004   Zero   RW         1596    .bss._ZN4mbed8FileBase5_headE  BUILD/NRF52_DK/ARMC6_assist/mbed-os/platform/source/FileBase.o
    0x200002cc   0x00000008   Zero   RW         1597    .bss._ZN4mbed8FileBase6_mutexE  BUILD/NRF52_DK/ARMC6_assist/mbed-os/platform/source/FileBase.o
    0x200002d4   0x00000004   Zero   RW         1598    .bss._ZN4mbed8FileBase8_defaultE  BUILD/NRF52_DK/ARMC6_assist/mbed-os/platform/source/FileBase.o
    0x200002d8   0x00000004   Zero   RW         2311    .bss._ZZL15default_consolevE7console  BUILD/NRF52_DK/ARMC6_assist/mbed-os/platform/source/mbed_retarget.o
    0x200002dc   0x00000004   Zero   RW         3671    .bss.__firstNode    BUILD/NRF52_DK/ARMC6_assist/nlib/nworkbench.o
    0x200002e0   0x00000004   Zero   RW         3673    .bss.__first_connection  BUILD/NRF52_DK/ARMC6_assist/nlib/nworkbench.o
    0x200002e4   0x00000004   Zero   RW         3674    .bss.__last_connection  BUILD/NRF52_DK/ARMC6_assist/nlib/nworkbench.o
    0x200002e8   0x00000004   Zero   RW         3672    .bss.__last_node    BUILD/NRF52_DK/ARMC6_assist/nlib/nworkbench.o
    0x200002ec   0x00000004   Zero   RW         3675    .bss.__propagating  BUILD/NRF52_DK/ARMC6_assist/nlib/nworkbench.o
    0x200002f0   0x00000004   Zero   RW         3676    .bss.__tickerElapsed  BUILD/NRF52_DK/ARMC6_assist/nlib/nworkbench.o
    0x200002f4   0x00000001   Zero   RW         1439    .bss._us_ticker_initialized  BUILD/NRF52_DK/ARMC6_assist/mbed-os/hal/mbed_us_ticker_api.o
    0x200002f5   0x00000003   PAD
    0x200002f8   0x00000004   Zero   RW         1998    .bss.critical_section_reentrancy_counter  BUILD/NRF52_DK/ARMC6_assist/mbed-os/platform/source/mbed_critical.o
    0x200002fc   0x00000002   Zero   RW         2131    .bss.deep_sleep_lock  BUILD/NRF52_DK/ARMC6_assist/mbed-os/platform/source/mbed_power_mgmt.o
    0x200002fe   0x00000002   PAD
    0x20000300   0x00000004   Zero   RW         2045    .bss.error_count    BUILD/NRF52_DK/ARMC6_assist/mbed-os/platform/source/mbed_error.o
    0x20000304   0x00000004   Zero   RW         2046    .bss.error_hook     BUILD/NRF52_DK/ARMC6_assist/mbed-os/platform/source/mbed_error.o
    0x20000308   0x00000040   Zero   RW         1441    .bss.events         BUILD/NRF52_DK/ARMC6_assist/mbed-os/hal/mbed_us_ticker_api.o
    0x20000348   0x00000054   Zero   RW         1862    .bss.fault_context  BUILD/NRF52_DK/ARMC6_assist/mbed-os/platform/source/TARGET_CORTEX_M/mbed_fault_handler.o
    0x2000039c   0x00000004   PAD
    0x200003a0   0x00000008   Zero   RW         3043    .bss.file_find_and_delete.tok  BUILD/NRF52_DK/ARMC6_assist/mbed-os/targets/TARGET_NORDIC/TARGET_NRF5x/TARGET_SDK_15_0/components/libraries/fds/fds.o
    0x200003a8   0x00000034   Zero   RW         2044    .bss.first_error_ctx  BUILD/NRF52_DK/ARMC6_assist/mbed-os/platform/source/mbed_error.o
    0x200003dc   0x00000001   Zero   RW         2047    .bss.halt_in_progress  BUILD/NRF52_DK/ARMC6_assist/mbed-os/platform/source/mbed_error.o
    0x200003dd   0x00000003   PAD
    0x200003e0   0x00000034   Zero   RW         2043    .bss.last_error_ctx  BUILD/NRF52_DK/ARMC6_assist/mbed-os/platform/source/mbed_error.o
    0x20000414   0x0000005c   Zero   RW         3253    .bss.m_cb           BUILD/NRF52_DK/ARMC6_assist/mbed-os/targets/TARGET_NORDIC/TARGET_NRF5x/TARGET_SDK_15_0/modules/nrfx/drivers/src/nrfx_gpiote.o
    0x20000470   0x00000010   Zero   RW         3030    .bss.m_cb_table     BUILD/NRF52_DK/ARMC6_assist/mbed-os/targets/TARGET_NORDIC/TARGET_NRF5x/TARGET_SDK_15_0/components/libraries/fds/fds.o
    0x20000480   0x00000080   Zero   RW         2543    .bss.m_channel_ids  BUILD/NRF52_DK/ARMC6_assist/mbed-os/targets/TARGET_NORDIC/TARGET_NRF5x/TARGET_NRF52/gpio_api.o
    0x20000500   0x00000004   Zero   RW         3287    .bss.m_channels_allocated  BUILD/NRF52_DK/ARMC6_assist/mbed-os/targets/TARGET_NORDIC/TARGET_NRF5x/TARGET_SDK_15_0/modules/nrfx/drivers/src/nrfx_ppi.o
    0x20000504   0x00000008   Zero   RW         3031    .bss.m_flags        BUILD/NRF52_DK/ARMC6_assist/mbed-os/targets/TARGET_NORDIC/TARGET_NRF5x/TARGET_SDK_15_0/components/libraries/fds/fds.o
    0x2000050c   0x00000010   Zero   RW         3033    .bss.m_gc           BUILD/NRF52_DK/ARMC6_assist/mbed-os/targets/TARGET_NORDIC/TARGET_NRF5x/TARGET_SDK_15_0/components/libraries/fds/fds.o
    0x2000051c   0x00000020   Zero   RW         2542    .bss.m_gpio_cfg     BUILD/NRF52_DK/ARMC6_assist/mbed-os/targets/TARGET_NORDIC/TARGET_NRF5x/TARGET_NRF52/gpio_api.o
    0x2000053c   0x00000004   Zero   RW         2546    .bss.m_gpio_initialized  BUILD/NRF52_DK/ARMC6_assist/mbed-os/targets/TARGET_NORDIC/TARGET_NRF5x/TARGET_NRF52/gpio_api.o
    0x20000540   0x00000004   Zero   RW         2545    .bss.m_gpio_irq_enabled  BUILD/NRF52_DK/ARMC6_assist/mbed-os/targets/TARGET_NORDIC/TARGET_NRF5x/TARGET_NRF52/gpio_api.o
    0x20000544   0x00000001   Zero   RW         2864    .bss.m_in_critical_region  BUILD/NRF52_DK/ARMC6_assist/mbed-os/targets/TARGET_NORDIC/TARGET_NRF5x/TARGET_SDK_15_0/TARGET_SOFTDEVICE_NONE/nrf_soc_nosd/nrf_nvic.o
    0x20000545   0x00000003   PAD
    0x20000548   0x00000004   Zero   RW         2544    .bss.m_irq_handler  BUILD/NRF52_DK/ARMC6_assist/mbed-os/targets/TARGET_NORDIC/TARGET_NRF5x/TARGET_NRF52/gpio_api.o
    0x2000054c   0x00000028   Zero   RW         3032    .bss.m_pages        BUILD/NRF52_DK/ARMC6_assist/mbed-os/targets/TARGET_NORDIC/TARGET_NRF5x/TARGET_SDK_15_0/components/libraries/fds/fds.o
    0x20000574   0x00000010   Zero   RW         3036    .bss.m_queue_inst   BUILD/NRF52_DK/ARMC6_assist/mbed-os/targets/TARGET_NORDIC/TARGET_NRF5x/TARGET_SDK_15_0/components/libraries/fds/fds.o
    0x20000584   0x00000004   Zero   RW         3044    .bss.m_queued_op_cnt  BUILD/NRF52_DK/ARMC6_assist/mbed-os/targets/TARGET_NORDIC/TARGET_NRF5x/TARGET_SDK_15_0/components/libraries/fds/fds.o
    0x20000588   0x00000041   Zero   RW         3195    .bss.m_rand_pool_nrf_queue_buffer  BUILD/NRF52_DK/ARMC6_assist/mbed-os/targets/TARGET_NORDIC/TARGET_NRF5x/TARGET_SDK_15_0/integration/nrfx/legacy/nrf_drv_rng.o
    0x200005c9   0x00000003   PAD
    0x200005cc   0x0000000c   Zero   RW         3194    .bss.m_rand_pool_nrf_queue_cb  BUILD/NRF52_DK/ARMC6_assist/mbed-os/targets/TARGET_NORDIC/TARGET_NRF5x/TARGET_SDK_15_0/integration/nrfx/legacy/nrf_drv_rng.o
    0x200005d8   0x00000004   Zero   RW         3329    .bss.m_rng_hndl     BUILD/NRF52_DK/ARMC6_assist/mbed-os/targets/TARGET_NORDIC/TARGET_NRF5x/TARGET_SDK_15_0/modules/nrfx/drivers/src/nrfx_rng.o
    0x200005dc   0x00000008   Zero   RW         3037    .bss.m_swap_page    BUILD/NRF52_DK/ARMC6_assist/mbed-os/targets/TARGET_NORDIC/TARGET_NRF5x/TARGET_SDK_15_0/components/libraries/fds/fds.o
    0x200005e4   0x00000001   Zero   RW         2042    .bss.mbed_error_in_progress  BUILD/NRF52_DK/ARMC6_assist/mbed-os/platform/source/mbed_error.o
    0x200005e5   0x00000003   PAD
    0x200005e8   0x00000014   Zero   RW           12    .bss.n_conn0        BUILD/NRF52_DK/ARMC6_assist/main.o
    0x200005fc   0x00000014   Zero   RW           13    .bss.n_conn1        BUILD/NRF52_DK/ARMC6_assist/main.o
    0x20000610   0x00000060   Zero   RW            7    .bss.nb_nBlockNode0_Ticker  BUILD/NRF52_DK/ARMC6_assist/main.o
    0x20000670   0x00000028   Zero   RW            8    .bss.nb_nBlockNode1_Counter  BUILD/NRF52_DK/ARMC6_assist/main.o
    0x20000698   0x00000220   Zero   RW            9    .bss.nb_nBlockNode2_StringFormat  BUILD/NRF52_DK/ARMC6_assist/main.o
    0x200008b8   0x00000134   Zero   RW           10    .bss.nb_nBlockNode3_StringSerial  BUILD/NRF52_DK/ARMC6_assist/main.o
    0x200009ec   0x00000004   PAD
    0x200009f0   0x00000068   Zero   RW           11    .bss.nb_nBlockNode4_Blink  BUILD/NRF52_DK/ARMC6_assist/main.o
    0x20000a58   0x00000021   Zero   RW         2723    .bss.nordic_nrf5_uart_fifo_0_data  BUILD/NRF52_DK/ARMC6_assist/mbed-os/targets/TARGET_NORDIC/TARGET_NRF5x/TARGET_NRF52/serial_api.o
    0x20000a79   0x00000003   PAD
    0x20000a7c   0x00000010   Zero   RW         2722    .bss.nordic_nrf5_uart_fifo_0_inst  BUILD/NRF52_DK/ARMC6_assist/mbed-os/targets/TARGET_NORDIC/TARGET_NRF5x/TARGET_NRF52/serial_api.o
    0x20000a8c   0x00000028   Zero   RW         2724    .bss.nordic_nrf5_uart_state  BUILD/NRF52_DK/ARMC6_assist/mbed-os/targets/TARGET_NORDIC/TARGET_NRF5x/TARGET_NRF52/serial_api.o
    0x20000ab4   0x00000001   Zero   RW         2726    .bss.nordic_nrf5_uart_swi_mask_rx_0  BUILD/NRF52_DK/ARMC6_assist/mbed-os/targets/TARGET_NORDIC/TARGET_NRF5x/TARGET_NRF52/serial_api.o
    0x20000ab5   0x00000001   Zero   RW         2725    .bss.nordic_nrf5_uart_swi_mask_tx_0  BUILD/NRF52_DK/ARMC6_assist/mbed-os/targets/TARGET_NORDIC/TARGET_NRF5x/TARGET_NRF52/serial_api.o
    0x20000ab6   0x00000002   PAD
    0x20000ab8   0x00000004   Zero   RW         3035    .bss.queue_process.m_iget_ctx  BUILD/NRF52_DK/ARMC6_assist/mbed-os/targets/TARGET_NORDIC/TARGET_NRF5x/TARGET_SDK_15_0/components/libraries/fds/fds.o
    0x20000abc   0x00000004   Zero   RW         3034    .bss.queue_process.m_p_cur_op  BUILD/NRF52_DK/ARMC6_assist/mbed-os/targets/TARGET_NORDIC/TARGET_NRF5x/TARGET_SDK_15_0/components/libraries/fds/fds.o
    0x20000ac0   0x00000001   Zero   RW         2721    .bss.serial_init.first_init  BUILD/NRF52_DK/ARMC6_assist/mbed-os/targets/TARGET_NORDIC/TARGET_NRF5x/TARGET_NRF52/serial_api.o
    0x20000ac1   0x00000003   PAD
    0x20000ac4   0x0000006c   Zero   RW         2719    .bss.stdio_uart     BUILD/NRF52_DK/ARMC6_assist/mbed-os/targets/TARGET_NORDIC/TARGET_NRF5x/TARGET_NRF52/serial_api.o
    0x20000b30   0x00000004   Zero   RW         2718    .bss.stdio_uart_inited  BUILD/NRF52_DK/ARMC6_assist/mbed-os/targets/TARGET_NORDIC/TARGET_NRF5x/TARGET_NRF52/serial_api.o
    0x20000b34   0x00000001   Zero   RW         2816    .bss.us_ticker_initialized  BUILD/NRF52_DK/ARMC6_assist/mbed-os/targets/TARGET_NORDIC/TARGET_NRF5x/TARGET_NRF52/us_ticker.o
    0x20000b35   0x00000003   PAD
    0x20000b38   0x0000000c   Zero   RW         3040    .bss.write_execute.desc  BUILD/NRF52_DK/ARMC6_assist/mbed-os/targets/TARGET_NORDIC/TARGET_NRF5x/TARGET_SDK_15_0/components/libraries/fds/fds.o
    0x20000b44   0x00000002   Zero   RW         3041    .bss.write_execute.page  BUILD/NRF52_DK/ARMC6_assist/mbed-os/targets/TARGET_NORDIC/TARGET_NRF5x/TARGET_SDK_15_0/components/libraries/fds/fds.o


    Execution Region ARM_LIB_STACK (Base: 0x2000f000, Size: 0x00001000, Max: 0x00001000, ABSOLUTE)

    Base Addr    Size         Type   Attr      Idx    E Section Name        Object

    0x2000f000   0x00001000   Zero   RW            1    ARM_LIB_STACK.bss   anon$$obj.o


==============================================================================

Image component sizes


      Code (inc. data)   RO Data    RW Data    ZI Data      Debug   

     19398        934       2516        116       6572      17056   Object Totals
         0          0         32          0       4096          0   (incl. Generated)
        54          0          3          1         38          0   (incl. Padding)
     11718        554        552         12        280       9172   Library Totals
        28          0          1          0          0          0   (incl. Padding)

==============================================================================


      Code (inc. data)   RO Data    RW Data    ZI Data      Debug   

     31116       1488       3068        128       6852      19796   Grand Totals
     31116       1488       3068        128       6852      19796   ELF Image Totals
     31116       1488       3068        128          0          0   ROM Totals

==============================================================================

    Total RO  Size (Code + RO Data)                34184 (  33.38kB)
    Total RW  Size (RW Data + ZI Data)              6980 (   6.82kB)
    Total ROM Size (Code + RO Data + RW Data)      34312 (  33.51kB)

==============================================================================

