Archive member included to satisfy reference by file (symbol)

c:/program files (x86)/gnu tools arm embedded/9 2019-q4-major/bin/../lib/gcc/arm-none-eabi/9.2.1/../../../../arm-none-eabi/lib/thumb/v7e-m+fp/softfp\libc.a(lib_a-callocr.o)
                              BUILD/NRF52_DK/GCC_ARM_SIM/mbed-os/platform/source/mbed_alloc_wrappers.o (_calloc_r)
c:/program files (x86)/gnu tools arm embedded/9 2019-q4-major/bin/../lib/gcc/arm-none-eabi/9.2.1/../../../../arm-none-eabi/lib/thumb/v7e-m+fp/softfp\libc.a(lib_a-errno.o)
                              BUILD/NRF52_DK/GCC_ARM_SIM/mbed-os/platform/source/mbed_retarget.o (__errno)
c:/program files (x86)/gnu tools arm embedded/9 2019-q4-major/bin/../lib/gcc/arm-none-eabi/9.2.1/../../../../arm-none-eabi/lib/thumb/v7e-m+fp/softfp\libc.a(lib_a-fclose.o)
                              BUILD/NRF52_DK/GCC_ARM_SIM/mbed-os/platform/source/Stream.o (fclose)
c:/program files (x86)/gnu tools arm embedded/9 2019-q4-major/bin/../lib/gcc/arm-none-eabi/9.2.1/../../../../arm-none-eabi/lib/thumb/v7e-m+fp/softfp\libc.a(lib_a-fflush.o)
                              c:/program files (x86)/gnu tools arm embedded/9 2019-q4-major/bin/../lib/gcc/arm-none-eabi/9.2.1/../../../../arm-none-eabi/lib/thumb/v7e-m+fp/softfp\libc.a(lib_a-fclose.o) (__sflush_r)
c:/program files (x86)/gnu tools arm embedded/9 2019-q4-major/bin/../lib/gcc/arm-none-eabi/9.2.1/../../../../arm-none-eabi/lib/thumb/v7e-m+fp/softfp\libc.a(lib_a-fgetc.o)
                              BUILD/NRF52_DK/GCC_ARM_SIM/mbed-os/platform/source/Stream.o (fgetc)
c:/program files (x86)/gnu tools arm embedded/9 2019-q4-major/bin/../lib/gcc/arm-none-eabi/9.2.1/../../../../arm-none-eabi/lib/thumb/v7e-m+fp/softfp\libc.a(lib_a-fgets.o)
                              BUILD/NRF52_DK/GCC_ARM_SIM/mbed-os/platform/source/Stream.o (fgets)
c:/program files (x86)/gnu tools arm embedded/9 2019-q4-major/bin/../lib/gcc/arm-none-eabi/9.2.1/../../../../arm-none-eabi/lib/thumb/v7e-m+fp/softfp\libc.a(lib_a-findfp.o)
                              c:/program files (x86)/gnu tools arm embedded/9 2019-q4-major/bin/../lib/gcc/arm-none-eabi/9.2.1/../../../../arm-none-eabi/lib/thumb/v7e-m+fp/softfp\libc.a(lib_a-fclose.o) (__sinit)
c:/program files (x86)/gnu tools arm embedded/9 2019-q4-major/bin/../lib/gcc/arm-none-eabi/9.2.1/../../../../arm-none-eabi/lib/thumb/v7e-m+fp/softfp\libc.a(lib_a-fopen.o)
                              BUILD/NRF52_DK/GCC_ARM_SIM/mbed-os/platform/source/mbed_retarget.o (fopen)
c:/program files (x86)/gnu tools arm embedded/9 2019-q4-major/bin/../lib/gcc/arm-none-eabi/9.2.1/../../../../arm-none-eabi/lib/thumb/v7e-m+fp/softfp\libc.a(lib_a-fputc.o)
                              BUILD/NRF52_DK/GCC_ARM_SIM/mbed-os/platform/source/Stream.o (fputc)
c:/program files (x86)/gnu tools arm embedded/9 2019-q4-major/bin/../lib/gcc/arm-none-eabi/9.2.1/../../../../arm-none-eabi/lib/thumb/v7e-m+fp/softfp\libc.a(lib_a-fputs.o)
                              BUILD/NRF52_DK/GCC_ARM_SIM/mbed-os/platform/source/Stream.o (fputs)
c:/program files (x86)/gnu tools arm embedded/9 2019-q4-major/bin/../lib/gcc/arm-none-eabi/9.2.1/../../../../arm-none-eabi/lib/thumb/v7e-m+fp/softfp\libc.a(lib_a-freer.o)
                              BUILD/NRF52_DK/GCC_ARM_SIM/mbed-os/platform/source/mbed_alloc_wrappers.o (_free_r)
c:/program files (x86)/gnu tools arm embedded/9 2019-q4-major/bin/../lib/gcc/arm-none-eabi/9.2.1/../../../../arm-none-eabi/lib/thumb/v7e-m+fp/softfp\libc.a(lib_a-fseek.o)
                              c:/program files (x86)/gnu tools arm embedded/9 2019-q4-major/bin/../lib/gcc/arm-none-eabi/9.2.1/../../../../arm-none-eabi/lib/thumb/v7e-m+fp/softfp\libc.a(lib_a-fopen.o) (_fseek_r)
c:/program files (x86)/gnu tools arm embedded/9 2019-q4-major/bin/../lib/gcc/arm-none-eabi/9.2.1/../../../../arm-none-eabi/lib/thumb/v7e-m+fp/softfp\libc.a(lib_a-fseeko.o)
                              c:/program files (x86)/gnu tools arm embedded/9 2019-q4-major/bin/../lib/gcc/arm-none-eabi/9.2.1/../../../../arm-none-eabi/lib/thumb/v7e-m+fp/softfp\libc.a(lib_a-fseek.o) (_fseeko_r)
c:/program files (x86)/gnu tools arm embedded/9 2019-q4-major/bin/../lib/gcc/arm-none-eabi/9.2.1/../../../../arm-none-eabi/lib/thumb/v7e-m+fp/softfp\libc.a(lib_a-fstatr.o)
                              c:/program files (x86)/gnu tools arm embedded/9 2019-q4-major/bin/../lib/gcc/arm-none-eabi/9.2.1/../../../../arm-none-eabi/lib/thumb/v7e-m+fp/softfp\libc.a(lib_a-fseeko.o) (_fstat_r)
c:/program files (x86)/gnu tools arm embedded/9 2019-q4-major/bin/../lib/gcc/arm-none-eabi/9.2.1/../../../../arm-none-eabi/lib/thumb/v7e-m+fp/softfp\libc.a(lib_a-fvwrite.o)
                              c:/program files (x86)/gnu tools arm embedded/9 2019-q4-major/bin/../lib/gcc/arm-none-eabi/9.2.1/../../../../arm-none-eabi/lib/thumb/v7e-m+fp/softfp\libc.a(lib_a-fputs.o) (__sfvwrite_r)
[...]
Memory Configuration

Name             Origin             Length             Attributes
FLASH            0x00000000         0x00080000         xr
RAM_NVIC         0x20000000         0x000000e0         xrw
RAM              0x200000e0         0x0000ff20         xrw
*default*        0x00000000         0xffffffff

Linker script and memory map

LOAD c:/program files (x86)/gnu tools arm embedded/9 2019-q4-major/bin/../lib/gcc/arm-none-eabi/9.2.1/thumb/v7e-m+fp/softfp/crti.o
LOAD c:/program files (x86)/gnu tools arm embedded/9 2019-q4-major/bin/../lib/gcc/arm-none-eabi/9.2.1/thumb/v7e-m+fp/softfp/crtbegin.o
LOAD c:/program files (x86)/gnu tools arm embedded/9 2019-q4-major/bin/../lib/gcc/arm-none-eabi/9.2.1/../../../../arm-none-eabi/lib/thumb/v7e-m+fp/softfp/crt0.o
LOAD BUILD/NRF52_DK/GCC_ARM_SIM/main.o
LOAD BUILD/NRF52_DK/GCC_ARM_SIM/mbed-os/cmsis/TARGET_CORTEX_M/mbed_tz_context.o
LOAD BUILD/NRF52_DK/GCC_ARM_SIM/mbed-os/drivers/source/AnalogIn.o
LOAD BUILD/NRF52_DK/GCC_ARM_SIM/mbed-os/drivers/source/AnalogOut.o
LOAD BUILD/NRF52_DK/GCC_ARM_SIM/mbed-os/drivers/source/BusIn.o
LOAD BUILD/NRF52_DK/GCC_ARM_SIM/mbed-os/drivers/source/BusInOut.o
LOAD BUILD/NRF52_DK/GCC_ARM_SIM/mbed-os/drivers/source/BusOut.o
LOAD BUILD/NRF52_DK/GCC_ARM_SIM/mbed-os/drivers/source/CAN.o
LOAD BUILD/NRF52_DK/GCC_ARM_SIM/mbed-os/drivers/source/DigitalIn.o
LOAD BUILD/NRF52_DK/GCC_ARM_SIM/mbed-os/drivers/source/DigitalInOut.o
LOAD BUILD/NRF52_DK/GCC_ARM_SIM/mbed-os/drivers/source/DigitalOut.o
LOAD BUILD/NRF52_DK/GCC_ARM_SIM/mbed-os/drivers/source/Ethernet.o
LOAD BUILD/NRF52_DK/GCC_ARM_SIM/mbed-os/drivers/source/FlashIAP.o
LOAD BUILD/NRF52_DK/GCC_ARM_SIM/mbed-os/drivers/source/I2C.o
LOAD BUILD/NRF52_DK/GCC_ARM_SIM/mbed-os/drivers/source/I2CSlave.o
LOAD BUILD/NRF52_DK/GCC_ARM_SIM/mbed-os/drivers/source/InterruptIn.o
LOAD BUILD/NRF52_DK/GCC_ARM_SIM/mbed-os/drivers/source/InterruptManager.o
LOAD BUILD/NRF52_DK/GCC_ARM_SIM/mbed-os/drivers/source/MbedCRC.o
LOAD BUILD/NRF52_DK/GCC_ARM_SIM/mbed-os/drivers/source/PortIn.o
LOAD BUILD/NRF52_DK/GCC_ARM_SIM/mbed-os/drivers/source/PortInOut.o
LOAD BUILD/NRF52_DK/GCC_ARM_SIM/mbed-os/drivers/source/PortOut.o
LOAD BUILD/NRF52_DK/GCC_ARM_SIM/mbed-os/drivers/source/PwmOut.o
LOAD BUILD/NRF52_DK/GCC_ARM_SIM/mbed-os/drivers/source/QSPI.o
LOAD BUILD/NRF52_DK/GCC_ARM_SIM/mbed-os/drivers/source/RawSerial.o
LOAD BUILD/NRF52_DK/GCC_ARM_SIM/mbed-os/drivers/source/ResetReason.o
LOAD BUILD/NRF52_DK/GCC_ARM_SIM/mbed-os/drivers/source/SPI.o
LOAD BUILD/NRF52_DK/GCC_ARM_SIM/mbed-os/drivers/source/SPISlave.o
LOAD BUILD/NRF52_DK/GCC_ARM_SIM/mbed-os/drivers/source/Serial.o
LOAD BUILD/NRF52_DK/GCC_ARM_SIM/mbed-os/drivers/source/SerialBase.o
LOAD BUILD/NRF52_DK/GCC_ARM_SIM/mbed-os/drivers/source/SerialWireOutput.o
LOAD BUILD/NRF52_DK/GCC_ARM_SIM/mbed-os/drivers/source/TableCRC.o
LOAD BUILD/NRF52_DK/GCC_ARM_SIM/mbed-os/drivers/source/Ticker.o
LOAD BUILD/NRF52_DK/GCC_ARM_SIM/mbed-os/drivers/source/Timeout.o
LOAD BUILD/NRF52_DK/GCC_ARM_SIM/mbed-os/drivers/source/Timer.o
LOAD BUILD/NRF52_DK/GCC_ARM_SIM/mbed-os/drivers/source/TimerEvent.o
LOAD BUILD/NRF52_DK/GCC_ARM_SIM/mbed-os/drivers/source/UARTSerial.o
LOAD BUILD/NRF52_DK/GCC_ARM_SIM/mbed-os/drivers/source/Watchdog.o
LOAD BUILD/NRF52_DK/GCC_ARM_SIM/mbed-os/features/storage/blockdevice/BufferedBlockDevice.o
LOAD BUILD/NRF52_DK/GCC_ARM_SIM/mbed-os/features/storage/blockdevice/ChainingBlockDevice.o
LOAD BUILD/NRF52_DK/GCC_ARM_SIM/mbed-os/features/storage/blockdevice/ExhaustibleBlockDevice.o
LOAD BUILD/NRF52_DK/GCC_ARM_SIM/mbed-os/features/storage/blockdevice/FlashSimBlockDevice.o
LOAD BUILD/NRF52_DK/GCC_ARM_SIM/mbed-os/features/storage/blockdevice/HeapBlockDevice.o
LOAD BUILD/NRF52_DK/GCC_ARM_SIM/mbed-os/features/storage/blockdevice/MBRBlockDevice.o
LOAD BUILD/NRF52_DK/GCC_ARM_SIM/mbed-os/features/storage/blockdevice/ObservingBlockDevice.o
LOAD BUILD/NRF52_DK/GCC_ARM_SIM/mbed-os/features/storage/blockdevice/ProfilingBlockDevice.o
LOAD BUILD/NRF52_DK/GCC_ARM_SIM/mbed-os/features/storage/blockdevice/ReadOnlyBlockDevice.o
LOAD BUILD/NRF52_DK/GCC_ARM_SIM/mbed-os/features/storage/blockdevice/SlicingBlockDevice.o
LOAD BUILD/NRF52_DK/GCC_ARM_SIM/mbed-os/hal/LowPowerTickerWrapper.o
LOAD BUILD/NRF52_DK/GCC_ARM_SIM/mbed-os/hal/mbed_compat.o
LOAD BUILD/NRF52_DK/GCC_ARM_SIM/mbed-os/hal/mbed_critical_section_api.o
LOAD BUILD/NRF52_DK/GCC_ARM_SIM/mbed-os/hal/mbed_flash_api.o
LOAD BUILD/NRF52_DK/GCC_ARM_SIM/mbed-os/hal/mbed_gpio.o
LOAD BUILD/NRF52_DK/GCC_ARM_SIM/mbed-os/hal/mbed_gpio_irq.o
LOAD BUILD/NRF52_DK/GCC_ARM_SIM/mbed-os/hal/mbed_itm_api.o
LOAD BUILD/NRF52_DK/GCC_ARM_SIM/mbed-os/hal/mbed_lp_ticker_api.o
LOAD BUILD/NRF52_DK/GCC_ARM_SIM/mbed-os/hal/mbed_lp_ticker_wrapper.o
LOAD BUILD/NRF52_DK/GCC_ARM_SIM/mbed-os/hal/mbed_pinmap_common.o
LOAD BUILD/NRF52_DK/GCC_ARM_SIM/mbed-os/hal/mbed_pinmap_default.o
LOAD BUILD/NRF52_DK/GCC_ARM_SIM/mbed-os/hal/mbed_ticker_api.o
LOAD BUILD/NRF52_DK/GCC_ARM_SIM/mbed-os/hal/mbed_us_ticker_api.o
LOAD BUILD/NRF52_DK/GCC_ARM_SIM/mbed-os/hal/mpu/mbed_mpu_v7m.o
LOAD BUILD/NRF52_DK/GCC_ARM_SIM/mbed-os/hal/mpu/mbed_mpu_v8m.o
LOAD BUILD/NRF52_DK/GCC_ARM_SIM/mbed-os/hal/static_pinmap.o
LOAD BUILD/NRF52_DK/GCC_ARM_SIM/mbed-os/hal/usb/mbed_usb_phy.o
LOAD BUILD/NRF52_DK/GCC_ARM_SIM/mbed-os/platform/cxxsupport/mstd_mutex.o
LOAD BUILD/NRF52_DK/GCC_ARM_SIM/mbed-os/platform/source/ATCmdParser.o
LOAD BUILD/NRF52_DK/GCC_ARM_SIM/mbed-os/platform/source/CThunkBase.o
LOAD BUILD/NRF52_DK/GCC_ARM_SIM/mbed-os/platform/source/CallChain.o
LOAD BUILD/NRF52_DK/GCC_ARM_SIM/mbed-os/platform/source/CriticalSectionLock.o
LOAD BUILD/NRF52_DK/GCC_ARM_SIM/mbed-os/platform/source/DeepSleepLock.o
LOAD BUILD/NRF52_DK/GCC_ARM_SIM/mbed-os/platform/source/FileBase.o
LOAD BUILD/NRF52_DK/GCC_ARM_SIM/mbed-os/platform/source/FileHandle.o
LOAD BUILD/NRF52_DK/GCC_ARM_SIM/mbed-os/platform/source/FilePath.o
LOAD BUILD/NRF52_DK/GCC_ARM_SIM/mbed-os/platform/source/FileSystemHandle.o
LOAD BUILD/NRF52_DK/GCC_ARM_SIM/mbed-os/platform/source/LocalFileSystem.o
LOAD BUILD/NRF52_DK/GCC_ARM_SIM/mbed-os/platform/source/Stream.o
LOAD BUILD/NRF52_DK/GCC_ARM_SIM/mbed-os/platform/source/SysTimer.o
LOAD BUILD/NRF52_DK/GCC_ARM_SIM/mbed-os/platform/source/TARGET_CORTEX_M/TOOLCHAIN_GCC/except.o
LOAD BUILD/NRF52_DK/GCC_ARM_SIM/mbed-os/platform/source/TARGET_CORTEX_M/mbed_fault_handler.o
LOAD BUILD/NRF52_DK/GCC_ARM_SIM/mbed-os/platform/source/mbed_alloc_wrappers.o
LOAD BUILD/NRF52_DK/GCC_ARM_SIM/mbed-os/platform/source/mbed_application.o
LOAD BUILD/NRF52_DK/GCC_ARM_SIM/mbed-os/platform/source/mbed_assert.o
LOAD BUILD/NRF52_DK/GCC_ARM_SIM/mbed-os/platform/source/mbed_atomic_impl.o
LOAD BUILD/NRF52_DK/GCC_ARM_SIM/mbed-os/platform/source/mbed_board.o
LOAD BUILD/NRF52_DK/GCC_ARM_SIM/mbed-os/platform/source/mbed_critical.o
LOAD BUILD/NRF52_DK/GCC_ARM_SIM/mbed-os/platform/source/mbed_error.o
LOAD BUILD/NRF52_DK/GCC_ARM_SIM/mbed-os/platform/source/mbed_error_hist.o
LOAD BUILD/NRF52_DK/GCC_ARM_SIM/mbed-os/platform/source/mbed_interface.o
LOAD BUILD/NRF52_DK/GCC_ARM_SIM/mbed-os/platform/source/mbed_mem_trace.o
LOAD BUILD/NRF52_DK/GCC_ARM_SIM/mbed-os/platform/source/mbed_mktime.o
LOAD BUILD/NRF52_DK/GCC_ARM_SIM/mbed-os/platform/source/mbed_mpu_mgmt.o
LOAD BUILD/NRF52_DK/GCC_ARM_SIM/mbed-os/platform/source/mbed_os_timer.o
LOAD BUILD/NRF52_DK/GCC_ARM_SIM/mbed-os/platform/source/mbed_poll.o
LOAD BUILD/NRF52_DK/GCC_ARM_SIM/mbed-os/platform/source/mbed_power_mgmt.o
LOAD BUILD/NRF52_DK/GCC_ARM_SIM/mbed-os/platform/source/mbed_retarget.o
LOAD BUILD/NRF52_DK/GCC_ARM_SIM/mbed-os/platform/source/mbed_rtc_time.o
LOAD BUILD/NRF52_DK/GCC_ARM_SIM/mbed-os/platform/source/mbed_sdk_boot.o
LOAD BUILD/NRF52_DK/GCC_ARM_SIM/mbed-os/platform/source/mbed_semihost_api.o
LOAD BUILD/NRF52_DK/GCC_ARM_SIM/mbed-os/platform/source/mbed_stats.o
LOAD BUILD/NRF52_DK/GCC_ARM_SIM/mbed-os/platform/source/mbed_thread.o
LOAD BUILD/NRF52_DK/GCC_ARM_SIM/mbed-os/platform/source/mbed_wait_api_no_rtos.o
LOAD BUILD/NRF52_DK/GCC_ARM_SIM/mbed-os/platform/source/mbed_wait_api_rtos.o
LOAD BUILD/NRF52_DK/GCC_ARM_SIM/mbed-os/platform/source/minimal-printf/mbed_printf_armlink_overrides.o
LOAD BUILD/NRF52_DK/GCC_ARM_SIM/mbed-os/platform/source/minimal-printf/mbed_printf_implementation.o
LOAD BUILD/NRF52_DK/GCC_ARM_SIM/mbed-os/platform/source/minimal-printf/mbed_printf_wrapper.o
LOAD BUILD/NRF52_DK/GCC_ARM_SIM/mbed-os/targets/TARGET_NORDIC/TARGET_NRF5x/TARGET_NRF52/PeripheralPinsDefault.o
LOAD BUILD/NRF52_DK/GCC_ARM_SIM/mbed-os/targets/TARGET_NORDIC/TARGET_NRF5x/TARGET_NRF52/TARGET_MCU_NRF52832/PeripheralPins.o
LOAD BUILD/NRF52_DK/GCC_ARM_SIM/mbed-os/targets/TARGET_NORDIC/TARGET_NRF5x/TARGET_NRF52/TARGET_MCU_NRF52832/device/TOOLCHAIN_GCC_ARM/startup_NRF52832.o
LOAD BUILD/NRF52_DK/GCC_ARM_SIM/mbed-os/targets/TARGET_NORDIC/TARGET_NRF5x/TARGET_NRF52/TARGET_MCU_NRF52832/device/cmsis_nvic.o
LOAD BUILD/NRF52_DK/GCC_ARM_SIM/mbed-os/targets/TARGET_NORDIC/TARGET_NRF5x/TARGET_NRF52/TARGET_MCU_NRF52832/device/system_nrf52.o
LOAD BUILD/NRF52_DK/GCC_ARM_SIM/mbed-os/targets/TARGET_NORDIC/TARGET_NRF5x/TARGET_NRF52/analogin_api.o
LOAD BUILD/NRF52_DK/GCC_ARM_SIM/mbed-os/targets/TARGET_NORDIC/TARGET_NRF5x/TARGET_NRF52/common_rtc.o
LOAD BUILD/NRF52_DK/GCC_ARM_SIM/mbed-os/targets/TARGET_NORDIC/TARGET_NRF5x/TARGET_NRF52/critical_section_api.o
LOAD BUILD/NRF52_DK/GCC_ARM_SIM/mbed-os/targets/TARGET_NORDIC/TARGET_NRF5x/TARGET_NRF52/flash_api.o
LOAD BUILD/NRF52_DK/GCC_ARM_SIM/mbed-os/targets/TARGET_NORDIC/TARGET_NRF5x/TARGET_NRF52/gpio_api.o
LOAD BUILD/NRF52_DK/GCC_ARM_SIM/mbed-os/targets/TARGET_NORDIC/TARGET_NRF5x/TARGET_NRF52/i2c_api.o
LOAD BUILD/NRF52_DK/GCC_ARM_SIM/mbed-os/targets/TARGET_NORDIC/TARGET_NRF5x/TARGET_NRF52/itm_api.o
LOAD BUILD/NRF52_DK/GCC_ARM_SIM/mbed-os/targets/TARGET_NORDIC/TARGET_NRF5x/TARGET_NRF52/object_owners.o
LOAD BUILD/NRF52_DK/GCC_ARM_SIM/mbed-os/targets/TARGET_NORDIC/TARGET_NRF5x/TARGET_NRF52/pinmap_ex.o
LOAD BUILD/NRF52_DK/GCC_ARM_SIM/mbed-os/targets/TARGET_NORDIC/TARGET_NRF5x/TARGET_NRF52/pwmout_api.o
LOAD BUILD/NRF52_DK/GCC_ARM_SIM/mbed-os/targets/TARGET_NORDIC/TARGET_NRF5x/TARGET_NRF52/reloc_vector_table.o
LOAD BUILD/NRF52_DK/GCC_ARM_SIM/mbed-os/targets/TARGET_NORDIC/TARGET_NRF5x/TARGET_NRF52/serial_api.o
LOAD BUILD/NRF52_DK/GCC_ARM_SIM/mbed-os/targets/TARGET_NORDIC/TARGET_NRF5x/TARGET_NRF52/sleep.o
LOAD BUILD/NRF52_DK/GCC_ARM_SIM/mbed-os/targets/TARGET_NORDIC/TARGET_NRF5x/TARGET_NRF52/spi_api.o
LOAD BUILD/NRF52_DK/GCC_ARM_SIM/mbed-os/targets/TARGET_NORDIC/TARGET_NRF5x/TARGET_NRF52/trng_api.o
LOAD BUILD/NRF52_DK/GCC_ARM_SIM/mbed-os/targets/TARGET_NORDIC/TARGET_NRF5x/TARGET_NRF52/us_ticker.o
LOAD BUILD/NRF52_DK/GCC_ARM_SIM/mbed-os/targets/TARGET_NORDIC/TARGET_NRF5x/TARGET_NRF52/watchdog_api.o
LOAD BUILD/NRF52_DK/GCC_ARM_SIM/mbed-os/targets/TARGET_NORDIC/TARGET_NRF5x/TARGET_SDK_15_0/TARGET_SOFTDEVICE_NONE/libraries/fstorage/nrf_fstorage_nvmc.o
LOAD BUILD/NRF52_DK/GCC_ARM_SIM/mbed-os/targets/TARGET_NORDIC/TARGET_NRF5x/TARGET_SDK_15_0/TARGET_SOFTDEVICE_NONE/nrf_soc_nosd/nrf_nvic.o
LOAD BUILD/NRF52_DK/GCC_ARM_SIM/mbed-os/targets/TARGET_NORDIC/TARGET_NRF5x/TARGET_SDK_15_0/TARGET_SOFTDEVICE_NONE/nrf_soc_nosd/nrf_soc.o
LOAD BUILD/NRF52_DK/GCC_ARM_SIM/mbed-os/targets/TARGET_NORDIC/TARGET_NRF5x/TARGET_SDK_15_0/components/libraries/atomic/nrf_atomic.o
LOAD BUILD/NRF52_DK/GCC_ARM_SIM/mbed-os/targets/TARGET_NORDIC/TARGET_NRF5x/TARGET_SDK_15_0/components/libraries/atomic_fifo/nrf_atfifo.o
LOAD BUILD/NRF52_DK/GCC_ARM_SIM/mbed-os/targets/TARGET_NORDIC/TARGET_NRF5x/TARGET_SDK_15_0/components/libraries/balloc/nrf_balloc.o
LOAD BUILD/NRF52_DK/GCC_ARM_SIM/mbed-os/targets/TARGET_NORDIC/TARGET_NRF5x/TARGET_SDK_15_0/components/libraries/experimental_log/src/nrf_log_backend_flash.o
LOAD BUILD/NRF52_DK/GCC_ARM_SIM/mbed-os/targets/TARGET_NORDIC/TARGET_NRF5x/TARGET_SDK_15_0/components/libraries/experimental_log/src/nrf_log_backend_rtt.o
LOAD BUILD/NRF52_DK/GCC_ARM_SIM/mbed-os/targets/TARGET_NORDIC/TARGET_NRF5x/TARGET_SDK_15_0/components/libraries/experimental_log/src/nrf_log_backend_serial.o
LOAD BUILD/NRF52_DK/GCC_ARM_SIM/mbed-os/targets/TARGET_NORDIC/TARGET_NRF5x/TARGET_SDK_15_0/components/libraries/experimental_log/src/nrf_log_backend_uart.o
LOAD BUILD/NRF52_DK/GCC_ARM_SIM/mbed-os/targets/TARGET_NORDIC/TARGET_NRF5x/TARGET_SDK_15_0/components/libraries/experimental_log/src/nrf_log_default_backends.o
LOAD BUILD/NRF52_DK/GCC_ARM_SIM/mbed-os/targets/TARGET_NORDIC/TARGET_NRF5x/TARGET_SDK_15_0/components/libraries/experimental_log/src/nrf_log_frontend.o
LOAD BUILD/NRF52_DK/GCC_ARM_SIM/mbed-os/targets/TARGET_NORDIC/TARGET_NRF5x/TARGET_SDK_15_0/components/libraries/experimental_log/src/nrf_log_str_formatter.o
LOAD BUILD/NRF52_DK/GCC_ARM_SIM/mbed-os/targets/TARGET_NORDIC/TARGET_NRF5x/TARGET_SDK_15_0/components/libraries/experimental_memobj/nrf_memobj.o
LOAD BUILD/NRF52_DK/GCC_ARM_SIM/mbed-os/targets/TARGET_NORDIC/TARGET_NRF5x/TARGET_SDK_15_0/components/libraries/experimental_section_vars/nrf_section_iter.o
LOAD BUILD/NRF52_DK/GCC_ARM_SIM/mbed-os/targets/TARGET_NORDIC/TARGET_NRF5x/TARGET_SDK_15_0/components/libraries/fds/fds.o
LOAD BUILD/NRF52_DK/GCC_ARM_SIM/mbed-os/targets/TARGET_NORDIC/TARGET_NRF5x/TARGET_SDK_15_0/components/libraries/fstorage/nrf_fstorage.o
LOAD BUILD/NRF52_DK/GCC_ARM_SIM/mbed-os/targets/TARGET_NORDIC/TARGET_NRF5x/TARGET_SDK_15_0/components/libraries/queue/nrf_queue.o
LOAD BUILD/NRF52_DK/GCC_ARM_SIM/mbed-os/targets/TARGET_NORDIC/TARGET_NRF5x/TARGET_SDK_15_0/components/libraries/spi_mngr/nrf_spi_mngr.o
LOAD BUILD/NRF52_DK/GCC_ARM_SIM/mbed-os/targets/TARGET_NORDIC/TARGET_NRF5x/TARGET_SDK_15_0/components/libraries/strerror/nrf_strerror.o
LOAD BUILD/NRF52_DK/GCC_ARM_SIM/mbed-os/targets/TARGET_NORDIC/TARGET_NRF5x/TARGET_SDK_15_0/components/libraries/twi_mngr/nrf_twi_mngr.o
LOAD BUILD/NRF52_DK/GCC_ARM_SIM/mbed-os/targets/TARGET_NORDIC/TARGET_NRF5x/TARGET_SDK_15_0/components/libraries/util/app_error.o
LOAD BUILD/NRF52_DK/GCC_ARM_SIM/mbed-os/targets/TARGET_NORDIC/TARGET_NRF5x/TARGET_SDK_15_0/components/libraries/util/app_error_handler_gcc.o
LOAD BUILD/NRF52_DK/GCC_ARM_SIM/mbed-os/targets/TARGET_NORDIC/TARGET_NRF5x/TARGET_SDK_15_0/components/libraries/util/app_error_handler_iar.o
LOAD BUILD/NRF52_DK/GCC_ARM_SIM/mbed-os/targets/TARGET_NORDIC/TARGET_NRF5x/TARGET_SDK_15_0/components/libraries/util/app_error_handler_keil.o
LOAD BUILD/NRF52_DK/GCC_ARM_SIM/mbed-os/targets/TARGET_NORDIC/TARGET_NRF5x/TARGET_SDK_15_0/components/libraries/util/app_error_weak.o
LOAD BUILD/NRF52_DK/GCC_ARM_SIM/mbed-os/targets/TARGET_NORDIC/TARGET_NRF5x/TARGET_SDK_15_0/components/libraries/util/app_util_platform.o
LOAD BUILD/NRF52_DK/GCC_ARM_SIM/mbed-os/targets/TARGET_NORDIC/TARGET_NRF5x/TARGET_SDK_15_0/components/libraries/util/nrf_assert.o
LOAD BUILD/NRF52_DK/GCC_ARM_SIM/mbed-os/targets/TARGET_NORDIC/TARGET_NRF5x/TARGET_SDK_15_0/components/libraries/util/sdk_mapped_flags.o
LOAD BUILD/NRF52_DK/GCC_ARM_SIM/mbed-os/targets/TARGET_NORDIC/TARGET_NRF5x/TARGET_SDK_15_0/integration/nrfx/legacy/ble_flash/ble_flash.o
LOAD BUILD/NRF52_DK/GCC_ARM_SIM/mbed-os/targets/TARGET_NORDIC/TARGET_NRF5x/TARGET_SDK_15_0/integration/nrfx/legacy/nrf_drv_rng.o
LOAD BUILD/NRF52_DK/GCC_ARM_SIM/mbed-os/targets/TARGET_NORDIC/TARGET_NRF5x/TARGET_SDK_15_0/integration/nrfx/legacy/nrf_drv_usbd.o
LOAD BUILD/NRF52_DK/GCC_ARM_SIM/mbed-os/targets/TARGET_NORDIC/TARGET_NRF5x/TARGET_SDK_15_0/modules/nrfx/drivers/src/nrfx_adc.o
LOAD BUILD/NRF52_DK/GCC_ARM_SIM/mbed-os/targets/TARGET_NORDIC/TARGET_NRF5x/TARGET_SDK_15_0/modules/nrfx/drivers/src/nrfx_clock.o
LOAD BUILD/NRF52_DK/GCC_ARM_SIM/mbed-os/targets/TARGET_NORDIC/TARGET_NRF5x/TARGET_SDK_15_0/modules/nrfx/drivers/src/nrfx_comp.o
LOAD BUILD/NRF52_DK/GCC_ARM_SIM/mbed-os/targets/TARGET_NORDIC/TARGET_NRF5x/TARGET_SDK_15_0/modules/nrfx/drivers/src/nrfx_gpiote.o
LOAD BUILD/NRF52_DK/GCC_ARM_SIM/mbed-os/targets/TARGET_NORDIC/TARGET_NRF5x/TARGET_SDK_15_0/modules/nrfx/drivers/src/nrfx_i2s.o
LOAD BUILD/NRF52_DK/GCC_ARM_SIM/mbed-os/targets/TARGET_NORDIC/TARGET_NRF5x/TARGET_SDK_15_0/modules/nrfx/drivers/src/nrfx_lpcomp.o
LOAD BUILD/NRF52_DK/GCC_ARM_SIM/mbed-os/targets/TARGET_NORDIC/TARGET_NRF5x/TARGET_SDK_15_0/modules/nrfx/drivers/src/nrfx_pdm.o
LOAD BUILD/NRF52_DK/GCC_ARM_SIM/mbed-os/targets/TARGET_NORDIC/TARGET_NRF5x/TARGET_SDK_15_0/modules/nrfx/drivers/src/nrfx_power.o
LOAD BUILD/NRF52_DK/GCC_ARM_SIM/mbed-os/targets/TARGET_NORDIC/TARGET_NRF5x/TARGET_SDK_15_0/modules/nrfx/drivers/src/nrfx_power_clock.o
LOAD BUILD/NRF52_DK/GCC_ARM_SIM/mbed-os/targets/TARGET_NORDIC/TARGET_NRF5x/TARGET_SDK_15_0/modules/nrfx/drivers/src/nrfx_ppi.o
LOAD BUILD/NRF52_DK/GCC_ARM_SIM/mbed-os/targets/TARGET_NORDIC/TARGET_NRF5x/TARGET_SDK_15_0/modules/nrfx/drivers/src/nrfx_pwm.o
LOAD BUILD/NRF52_DK/GCC_ARM_SIM/mbed-os/targets/TARGET_NORDIC/TARGET_NRF5x/TARGET_SDK_15_0/modules/nrfx/drivers/src/nrfx_qdec.o
LOAD BUILD/NRF52_DK/GCC_ARM_SIM/mbed-os/targets/TARGET_NORDIC/TARGET_NRF5x/TARGET_SDK_15_0/modules/nrfx/drivers/src/nrfx_qspi.o
LOAD BUILD/NRF52_DK/GCC_ARM_SIM/mbed-os/targets/TARGET_NORDIC/TARGET_NRF5x/TARGET_SDK_15_0/modules/nrfx/drivers/src/nrfx_rng.o
LOAD BUILD/NRF52_DK/GCC_ARM_SIM/mbed-os/targets/TARGET_NORDIC/TARGET_NRF5x/TARGET_SDK_15_0/modules/nrfx/drivers/src/nrfx_rtc.o
LOAD BUILD/NRF52_DK/GCC_ARM_SIM/mbed-os/targets/TARGET_NORDIC/TARGET_NRF5x/TARGET_SDK_15_0/modules/nrfx/drivers/src/nrfx_saadc.o
LOAD BUILD/NRF52_DK/GCC_ARM_SIM/mbed-os/targets/TARGET_NORDIC/TARGET_NRF5x/TARGET_SDK_15_0/modules/nrfx/drivers/src/nrfx_spi.o
LOAD BUILD/NRF52_DK/GCC_ARM_SIM/mbed-os/targets/TARGET_NORDIC/TARGET_NRF5x/TARGET_SDK_15_0/modules/nrfx/drivers/src/nrfx_spim.o
LOAD BUILD/NRF52_DK/GCC_ARM_SIM/mbed-os/targets/TARGET_NORDIC/TARGET_NRF5x/TARGET_SDK_15_0/modules/nrfx/drivers/src/nrfx_spis.o
LOAD BUILD/NRF52_DK/GCC_ARM_SIM/mbed-os/targets/TARGET_NORDIC/TARGET_NRF5x/TARGET_SDK_15_0/modules/nrfx/drivers/src/nrfx_swi.o
LOAD BUILD/NRF52_DK/GCC_ARM_SIM/mbed-os/targets/TARGET_NORDIC/TARGET_NRF5x/TARGET_SDK_15_0/modules/nrfx/drivers/src/nrfx_systick.o
LOAD BUILD/NRF52_DK/GCC_ARM_SIM/mbed-os/targets/TARGET_NORDIC/TARGET_NRF5x/TARGET_SDK_15_0/modules/nrfx/drivers/src/nrfx_timer.o
LOAD BUILD/NRF52_DK/GCC_ARM_SIM/mbed-os/targets/TARGET_NORDIC/TARGET_NRF5x/TARGET_SDK_15_0/modules/nrfx/drivers/src/nrfx_twi.o
LOAD BUILD/NRF52_DK/GCC_ARM_SIM/mbed-os/targets/TARGET_NORDIC/TARGET_NRF5x/TARGET_SDK_15_0/modules/nrfx/drivers/src/nrfx_twim.o
LOAD BUILD/NRF52_DK/GCC_ARM_SIM/mbed-os/targets/TARGET_NORDIC/TARGET_NRF5x/TARGET_SDK_15_0/modules/nrfx/drivers/src/nrfx_twis.o
LOAD BUILD/NRF52_DK/GCC_ARM_SIM/mbed-os/targets/TARGET_NORDIC/TARGET_NRF5x/TARGET_SDK_15_0/modules/nrfx/drivers/src/nrfx_uart.o
LOAD BUILD/NRF52_DK/GCC_ARM_SIM/mbed-os/targets/TARGET_NORDIC/TARGET_NRF5x/TARGET_SDK_15_0/modules/nrfx/drivers/src/nrfx_uarte.o
LOAD BUILD/NRF52_DK/GCC_ARM_SIM/mbed-os/targets/TARGET_NORDIC/TARGET_NRF5x/TARGET_SDK_15_0/modules/nrfx/drivers/src/nrfx_wdt.o
LOAD BUILD/NRF52_DK/GCC_ARM_SIM/mbed-os/targets/TARGET_NORDIC/TARGET_NRF5x/TARGET_SDK_15_0/modules/nrfx/drivers/src/prs/nrfx_prs.o
LOAD BUILD/NRF52_DK/GCC_ARM_SIM/mbed-os/targets/TARGET_NORDIC/TARGET_NRF5x/TARGET_SDK_15_0/modules/nrfx/hal/nrf_ecb.o
LOAD BUILD/NRF52_DK/GCC_ARM_SIM/mbed-os/targets/TARGET_NORDIC/TARGET_NRF5x/TARGET_SDK_15_0/modules/nrfx/hal/nrf_nvmc.o
LOAD BUILD/NRF52_DK/GCC_ARM_SIM/mbed-os/targets/TARGET_NORDIC/TARGET_NRF5x/TARGET_SDK_15_0/modules/softdevice/common/nrf_sdh.o
LOAD BUILD/NRF52_DK/GCC_ARM_SIM/mbed-os/targets/TARGET_NORDIC/TARGET_NRF5x/TARGET_SDK_15_0/modules/softdevice/common/nrf_sdh_ant.o
LOAD BUILD/NRF52_DK/GCC_ARM_SIM/mbed-os/targets/TARGET_NORDIC/TARGET_NRF5x/TARGET_SDK_15_0/modules/softdevice/common/nrf_sdh_ble.o
LOAD BUILD/NRF52_DK/GCC_ARM_SIM/mbed-os/targets/TARGET_NORDIC/TARGET_NRF5x/TARGET_SDK_15_0/modules/softdevice/common/nrf_sdh_soc.o
LOAD BUILD/NRF52_DK/GCC_ARM_SIM/mbed-os/targets/TARGET_NORDIC/TARGET_NRF5x/lp_ticker.o
LOAD BUILD/NRF52_DK/GCC_ARM_SIM/mbed-os/targets/TARGET_NORDIC/TARGET_NRF5x/pinmap.o
LOAD BUILD/NRF52_DK/GCC_ARM_SIM/mbed-os/targets/TARGET_NORDIC/TARGET_NRF5x/port_api.o
LOAD BUILD/NRF52_DK/GCC_ARM_SIM/mbed-os/targets/TARGET_NORDIC/TARGET_NRF5x/qspi_api.o
LOAD BUILD/NRF52_DK/GCC_ARM_SIM/mbed-os/targets/TARGET_NORDIC/TARGET_NRF5x/rtc_api.o
LOAD BUILD/NRF52_DK/GCC_ARM_SIM/nlib/Blink/blink.o
LOAD BUILD/NRF52_DK/GCC_ARM_SIM/nlib/Counter/counter.o
LOAD BUILD/NRF52_DK/GCC_ARM_SIM/nlib/SimulatedRadio/simulatedradio.o
LOAD BUILD/NRF52_DK/GCC_ARM_SIM/nlib/StringFormat/stringformat.o
LOAD BUILD/NRF52_DK/GCC_ARM_SIM/nlib/StringSerial/stringserial.o
LOAD BUILD/NRF52_DK/GCC_ARM_SIM/nlib/Ticker/ticker.o
LOAD BUILD/NRF52_DK/GCC_ARM_SIM/nlib/fifo.o
LOAD BUILD/NRF52_DK/GCC_ARM_SIM/nlib/nworkbench.o
START GROUP
LOAD c:/program files (x86)/gnu tools arm embedded/9 2019-q4-major/bin/../lib/gcc/arm-none-eabi/9.2.1/../../../../arm-none-eabi/lib/thumb/v7e-m+fp/softfp\libstdc++.a
LOAD c:/program files (x86)/gnu tools arm embedded/9 2019-q4-major/bin/../lib/gcc/arm-none-eabi/9.2.1/../../../../arm-none-eabi/lib/thumb/v7e-m+fp/softfp\libsupc++.a
LOAD c:/program files (x86)/gnu tools arm embedded/9 2019-q4-major/bin/../lib/gcc/arm-none-eabi/9.2.1/../../../../arm-none-eabi/lib/thumb/v7e-m+fp/softfp\libm.a
LOAD c:/program files (x86)/gnu tools arm embedded/9 2019-q4-major/bin/../lib/gcc/arm-none-eabi/9.2.1/../../../../arm-none-eabi/lib/thumb/v7e-m+fp/softfp\libc.a
LOAD c:/program files (x86)/gnu tools arm embedded/9 2019-q4-major/bin/../lib/gcc/arm-none-eabi/9.2.1/thumb/v7e-m+fp/softfp\libgcc.a
LOAD c:/program files (x86)/gnu tools arm embedded/9 2019-q4-major/bin/../lib/gcc/arm-none-eabi/9.2.1/../../../../arm-none-eabi/lib/thumb/v7e-m+fp/softfp\libnosys.a
END GROUP
LOAD c:/program files (x86)/gnu tools arm embedded/9 2019-q4-major/bin/../lib/gcc/arm-none-eabi/9.2.1/../../../../arm-none-eabi/lib/thumb/v7e-m+fp/softfp\libstdc++.a
LOAD c:/program files (x86)/gnu tools arm embedded/9 2019-q4-major/bin/../lib/gcc/arm-none-eabi/9.2.1/../../../../arm-none-eabi/lib/thumb/v7e-m+fp/softfp\libsupc++.a
LOAD c:/program files (x86)/gnu tools arm embedded/9 2019-q4-major/bin/../lib/gcc/arm-none-eabi/9.2.1/../../../../arm-none-eabi/lib/thumb/v7e-m+fp/softfp\libm.a
LOAD c:/program files (x86)/gnu tools arm embedded/9 2019-q4-major/bin/../lib/gcc/arm-none-eabi/9.2.1/../../../../arm-none-eabi/lib/thumb/v7e-m+fp/softfp\libc.a
LOAD c:/program files (x86)/gnu tools arm embedded/9 2019-q4-major/bin/../lib/gcc/arm-none-eabi/9.2.1/thumb/v7e-m+fp/softfp\libgcc.a
LOAD c:/program files (x86)/gnu tools arm embedded/9 2019-q4-major/bin/../lib/gcc/arm-none-eabi/9.2.1/../../../../arm-none-eabi/lib/thumb/v7e-m+fp/softfp\libnosys.a
START GROUP
LOAD c:/program files (x86)/gnu tools arm embedded/9 2019-q4-major/bin/../lib/gcc/arm-none-eabi/9.2.1/thumb/v7e-m+fp/softfp\libgcc.a
LOAD c:/program files (x86)/gnu tools arm embedded/9 2019-q4-major/bin/../lib/gcc/arm-none-eabi/9.2.1/../../../../arm-none-eabi/lib/thumb/v7e-m+fp/softfp\libc.a
END GROUP
LOAD c:/program files (x86)/gnu tools arm embedded/9 2019-q4-major/bin/../lib/gcc/arm-none-eabi/9.2.1/thumb/v7e-m+fp/softfp/crtend.o
LOAD c:/program files (x86)/gnu tools arm embedded/9 2019-q4-major/bin/../lib/gcc/arm-none-eabi/9.2.1/thumb/v7e-m+fp/softfp/crtn.o

.text           0x00000000     0xe0a0
 *(.Vectors)
 .Vectors       0x00000000       0xdc BUILD/NRF52_DK/GCC_ARM_SIM/mbed-os/targets/TARGET_NORDIC/TARGET_NRF5x/TARGET_NRF52/TARGET_MCU_NRF52832/device/TOOLCHAIN_GCC_ARM/startup_NRF52832.o
                0x00000000                __Vectors
 *(.text*)
 .text          0x000000dc       0x40 c:/program files (x86)/gnu tools arm embedded/9 2019-q4-major/bin/../lib/gcc/arm-none-eabi/9.2.1/thumb/v7e-m+fp/softfp/crtbegin.o
 .text          0x0000011c       0x74 c:/program files (x86)/gnu tools arm embedded/9 2019-q4-major/bin/../lib/gcc/arm-none-eabi/9.2.1/../../../../arm-none-eabi/lib/thumb/v7e-m+fp/softfp/crt0.o
                0x0000011c                _start
                0x0000011c                _mainCRTStartup
 .text._ZN16nBlockSimpleNodeILj1EE15outputAvailableEm
                0x00000190        0x8 BUILD/NRF52_DK/GCC_ARM_SIM/main.o
                0x00000190                nBlockSimpleNode<1u>::outputAvailable(unsigned long)
 .text._ZN16nBlockSimpleNodeILj1EE14readOutputTypeEm
                0x00000198        0x6 BUILD/NRF52_DK/GCC_ARM_SIM/main.o
                0x00000198                nBlockSimpleNode<1u>::readOutputType(unsigned long)
 .text._ZN16nBlockSimpleNodeILj1EE10readOutputEm
                0x0000019e        0x8 BUILD/NRF52_DK/GCC_ARM_SIM/main.o
                0x0000019e                nBlockSimpleNode<1u>::readOutput(unsigned long)
 .text._ZN16nBlockSimpleNodeILj1EE4stepEv
                0x000001a6       0x18 BUILD/NRF52_DK/GCC_ARM_SIM/main.o
                0x000001a6                nBlockSimpleNode<1u>::step()
 .text._ZN16nBlockSimpleNodeILj1EE8endFrameEv
                0x000001be        0x2 BUILD/NRF52_DK/GCC_ARM_SIM/main.o
                0x000001be                nBlockSimpleNode<1u>::endFrame()
 .text._ZN4mbed6TickerD2Ev
                0x000001c0       0x28 BUILD/NRF52_DK/GCC_ARM_SIM/main.o
                0x000001c0                mbed::Ticker::~Ticker()
                0x000001c0                mbed::Ticker::~Ticker()
 .text._ZN12nBlock_BlinkD2Ev
                0x000001e8       0x18 BUILD/NRF52_DK/GCC_ARM_SIM/main.o
                0x000001e8                nBlock_Blink::~nBlock_Blink()
                0x000001e8                nBlock_Blink::~nBlock_Blink()
 .text._ZN13nBlock_TickerD2Ev
                0x00000200       0x18 BUILD/NRF52_DK/GCC_ARM_SIM/main.o
                0x00000200                nBlock_Ticker::~nBlock_Ticker()
                0x00000200                nBlock_Ticker::~nBlock_Ticker()
 .text._ZN4mbed6TickerD0Ev
                0x00000218       0x14 BUILD/NRF52_DK/GCC_ARM_SIM/main.o
                0x00000218                mbed::Ticker::~Ticker()
 .text.startup.main
                0x0000022c        0xc BUILD/NRF52_DK/GCC_ARM_SIM/main.o
                0x0000022c                main
 .text._ZN4mbed6SerialD2Ev
                0x00000238       0x38 BUILD/NRF52_DK/GCC_ARM_SIM/main.o
                0x00000238                mbed::Serial::~Serial()
                0x00000238                mbed::Serial::~Serial()
                0x00000264                non-virtual thunk to mbed::Serial::~Serial()
                0x0000026a                non-virtual thunk to mbed::Serial::~Serial()
 .text._ZN19nBlock_StringSerialD2Ev
                0x00000270       0x18 BUILD/NRF52_DK/GCC_ARM_SIM/main.o
                0x00000270                nBlock_StringSerial::~nBlock_StringSerial()
                0x00000270                nBlock_StringSerial::~nBlock_StringSerial()
 .text._ZN4mbed6SerialD0Ev
                0x00000288       0x22 BUILD/NRF52_DK/GCC_ARM_SIM/main.o
                0x00000288                mbed::Serial::~Serial()
                0x0000029e                non-virtual thunk to mbed::Serial::~Serial()
                0x000002a4                non-virtual thunk to mbed::Serial::~Serial()
 *fill*         0x000002aa        0x2 
 .text.startup._GLOBAL__sub_I_nb_nBlockNode0_Ticker
                0x000002ac       0xfc BUILD/NRF52_DK/GCC_ARM_SIM/main.o
 .text._ZNK12SingletonPtrI13PlatformMutexE3getEv
                0x000003a8       0x2c BUILD/NRF52_DK/GCC_ARM_SIM/mbed-os/drivers/source/AnalogIn.o
                0x000003a8                SingletonPtr<PlatformMutex>::get() const
 .text._ZN4mbed8CallbackIFviEED2Ev
                0x000003d4       0x10 BUILD/NRF52_DK/GCC_ARM_SIM/mbed-os/drivers/source/I2C.o
                0x000003d4                mbed::Callback<void (int)>::~Callback()
                0x000003d4                mbed::Callback<void (int)>::~Callback()
 .text._ZN4mbed8CallbackIFvvEE13function_callIPS1_EEvPKv
                0x000003e4        0x4 BUILD/NRF52_DK/GCC_ARM_SIM/mbed-os/drivers/source/InterruptIn.o
                0x000003e4                void mbed::Callback<void ()>::function_call<void (*)()>(void const*)
 .text._ZN4mbed8CallbackIFvvEE13function_moveIPS1_EEvPvPKv
                0x000003e8        0x6 BUILD/NRF52_DK/GCC_ARM_SIM/mbed-os/drivers/source/InterruptIn.o
                0x000003e8                void mbed::Callback<void ()>::function_move<void (*)()>(void*, void const*)
 .text._ZN4mbed8CallbackIFvvEE13function_dtorIPS1_EEvPv
                0x000003ee        0x2 BUILD/NRF52_DK/GCC_ARM_SIM/mbed-os/drivers/source/InterruptIn.o
                0x000003ee                void mbed::Callback<void ()>::function_dtor<void (*)()>(void*)
 .text._ZN4mbed8CallbackIFvvEED2Ev
                0x000003f0       0x10 BUILD/NRF52_DK/GCC_ARM_SIM/mbed-os/drivers/source/InterruptIn.o
                0x000003f0                mbed::Callback<void ()>::~Callback()
                0x000003f0                mbed::Callback<void ()>::~Callback()
 .text._ZN4mbed8CallbackIFvvEEaSERKS2_
                0x00000400       0x2c BUILD/NRF52_DK/GCC_ARM_SIM/mbed-os/drivers/source/InterruptIn.o
                0x00000400                mbed::Callback<void ()>::operator=(mbed::Callback<void ()> const&)
 .text._ZNK4mbed8CallbackIFvvEE4callEv
                0x0000042c       0x24 BUILD/NRF52_DK/GCC_ARM_SIM/mbed-os/drivers/source/InterruptIn.o
                0x0000042c                mbed::Callback<void ()>::call() const
 .text._ZN4mbed10FileHandle8truncateEl
                0x00000450        0x6 BUILD/NRF52_DK/GCC_ARM_SIM/mbed-os/drivers/source/Serial.o
                0x00000450                mbed::FileHandle::truncate(long)
 .text._ZN4mbed10FileHandle5lseekEli
                0x00000456        0x6 BUILD/NRF52_DK/GCC_ARM_SIM/mbed-os/drivers/source/Serial.o
                0x00000456                mbed::FileHandle::lseek(long, int)
 .text._ZN4mbed10FileHandle5fsyncEv
                0x0000045c        0x6 BUILD/NRF52_DK/GCC_ARM_SIM/mbed-os/drivers/source/Serial.o
                0x0000045c                mbed::FileHandle::fsync()
 .text._ZN4mbed10FileHandle4flenEv
                0x00000462        0x6 BUILD/NRF52_DK/GCC_ARM_SIM/mbed-os/drivers/source/Serial.o
                0x00000462                mbed::FileHandle::flen()
 .text._ZN4mbed10FileHandle12set_blockingEb
                0x00000468        0xc BUILD/NRF52_DK/GCC_ARM_SIM/mbed-os/drivers/source/Serial.o
                0x00000468                mbed::FileHandle::set_blocking(bool)
 .text._ZNK4mbed10FileHandle11is_blockingEv
                0x00000474        0x4 BUILD/NRF52_DK/GCC_ARM_SIM/mbed-os/drivers/source/Serial.o
                0x00000474                mbed::FileHandle::is_blocking() const
 .text._ZN4mbed10FileHandle12enable_inputEb
                0x00000478        0x6 BUILD/NRF52_DK/GCC_ARM_SIM/mbed-os/drivers/source/Serial.o
                0x00000478                mbed::FileHandle::enable_input(bool)
 .text._ZN4mbed10FileHandle13enable_outputEb
                0x0000047e        0x6 BUILD/NRF52_DK/GCC_ARM_SIM/mbed-os/drivers/source/Serial.o
                0x0000047e                mbed::FileHandle::enable_output(bool)
 .text._ZNK4mbed10FileHandle4pollEs
                0x00000484        0x4 BUILD/NRF52_DK/GCC_ARM_SIM/mbed-os/drivers/source/Serial.o
                0x00000484                mbed::FileHandle::poll(short) const
 .text._ZN4mbed10FileHandle5sigioENS_8CallbackIFvvEEE
                0x00000488        0x2 BUILD/NRF52_DK/GCC_ARM_SIM/mbed-os/drivers/source/Serial.o
                0x00000488                mbed::FileHandle::sigio(mbed::Callback<void ()>)
 .text._ZN4mbed6Serial4lockEv
                0x0000048a        0x2 BUILD/NRF52_DK/GCC_ARM_SIM/mbed-os/drivers/source/Serial.o
                0x0000048a                mbed::Serial::unlock()
                0x0000048a                mbed::Serial::lock()
 .text._ZN4mbed6Serial5_getcEv
                0x0000048c        0x4 BUILD/NRF52_DK/GCC_ARM_SIM/mbed-os/drivers/source/Serial.o
                0x0000048c                mbed::Serial::_getc()
 .text._ZThn252_N4mbed6Serial5_getcEv
                0x00000490        0x8 BUILD/NRF52_DK/GCC_ARM_SIM/mbed-os/drivers/source/Serial.o
                0x00000490                non-virtual thunk to mbed::Serial::_getc()
 .text._ZN4mbed6Serial5_putcEi
                0x00000498        0x4 BUILD/NRF52_DK/GCC_ARM_SIM/mbed-os/drivers/source/Serial.o
                0x00000498                mbed::Serial::_putc(int)
 .text._ZThn252_N4mbed6Serial5_putcEi
                0x0000049c        0x8 BUILD/NRF52_DK/GCC_ARM_SIM/mbed-os/drivers/source/Serial.o
                0x0000049c                non-virtual thunk to mbed::Serial::_putc(int)
 .text._ZThn252_N4mbed6Serial6unlockEv
                0x000004a4        0x2 BUILD/NRF52_DK/GCC_ARM_SIM/mbed-os/drivers/source/Serial.o
                0x000004a4                non-virtual thunk to mbed::Serial::unlock()
 .text._ZThn252_N4mbed6Serial4lockEv
                0x000004a6        0x2 BUILD/NRF52_DK/GCC_ARM_SIM/mbed-os/drivers/source/Serial.o
                0x000004a6                non-virtual thunk to mbed::Serial::lock()
 .text._ZN4mbed6SerialC2E7PinNameS1_PKci
                0x000004a8       0x34 BUILD/NRF52_DK/GCC_ARM_SIM/mbed-os/drivers/source/Serial.o
                0x000004a8                mbed::Serial::Serial(PinName, PinName, char const*, int)
                0x000004a8                mbed::Serial::Serial(PinName, PinName, char const*, int)
 .text._ZN4mbed10SerialBase4lockEv
                0x000004dc        0x2 BUILD/NRF52_DK/GCC_ARM_SIM/mbed-os/drivers/source/SerialBase.o
                0x000004dc                mbed::SerialBase::lock()
                0x000004dc                mbed::SerialBase::unlock()
 .text._ZN6CThunkIN4mbed10SerialBaseEE10trampolineEP10CThunkBase
                0x000004de       0x2a BUILD/NRF52_DK/GCC_ARM_SIM/mbed-os/drivers/source/SerialBase.o
                0x000004de                CThunk<mbed::SerialBase>::trampoline(CThunkBase*)
 .text._ZN4mbed10SerialBase5_initEv
                0x00000508       0x5c BUILD/NRF52_DK/GCC_ARM_SIM/mbed-os/drivers/source/SerialBase.o
                0x00000508                mbed::SerialBase::_init()
 .text._ZN4mbed10SerialBase8readableEv
                0x00000564       0x22 BUILD/NRF52_DK/GCC_ARM_SIM/mbed-os/drivers/source/SerialBase.o
                0x00000564                mbed::SerialBase::readable()
 .text._ZN4mbed10SerialBase10_base_getcEv
                0x00000586        0x6 BUILD/NRF52_DK/GCC_ARM_SIM/mbed-os/drivers/source/SerialBase.o
                0x00000586                mbed::SerialBase::_base_getc()
 .text._ZN4mbed10SerialBase10_base_putcEi
                0x0000058c        0xe BUILD/NRF52_DK/GCC_ARM_SIM/mbed-os/drivers/source/SerialBase.o
                0x0000058c                mbed::SerialBase::_base_putc(int)
 *fill*         0x0000059a        0x2 
 .text._ZN4mbed10SerialBaseC2E7PinNameS1_i
                0x0000059c       0xf8 BUILD/NRF52_DK/GCC_ARM_SIM/mbed-os/drivers/source/SerialBase.o
                0x0000059c                mbed::SerialBase::SerialBase(PinName, PinName, int)
                0x0000059c                mbed::SerialBase::SerialBase(PinName, PinName, int)
 .text._ZN4mbed10SerialBase6attachENS_8CallbackIFvvEEENS0_7IrqTypeE
                0x00000694       0x8e BUILD/NRF52_DK/GCC_ARM_SIM/mbed-os/drivers/source/SerialBase.o
                0x00000694                mbed::SerialBase::attach(mbed::Callback<void ()>, mbed::SerialBase::IrqType)
 *fill*         0x00000722        0x2 
 .text._ZN4mbed10SerialBaseD2Ev
                0x00000724       0x70 BUILD/NRF52_DK/GCC_ARM_SIM/mbed-os/drivers/source/SerialBase.o
                0x00000724                mbed::SerialBase::~SerialBase()
                0x00000724                mbed::SerialBase::~SerialBase()
 .text._ZN4mbed10SerialBaseD0Ev
                0x00000794       0x14 BUILD/NRF52_DK/GCC_ARM_SIM/mbed-os/drivers/source/SerialBase.o
                0x00000794                mbed::SerialBase::~SerialBase()
 .text._ZN4mbed10SerialBase12_irq_handlerEm9SerialIrq
                0x000007a8       0x12 BUILD/NRF52_DK/GCC_ARM_SIM/mbed-os/drivers/source/SerialBase.o
                0x000007a8                mbed::SerialBase::_irq_handler(unsigned long, SerialIrq)
 .text._ZN4mbed6Ticker7handlerEv
                0x000007ba       0x28 BUILD/NRF52_DK/GCC_ARM_SIM/mbed-os/drivers/source/Ticker.o
                0x000007ba                mbed::Ticker::handler()
 *fill*         0x000007e2        0x2 
 .text._ZN4mbed6TickerC2Ev
                0x000007e4       0x30 BUILD/NRF52_DK/GCC_ARM_SIM/mbed-os/drivers/source/Ticker.o
                0x000007e4                mbed::Ticker::Ticker()
                0x000007e4                mbed::Ticker::Ticker()
 .text._ZN4mbed6Ticker5setupEy
                0x00000814       0x30 BUILD/NRF52_DK/GCC_ARM_SIM/mbed-os/drivers/source/Ticker.o
                0x00000814                mbed::Ticker::setup(unsigned long long)
 .text._ZN4mbed8CallbackIFvvEEC2ERKS2_
                0x00000844       0x22 BUILD/NRF52_DK/GCC_ARM_SIM/mbed-os/drivers/source/Ticker.o
                0x00000844                mbed::Callback<void ()>::Callback(mbed::Callback<void ()> const&)
                0x00000844                mbed::Callback<void ()>::Callback(mbed::Callback<void ()> const&)
 .text._ZN4mbed6Ticker6detachEv
                0x00000866       0x44 BUILD/NRF52_DK/GCC_ARM_SIM/mbed-os/drivers/source/Ticker.o
                0x00000866                mbed::Ticker::detach()
 .text._ZN4mbed6Ticker9attach_usENS_8CallbackIFvvEEEy
                0x000008aa       0x46 BUILD/NRF52_DK/GCC_ARM_SIM/mbed-os/drivers/source/Ticker.o
                0x000008aa                mbed::Ticker::attach_us(mbed::Callback<void ()>, unsigned long long)
 .text._ZN4mbed10TimerEvent3irqEm
                0x000008f0        0x6 BUILD/NRF52_DK/GCC_ARM_SIM/mbed-os/drivers/source/TimerEvent.o
                0x000008f0                mbed::TimerEvent::irq(unsigned long)
 *fill*         0x000008f6        0x2 
 .text._ZN4mbed10TimerEventC2Ev
                0x000008f8       0x30 BUILD/NRF52_DK/GCC_ARM_SIM/mbed-os/drivers/source/TimerEvent.o
                0x000008f8                mbed::TimerEvent::TimerEvent()
                0x000008f8                mbed::TimerEvent::TimerEvent()
 .text._ZN4mbed10TimerEvent15insert_absoluteEy
                0x00000928       0x14 BUILD/NRF52_DK/GCC_ARM_SIM/mbed-os/drivers/source/TimerEvent.o
                0x00000928                mbed::TimerEvent::insert_absolute(unsigned long long)
 .text._ZN4mbed10TimerEvent6removeEv
                0x0000093c        0xa BUILD/NRF52_DK/GCC_ARM_SIM/mbed-os/drivers/source/TimerEvent.o
                0x0000093c                mbed::TimerEvent::remove()
 *fill*         0x00000946        0x2 
 .text._ZN4mbed10TimerEventD2Ev
                0x00000948       0x14 BUILD/NRF52_DK/GCC_ARM_SIM/mbed-os/drivers/source/TimerEvent.o
                0x00000948                mbed::TimerEvent::~TimerEvent()
                0x00000948                mbed::TimerEvent::~TimerEvent()
 .text._ZN4mbed10FileHandle4tellEv
                0x0000095c        0xa BUILD/NRF52_DK/GCC_ARM_SIM/mbed-os/drivers/source/UARTSerial.o
                0x0000095c                mbed::FileHandle::tell()
 .text._ZN4mbed10FileHandle6rewindEv
                0x00000966        0xa BUILD/NRF52_DK/GCC_ARM_SIM/mbed-os/drivers/source/UARTSerial.o
                0x00000966                mbed::FileHandle::rewind()
 .text._gpio_init_out.part.0
                0x00000970       0x48 BUILD/NRF52_DK/GCC_ARM_SIM/mbed-os/hal/mbed_gpio.o
 .text.gpio_init_out_ex
                0x000009b8       0x24 BUILD/NRF52_DK/GCC_ARM_SIM/mbed-os/hal/mbed_gpio.o
                0x000009b8                gpio_init_out_ex
 .text.gpio_init_out
                0x000009dc        0x6 BUILD/NRF52_DK/GCC_ARM_SIM/mbed-os/hal/mbed_gpio.o
                0x000009dc                gpio_init_out
 *fill*         0x000009e2        0x2 
 .text.update_present_time
                0x000009e4      0x114 BUILD/NRF52_DK/GCC_ARM_SIM/mbed-os/hal/mbed_ticker_api.o
 .text._ticker_match_interval_passed
                0x00000af8       0x28 BUILD/NRF52_DK/GCC_ARM_SIM/mbed-os/hal/mbed_ticker_api.o
                0x00000af8                _ticker_match_interval_passed
 .text.schedule_interrupt
                0x00000b20      0x138 BUILD/NRF52_DK/GCC_ARM_SIM/mbed-os/hal/mbed_ticker_api.o
 .text.initialize
                0x00000c58       0xf4 BUILD/NRF52_DK/GCC_ARM_SIM/mbed-os/hal/mbed_ticker_api.o
 .text.ticker_set_handler
                0x00000d4c       0x1a BUILD/NRF52_DK/GCC_ARM_SIM/mbed-os/hal/mbed_ticker_api.o
                0x00000d4c                ticker_set_handler
 .text.ticker_irq_handler
                0x00000d66       0x64 BUILD/NRF52_DK/GCC_ARM_SIM/mbed-os/hal/mbed_ticker_api.o
                0x00000d66                ticker_irq_handler
 .text.ticker_insert_event_us
                0x00000dca       0x5e BUILD/NRF52_DK/GCC_ARM_SIM/mbed-os/hal/mbed_ticker_api.o
                0x00000dca                ticker_insert_event_us
 .text.ticker_remove_event
                0x00000e28       0x36 BUILD/NRF52_DK/GCC_ARM_SIM/mbed-os/hal/mbed_ticker_api.o
                0x00000e28                ticker_remove_event
 .text.ticker_read_us
                0x00000e5e       0x22 BUILD/NRF52_DK/GCC_ARM_SIM/mbed-os/hal/mbed_ticker_api.o
                0x00000e5e                ticker_read_us
 .text.ticker_read
                0x00000e80        0x8 BUILD/NRF52_DK/GCC_ARM_SIM/mbed-os/hal/mbed_ticker_api.o
                0x00000e80                ticker_read
 .text.note_us_ticker_free
                0x00000e88       0x10 BUILD/NRF52_DK/GCC_ARM_SIM/mbed-os/hal/mbed_us_ticker_api.o
 .text.note_us_ticker_init
                0x00000e98       0x14 BUILD/NRF52_DK/GCC_ARM_SIM/mbed-os/hal/mbed_us_ticker_api.o
 .text.get_us_ticker_data
                0x00000eac        0x8 BUILD/NRF52_DK/GCC_ARM_SIM/mbed-os/hal/mbed_us_ticker_api.o
                0x00000eac                get_us_ticker_data
 .text.us_ticker_irq_handler
                0x00000eb4       0x14 BUILD/NRF52_DK/GCC_ARM_SIM/mbed-os/hal/mbed_us_ticker_api.o
                0x00000eb4                us_ticker_irq_handler
 .text.serial_init_direct
                0x00000ec8        0xc BUILD/NRF52_DK/GCC_ARM_SIM/mbed-os/hal/static_pinmap.o
                0x00000ec8                serial_init_direct
 .text._ZN10CThunkBase11cthunk_freeEPFvvE
                0x00000ed4       0x10 BUILD/NRF52_DK/GCC_ARM_SIM/mbed-os/platform/source/CThunkBase.o
                0x00000ed4                CThunkBase::cthunk_free(void (*)())
 .text._ZN4mbed8FileBase11getPathTypeEv
                0x00000ee4        0x4 BUILD/NRF52_DK/GCC_ARM_SIM/mbed-os/platform/source/FileBase.o
                0x00000ee4                mbed::FileBase::getPathType()
 .text._ZN4mbed8FileBaseC2EPKcNS_8PathTypeE
                0x00000ee8       0x3c BUILD/NRF52_DK/GCC_ARM_SIM/mbed-os/platform/source/FileBase.o
                0x00000ee8                mbed::FileBase::FileBase(char const*, mbed::PathType)
                0x00000ee8                mbed::FileBase::FileBase(char const*, mbed::PathType)
 .text._ZN4mbed8FileBaseD2Ev
                0x00000f24       0x5c BUILD/NRF52_DK/GCC_ARM_SIM/mbed-os/platform/source/FileBase.o
                0x00000f24                mbed::FileBase::~FileBase()
                0x00000f24                mbed::FileBase::~FileBase()
 .text._ZN4mbed8FileBaseD0Ev
                0x00000f80       0x14 BUILD/NRF52_DK/GCC_ARM_SIM/mbed-os/platform/source/FileBase.o
                0x00000f80                mbed::FileBase::~FileBase()
 .text._ZN4mbed8FileBase6lookupEPKcj
                0x00000f94       0x68 BUILD/NRF52_DK/GCC_ARM_SIM/mbed-os/platform/source/FileBase.o
                0x00000f94                mbed::FileBase::lookup(char const*, unsigned int)
 .text._ZN4mbed10FileHandle4syncEv
                0x00000ffc        0x4 BUILD/NRF52_DK/GCC_ARM_SIM/mbed-os/platform/source/FileHandle.o
                0x00000ffc                mbed::FileHandle::sync()
 .text._ZN4mbed10FileHandle6isattyEv
                0x00001000        0x4 BUILD/NRF52_DK/GCC_ARM_SIM/mbed-os/platform/source/FileHandle.o
                0x00001000                mbed::FileHandle::isatty()
 .text._ZN4mbed10FileHandle4sizeEv
                0x00001004       0x32 BUILD/NRF52_DK/GCC_ARM_SIM/mbed-os/platform/source/FileHandle.o
                0x00001004                mbed::FileHandle::size()
 *fill*         0x00001036        0x2 
 .text._ZN4mbed8FilePathC2EPKc
                0x00001038       0x54 BUILD/NRF52_DK/GCC_ARM_SIM/mbed-os/platform/source/FilePath.o
                0x00001038                mbed::FilePath::FilePath(char const*)
                0x00001038                mbed::FilePath::FilePath(char const*)
 .text._ZN4mbed8FilePath8fileNameEv
                0x0000108c        0x4 BUILD/NRF52_DK/GCC_ARM_SIM/mbed-os/platform/source/FilePath.o
                0x0000108c                mbed::FilePath::fileName()
 .text._ZN4mbed8FilePath12isFileSystemEv
                0x00001090       0x12 BUILD/NRF52_DK/GCC_ARM_SIM/mbed-os/platform/source/FilePath.o
                0x00001090                mbed::FilePath::isFileSystem()
 .text._ZN4mbed8FilePath10fileSystemEv
                0x000010a2       0x12 BUILD/NRF52_DK/GCC_ARM_SIM/mbed-os/platform/source/FilePath.o
                0x000010a2                mbed::FilePath::fileSystem()
 .text._ZN4mbed8FilePath6isFileEv
                0x000010b4       0x12 BUILD/NRF52_DK/GCC_ARM_SIM/mbed-os/platform/source/FilePath.o
                0x000010b4                mbed::FilePath::isFile()
 .text._ZN4mbed8FilePath4fileEv
                0x000010c6       0x12 BUILD/NRF52_DK/GCC_ARM_SIM/mbed-os/platform/source/FilePath.o
                0x000010c6                mbed::FilePath::file()
 .text._ZN4mbed8FilePath6existsEv
                0x000010d8        0xa BUILD/NRF52_DK/GCC_ARM_SIM/mbed-os/platform/source/FilePath.o
                0x000010d8                mbed::FilePath::exists()
 .text._ZN4mbed6Stream4lockEv
                0x000010e2        0x2 BUILD/NRF52_DK/GCC_ARM_SIM/mbed-os/platform/source/Stream.o
                0x000010e2                mbed::Stream::lock()
 .text._ZN4mbed6Stream6unlockEv
                0x000010e4        0x2 BUILD/NRF52_DK/GCC_ARM_SIM/mbed-os/platform/source/Stream.o
                0x000010e4                mbed::Stream::unlock()
 .text._ZN4mbed6Stream5closeEv
                0x000010e6        0x4 BUILD/NRF52_DK/GCC_ARM_SIM/mbed-os/platform/source/Stream.o
                0x000010e6                mbed::Stream::isatty()
                0x000010e6                mbed::Stream::sync()
                0x000010e6                mbed::Stream::close()
 .text._ZN4mbed6Stream5writeEPKvj
                0x000010ea       0x30 BUILD/NRF52_DK/GCC_ARM_SIM/mbed-os/platform/source/Stream.o
                0x000010ea                mbed::Stream::write(void const*, unsigned int)
 .text._ZN4mbed6Stream4readEPvj
                0x0000111a       0x32 BUILD/NRF52_DK/GCC_ARM_SIM/mbed-os/platform/source/Stream.o
                0x0000111a                mbed::Stream::read(void*, unsigned int)
 .text._ZN4mbed6Stream4seekEli
                0x0000114c        0x4 BUILD/NRF52_DK/GCC_ARM_SIM/mbed-os/platform/source/Stream.o
                0x0000114c                mbed::Stream::seek(long, int)
 .text._ZN4mbed6Stream4tellEv
                0x00001150        0x4 BUILD/NRF52_DK/GCC_ARM_SIM/mbed-os/platform/source/Stream.o
                0x00001150                mbed::Stream::tell()
                0x00001150                mbed::Stream::size()
 .text._ZN4mbed6Stream6rewindEv
                0x00001154        0x2 BUILD/NRF52_DK/GCC_ARM_SIM/mbed-os/platform/source/Stream.o
                0x00001154                mbed::Stream::rewind()
 *fill*         0x00001156        0x2 
 .text._ZN4mbed6StreamC2EPKc
                0x00001158       0x54 BUILD/NRF52_DK/GCC_ARM_SIM/mbed-os/platform/source/Stream.o
                0x00001158                mbed::Stream::Stream(char const*)
                0x00001158                mbed::Stream::Stream(char const*)
 .text._ZN4mbed6StreamD2Ev
                0x000011ac       0x34 BUILD/NRF52_DK/GCC_ARM_SIM/mbed-os/platform/source/Stream.o
                0x000011ac                mbed::Stream::~Stream()
                0x000011ac                mbed::Stream::~Stream()
 .text._ZN4mbed6Stream4putcEi
                0x000011e0       0x2c BUILD/NRF52_DK/GCC_ARM_SIM/mbed-os/platform/source/Stream.o
                0x000011e0                mbed::Stream::putc(int)
 .text._ZN4mbed6Stream4getcEv
                0x0000120c       0x24 BUILD/NRF52_DK/GCC_ARM_SIM/mbed-os/platform/source/Stream.o
                0x0000120c                mbed::Stream::getc()
 .text._ZN4mbed6Stream6printfEPKcz
                0x00001230       0x3e BUILD/NRF52_DK/GCC_ARM_SIM/mbed-os/platform/source/Stream.o
                0x00001230                mbed::Stream::printf(char const*, ...)
 *fill*         0x0000126e        0x2 
 .text          0x00001270       0xd0 BUILD/NRF52_DK/GCC_ARM_SIM/mbed-os/platform/source/TARGET_CORTEX_M/TOOLCHAIN_GCC/except.o
                0x00001270                HardFault_Handler
                0x00001278                MemManage_Handler
                0x00001280                BusFault_Handler
                0x00001288                UsageFault_Handler
                0x00001290                Fault_Handler
 .text.print_context_info
                0x00001340       0xec BUILD/NRF52_DK/GCC_ARM_SIM/mbed-os/platform/source/TARGET_CORTEX_M/mbed_fault_handler.o
                0x00001340                print_context_info
 .text.mbed_fault_handler
                0x0000142c       0xa4 BUILD/NRF52_DK/GCC_ARM_SIM/mbed-os/platform/source/TARGET_CORTEX_M/mbed_fault_handler.o
                0x0000142c                mbed_fault_handler
 .text.__wrap__malloc_r
                0x000014d0        0x4 BUILD/NRF52_DK/GCC_ARM_SIM/mbed-os/platform/source/mbed_alloc_wrappers.o
                0x000014d0                __wrap__malloc_r
 .text.__wrap__realloc_r
                0x000014d4        0x4 BUILD/NRF52_DK/GCC_ARM_SIM/mbed-os/platform/source/mbed_alloc_wrappers.o
                0x000014d4                __wrap__realloc_r
 .text.__wrap__free_r
                0x000014d8        0x4 BUILD/NRF52_DK/GCC_ARM_SIM/mbed-os/platform/source/mbed_alloc_wrappers.o
                0x000014d8                __wrap__free_r
 .text.__wrap__calloc_r
                0x000014dc        0x4 BUILD/NRF52_DK/GCC_ARM_SIM/mbed-os/platform/source/mbed_alloc_wrappers.o
                0x000014dc                __wrap__calloc_r
 .text.mbed_assert_internal
                0x000014e0       0x14 BUILD/NRF52_DK/GCC_ARM_SIM/mbed-os/platform/source/mbed_assert.o
                0x000014e0                mbed_assert_internal
 .text.core_util_atomic_flag_test_and_set
                0x000014f4       0x14 BUILD/NRF52_DK/GCC_ARM_SIM/mbed-os/platform/source/mbed_atomic_impl.o
                0x000014f4                core_util_atomic_flag_test_and_set
 .text.core_util_atomic_incr_u16
                0x00001508       0x12 BUILD/NRF52_DK/GCC_ARM_SIM/mbed-os/platform/source/mbed_atomic_impl.o
                0x00001508                core_util_atomic_incr_u16
 .text.core_util_atomic_incr_u32
                0x0000151a       0x12 BUILD/NRF52_DK/GCC_ARM_SIM/mbed-os/platform/source/mbed_atomic_impl.o
                0x0000151a                core_util_atomic_incr_u32
 .text.core_util_atomic_decr_u16
                0x0000152c       0x12 BUILD/NRF52_DK/GCC_ARM_SIM/mbed-os/platform/source/mbed_atomic_impl.o
                0x0000152c                core_util_atomic_decr_u16
 .text.core_util_atomic_decr_u32
                0x0000153e       0x12 BUILD/NRF52_DK/GCC_ARM_SIM/mbed-os/platform/source/mbed_atomic_impl.o
                0x0000153e                core_util_atomic_decr_u32
 .text.core_util_atomic_exchange_u8
                0x00001550        0xc BUILD/NRF52_DK/GCC_ARM_SIM/mbed-os/platform/source/mbed_atomic_impl.o
                0x00001550                core_util_atomic_exchange_u8
 .text.gpio_write.isra.0.part.0
                0x0000155c       0x14 BUILD/NRF52_DK/GCC_ARM_SIM/mbed-os/platform/source/mbed_board.o
 .text.mbed_die
                0x00001570       0x90 BUILD/NRF52_DK/GCC_ARM_SIM/mbed-os/platform/source/mbed_board.o
                0x00001570                mbed_die
 .text.mbed_error_puts
                0x00001600       0x2e BUILD/NRF52_DK/GCC_ARM_SIM/mbed-os/platform/source/mbed_board.o
                0x00001600                mbed_error_puts
 *fill*         0x0000162e        0x2 
 .text.mbed_error_vprintf
                0x00001630       0x38 BUILD/NRF52_DK/GCC_ARM_SIM/mbed-os/platform/source/mbed_board.o
                0x00001630                mbed_error_vprintf
 .text.mbed_error_printf
                0x00001668       0x1a BUILD/NRF52_DK/GCC_ARM_SIM/mbed-os/platform/source/mbed_board.o
                0x00001668                mbed_error_printf
 .text.core_util_are_interrupts_enabled
                0x00001682        0xc BUILD/NRF52_DK/GCC_ARM_SIM/mbed-os/platform/source/mbed_critical.o
                0x00001682                core_util_are_interrupts_enabled
 .text.core_util_is_isr_active
                0x0000168e        0xc BUILD/NRF52_DK/GCC_ARM_SIM/mbed-os/platform/source/mbed_critical.o
                0x0000168e                core_util_is_isr_active
 *fill*         0x0000169a        0x2 
 .text.core_util_critical_section_enter
                0x0000169c       0x2c BUILD/NRF52_DK/GCC_ARM_SIM/mbed-os/platform/source/mbed_critical.o
                0x0000169c                core_util_critical_section_enter
 .text.core_util_critical_section_exit
                0x000016c8       0x18 BUILD/NRF52_DK/GCC_ARM_SIM/mbed-os/platform/source/mbed_critical.o
                0x000016c8                core_util_critical_section_exit
 .text.mbed_halt_system
                0x000016e0       0x34 BUILD/NRF52_DK/GCC_ARM_SIM/mbed-os/platform/source/mbed_error.o
 .text.handle_error.isra.0
                0x00001714       0xac BUILD/NRF52_DK/GCC_ARM_SIM/mbed-os/platform/source/mbed_error.o
 .text.print_error_report.constprop.0
                0x000017c0      0x104 BUILD/NRF52_DK/GCC_ARM_SIM/mbed-os/platform/source/mbed_error.o
 .text.mbed_error
                0x000018c4       0x34 BUILD/NRF52_DK/GCC_ARM_SIM/mbed-os/platform/source/mbed_error.o
                0x000018c4                mbed_error
 .text.sleep_manager_lock_deep_sleep_internal
                0x000018f8       0x2c BUILD/NRF52_DK/GCC_ARM_SIM/mbed-os/platform/source/mbed_power_mgmt.o
                0x000018f8                sleep_manager_lock_deep_sleep_internal
 .text.sleep_manager_unlock_deep_sleep_internal
                0x00001924       0x34 BUILD/NRF52_DK/GCC_ARM_SIM/mbed-os/platform/source/mbed_power_mgmt.o
                0x00001924                sleep_manager_unlock_deep_sleep_internal
 .text._ZN12DirectSerial4seekEli
                0x00001958        0x6 BUILD/NRF52_DK/GCC_ARM_SIM/mbed-os/platform/source/mbed_retarget.o
                0x00001958                DirectSerial::seek(long, int)
 .text._ZN12DirectSerial4sizeEv
                0x0000195e        0x6 BUILD/NRF52_DK/GCC_ARM_SIM/mbed-os/platform/source/mbed_retarget.o
                0x0000195e                DirectSerial::size()
 .text._ZN12DirectSerial6isattyEv
                0x00001964        0x4 BUILD/NRF52_DK/GCC_ARM_SIM/mbed-os/platform/source/mbed_retarget.o
                0x00001964                DirectSerial::isatty()
 .text._ZN12DirectSerial5closeEv
                0x00001968        0x4 BUILD/NRF52_DK/GCC_ARM_SIM/mbed-os/platform/source/mbed_retarget.o
                0x00001968                DirectSerial::close()
 .text._ZN12DirectSerialD2Ev
                0x0000196c        0x2 BUILD/NRF52_DK/GCC_ARM_SIM/mbed-os/platform/source/mbed_retarget.o
                0x0000196c                DirectSerial::~DirectSerial()
                0x0000196c                DirectSerial::~DirectSerial()
 *fill*         0x0000196e        0x2 
 .text._ZN12DirectSerial5writeEPKvj
                0x00001970       0x24 BUILD/NRF52_DK/GCC_ARM_SIM/mbed-os/platform/source/mbed_retarget.o
                0x00001970                DirectSerial::write(void const*, unsigned int)
 .text._ZNK12DirectSerial4pollEs
                0x00001994       0x30 BUILD/NRF52_DK/GCC_ARM_SIM/mbed-os/platform/source/mbed_retarget.o
                0x00001994                DirectSerial::poll(short) const
 .text._ZN12DirectSerialD0Ev
                0x000019c4        0xc BUILD/NRF52_DK/GCC_ARM_SIM/mbed-os/platform/source/mbed_retarget.o
                0x000019c4                DirectSerial::~DirectSerial()
 .text._ZN12DirectSerial4readEPvj
                0x000019d0       0x1c BUILD/NRF52_DK/GCC_ARM_SIM/mbed-os/platform/source/mbed_retarget.o
                0x000019d0                DirectSerial::read(void*, unsigned int)
 .text._ZN12DirectSerialC2ERK15serial_pinmap_ti
                0x000019ec       0x30 BUILD/NRF52_DK/GCC_ARM_SIM/mbed-os/platform/source/mbed_retarget.o
                0x000019ec                DirectSerial::DirectSerial(serial_pinmap_t const&, int)
                0x000019ec                DirectSerial::DirectSerial(serial_pinmap_t const&, int)
 .text._ZN4mbed28mbed_target_override_consoleEi
                0x00001a1c        0x4 BUILD/NRF52_DK/GCC_ARM_SIM/mbed-os/platform/source/mbed_retarget.o
                0x00001a1c                mbed::mbed_target_override_console(int)
 .text._ZN4mbed21mbed_override_consoleEi
                0x00001a20        0x4 BUILD/NRF52_DK/GCC_ARM_SIM/mbed-os/platform/source/mbed_retarget.o
                0x00001a20                mbed::mbed_override_console(int)
 .text.__cxa_pure_virtual
                0x00001a24        0x8 BUILD/NRF52_DK/GCC_ARM_SIM/mbed-os/platform/source/mbed_retarget.o
                0x00001a24                __cxa_pure_virtual
 .text._sbrk    0x00001a2c       0x2c BUILD/NRF52_DK/GCC_ARM_SIM/mbed-os/platform/source/mbed_retarget.o
                0x00001a2c                _sbrk
 .text._exit    0x00001a58        0xa BUILD/NRF52_DK/GCC_ARM_SIM/mbed-os/platform/source/mbed_retarget.o
                0x00001a58                _exit
 .text.__aeabi_atexit
                0x00001a62        0x4 BUILD/NRF52_DK/GCC_ARM_SIM/mbed-os/platform/source/mbed_retarget.o
                0x00001a62                __aeabi_atexit
 .text.__wrap_exit
                0x00001a66        0x6 BUILD/NRF52_DK/GCC_ARM_SIM/mbed-os/platform/source/mbed_retarget.o
                0x00001a66                __wrap_exit
 .text.__wrap_atexit
                0x00001a6c        0x4 BUILD/NRF52_DK/GCC_ARM_SIM/mbed-os/platform/source/mbed_retarget.o
                0x00001a6c                __wrap_atexit
 .text._ZN4mbed26mbed_set_unbuffered_streamEP7__sFILE
                0x00001a70        0x6 BUILD/NRF52_DK/GCC_ARM_SIM/mbed-os/platform/source/mbed_retarget.o
                0x00001a70                mbed::mbed_set_unbuffered_stream(__sFILE*)
 .text.__rtos_malloc_lock
                0x00001a76        0x2 BUILD/NRF52_DK/GCC_ARM_SIM/mbed-os/platform/source/mbed_retarget.o
                0x00001a76                __rtos_malloc_lock
 .text.__rtos_malloc_unlock
                0x00001a78        0x2 BUILD/NRF52_DK/GCC_ARM_SIM/mbed-os/platform/source/mbed_retarget.o
                0x00001a78                __rtos_malloc_unlock
 .text.__malloc_lock
                0x00001a7a        0x8 BUILD/NRF52_DK/GCC_ARM_SIM/mbed-os/platform/source/mbed_retarget.o
                0x00001a7a                __malloc_lock
 .text.__malloc_unlock
                0x00001a82        0x8 BUILD/NRF52_DK/GCC_ARM_SIM/mbed-os/platform/source/mbed_retarget.o
                0x00001a82                __malloc_unlock
 *fill*         0x00001a8a        0x2 
 .text.__cxa_guard_acquire
                0x00001a8c       0x3c BUILD/NRF52_DK/GCC_ARM_SIM/mbed-os/platform/source/mbed_retarget.o
                0x00001a8c                __cxa_guard_acquire
 .text.__cxa_guard_release
                0x00001ac8       0x2c BUILD/NRF52_DK/GCC_ARM_SIM/mbed-os/platform/source/mbed_retarget.o
                0x00001ac8                __cxa_guard_release
 .text._ZN4mbed16mbed_file_handleEi
                0x00001af4       0x84 BUILD/NRF52_DK/GCC_ARM_SIM/mbed-os/platform/source/mbed_retarget.o
                0x00001af4                mbed::mbed_file_handle(int)
 .text.close    0x00001b78       0x3c BUILD/NRF52_DK/GCC_ARM_SIM/mbed-os/platform/source/mbed_retarget.o
                0x00001b78                close
 .text._close   0x00001bb4        0x4 BUILD/NRF52_DK/GCC_ARM_SIM/mbed-os/platform/source/mbed_retarget.o
                0x00001bb4                _close
 .text.write    0x00001bb8       0x36 BUILD/NRF52_DK/GCC_ARM_SIM/mbed-os/platform/source/mbed_retarget.o
                0x00001bb8                write
 .text._write   0x00001bee       0x22 BUILD/NRF52_DK/GCC_ARM_SIM/mbed-os/platform/source/mbed_retarget.o
                0x00001bee                _write
 .text.read     0x00001c10       0x36 BUILD/NRF52_DK/GCC_ARM_SIM/mbed-os/platform/source/mbed_retarget.o
                0x00001c10                read
 .text._read    0x00001c46       0x1c BUILD/NRF52_DK/GCC_ARM_SIM/mbed-os/platform/source/mbed_retarget.o
                0x00001c46                _read
 .text.isatty   0x00001c62       0x2c BUILD/NRF52_DK/GCC_ARM_SIM/mbed-os/platform/source/mbed_retarget.o
                0x00001c62                isatty
 .text.fdopen   0x00001c8e       0x2c BUILD/NRF52_DK/GCC_ARM_SIM/mbed-os/platform/source/mbed_retarget.o
                0x00001c8e                fdopen
 .text._isatty  0x00001cba        0x4 BUILD/NRF52_DK/GCC_ARM_SIM/mbed-os/platform/source/mbed_retarget.o
                0x00001cba                _isatty
 .text.lseek    0x00001cbe       0x36 BUILD/NRF52_DK/GCC_ARM_SIM/mbed-os/platform/source/mbed_retarget.o
                0x00001cbe                lseek
 .text._lseek   0x00001cf4        0x4 BUILD/NRF52_DK/GCC_ARM_SIM/mbed-os/platform/source/mbed_retarget.o
                0x00001cf4                _lseek
 .text.fstat    0x00001cf8       0x3c BUILD/NRF52_DK/GCC_ARM_SIM/mbed-os/platform/source/mbed_retarget.o
                0x00001cf8                fstat
 .text._fstat   0x00001d34        0x4 BUILD/NRF52_DK/GCC_ARM_SIM/mbed-os/platform/source/mbed_retarget.o
                0x00001d34                _fstat
 .text._ZdlPvj  0x00001d38        0x4 BUILD/NRF52_DK/GCC_ARM_SIM/mbed-os/platform/source/mbed_retarget.o
                0x00001d38                operator delete(void*, unsigned int)
 .text._ZN4mbed17remove_filehandleEPNS_10FileHandleE
                0x00001d3c       0x30 BUILD/NRF52_DK/GCC_ARM_SIM/mbed-os/platform/source/mbed_retarget.o
                0x00001d3c                mbed::remove_filehandle(mbed::FileHandle*)
 .text._ZL18reserve_filehandlev
                0x00001d6c       0x48 BUILD/NRF52_DK/GCC_ARM_SIM/mbed-os/platform/source/mbed_retarget.o
 .text._ZN4mbed10bind_to_fdEPNS_10FileHandleE
                0x00001db4       0x18 BUILD/NRF52_DK/GCC_ARM_SIM/mbed-os/platform/source/mbed_retarget.o
                0x00001db4                mbed::bind_to_fd(mbed::FileHandle*)
 .text._ZN4mbed6fdopenEPNS_10FileHandleEPKc
                0x00001dcc       0x40 BUILD/NRF52_DK/GCC_ARM_SIM/mbed-os/platform/source/mbed_retarget.o
                0x00001dcc                mbed::fdopen(mbed::FileHandle*, char const*)
 .text.open     0x00001e0c       0x98 BUILD/NRF52_DK/GCC_ARM_SIM/mbed-os/platform/source/mbed_retarget.o
                0x00001e0c                open
 .text._open    0x00001ea4       0x68 BUILD/NRF52_DK/GCC_ARM_SIM/mbed-os/platform/source/mbed_retarget.o
                0x00001ea4                _open
 .text.mbed_main
                0x00001f0c        0x2 BUILD/NRF52_DK/GCC_ARM_SIM/mbed-os/platform/source/mbed_sdk_boot.o
                0x00001f0c                mbed_main
 .text.software_init_hook_rtos
                0x00001f0e        0x2 BUILD/NRF52_DK/GCC_ARM_SIM/mbed-os/platform/source/mbed_sdk_boot.o
                0x00001f0e                software_init_hook_rtos
 .text.software_init_hook
                0x00001f10        0xc BUILD/NRF52_DK/GCC_ARM_SIM/mbed-os/platform/source/mbed_sdk_boot.o
                0x00001f10                software_init_hook
 .text.__wrap_main
                0x00001f1c        0xe BUILD/NRF52_DK/GCC_ARM_SIM/mbed-os/platform/source/mbed_sdk_boot.o
                0x00001f1c                __wrap_main
 .text.wait_us  0x00001f2a       0x1e BUILD/NRF52_DK/GCC_ARM_SIM/mbed-os/platform/source/mbed_wait_api_no_rtos.o
                0x00001f2a                wait_us
 .text          0x00001f48       0x4c BUILD/NRF52_DK/GCC_ARM_SIM/mbed-os/targets/TARGET_NORDIC/TARGET_NRF5x/TARGET_NRF52/TARGET_MCU_NRF52832/device/TOOLCHAIN_GCC_ARM/startup_NRF52832.o
                0x00001f48                Reset_Handler
                0x00001f80                NMI_Handler
                0x00001f84                MemoryManagement_Handler
                0x00001f8a                SVC_Handler
                0x00001f8c                DebugMon_Handler
                0x00001f8e                PendSV_Handler
                0x00001f90                SysTick_Handler
                0x00001f92                I2S_IRQHandler_v
                0x00001f92                POWER_CLOCK_IRQHandler
                0x00001f92                RADIO_IRQHandler
                0x00001f92                WDT_IRQHandler_v
                0x00001f92                SWI3_EGU3_IRQHandler_v
                0x00001f92                PWM0_IRQHandler_v
                0x00001f92                FPU_IRQHandler_v
                0x00001f92                TIMER2_IRQHandler_v
                0x00001f92                RTC0_IRQHandler
                0x00001f92                PDM_IRQHandler_v
                0x00001f92                SWI4_EGU4_IRQHandler
                0x00001f92                RTC1_IRQHandler_v
                0x00001f92                TIMER4_IRQHandler_v
                0x00001f92                TIMER3_IRQHandler_v
                0x00001f92                ECB_IRQHandler
                0x00001f92                TIMER0_IRQHandler_v
                0x00001f92                Default_Handler
                0x00001f92                GPIOTE_IRQHandler_v
                0x00001f92                SPIM1_SPIS1_TWIM1_TWIS1_SPI1_TWI1_IRQHandler_v
                0x00001f92                SWI2_EGU2_IRQHandler_v
                0x00001f92                UARTE0_UART0_IRQHandler_v
                0x00001f92                SAADC_IRQHandler_v
                0x00001f92                CCM_AAR_IRQHandler
                0x00001f92                QDEC_IRQHandler_v
                0x00001f92                RTC2_IRQHandler_v
                0x00001f92                SWI5_EGU5_IRQHandler
                0x00001f92                TEMP_IRQHandler_v
                0x00001f92                TIMER1_IRQHandler_v
                0x00001f92                SWI1_EGU1_IRQHandler_v
                0x00001f92                SWI0_EGU0_IRQHandler_v
                0x00001f92                SPIM2_SPIS2_SPI2_IRQHandler_v
                0x00001f92                COMP_LPCOMP_IRQHandler_v
                0x00001f92                NFCT_IRQHandler_v
                0x00001f92                MWU_IRQHandler
                0x00001f92                PWM1_IRQHandler_v
                0x00001f92                SPIM0_SPIS0_TWIM0_TWIS0_SPI0_TWI0_IRQHandler_v
                0x00001f92                PWM2_IRQHandler_v
 .text.NVIC_SetVector
                0x00001f94       0x10 BUILD/NRF52_DK/GCC_ARM_SIM/mbed-os/targets/TARGET_NORDIC/TARGET_NRF5x/TARGET_NRF52/TARGET_MCU_NRF52832/device/cmsis_nvic.o
                0x00001f94                NVIC_SetVector
 .text.errata_12
                0x00001fa4       0x40 BUILD/NRF52_DK/GCC_ARM_SIM/mbed-os/targets/TARGET_NORDIC/TARGET_NRF5x/TARGET_NRF52/TARGET_MCU_NRF52832/device/system_nrf52.o
 .text.errata_16
                0x00001fe4       0x34 BUILD/NRF52_DK/GCC_ARM_SIM/mbed-os/targets/TARGET_NORDIC/TARGET_NRF5x/TARGET_NRF52/TARGET_MCU_NRF52832/device/system_nrf52.o
 .text.SystemInit
                0x00002018      0x258 BUILD/NRF52_DK/GCC_ARM_SIM/mbed-os/targets/TARGET_NORDIC/TARGET_NRF5x/TARGET_NRF52/TARGET_MCU_NRF52832/device/system_nrf52.o
                0x00002018                SystemInit
 .text.hal_critical_section_enter
                0x00002270       0x10 BUILD/NRF52_DK/GCC_ARM_SIM/mbed-os/targets/TARGET_NORDIC/TARGET_NRF5x/TARGET_NRF52/critical_section_api.o
                0x00002270                hal_critical_section_enter
 .text.hal_critical_section_exit
                0x00002280       0x10 BUILD/NRF52_DK/GCC_ARM_SIM/mbed-os/targets/TARGET_NORDIC/TARGET_NRF5x/TARGET_NRF52/critical_section_api.o
                0x00002280                hal_critical_section_exit
 .text.gpiote_irq_handler
                0x00002290       0x54 BUILD/NRF52_DK/GCC_ARM_SIM/mbed-os/targets/TARGET_NORDIC/TARGET_NRF5x/TARGET_NRF52/gpio_api.o
 .text.gpiote_pin_uninit
                0x000022e4       0x30 BUILD/NRF52_DK/GCC_ARM_SIM/mbed-os/targets/TARGET_NORDIC/TARGET_NRF5x/TARGET_NRF52/gpio_api.o
 .text.gpio_apply_config
                0x00002314       0xd8 BUILD/NRF52_DK/GCC_ARM_SIM/mbed-os/targets/TARGET_NORDIC/TARGET_NRF5x/TARGET_NRF52/gpio_api.o
 .text.gpio_init
                0x000023ec       0x48 BUILD/NRF52_DK/GCC_ARM_SIM/mbed-os/targets/TARGET_NORDIC/TARGET_NRF5x/TARGET_NRF52/gpio_api.o
                0x000023ec                gpio_init
 .text.gpio_read
                0x00002434       0x40 BUILD/NRF52_DK/GCC_ARM_SIM/mbed-os/targets/TARGET_NORDIC/TARGET_NRF5x/TARGET_NRF52/gpio_api.o
                0x00002434                gpio_read
 .text.gpio_mode
                0x00002474       0x44 BUILD/NRF52_DK/GCC_ARM_SIM/mbed-os/targets/TARGET_NORDIC/TARGET_NRF5x/TARGET_NRF52/gpio_api.o
                0x00002474                gpio_mode
 .text.gpio_dir
                0x000024b8       0x44 BUILD/NRF52_DK/GCC_ARM_SIM/mbed-os/targets/TARGET_NORDIC/TARGET_NRF5x/TARGET_NRF52/gpio_api.o
                0x000024b8                gpio_dir
 .text.pin_instance_uart
                0x000024fc       0x6c BUILD/NRF52_DK/GCC_ARM_SIM/mbed-os/targets/TARGET_NORDIC/TARGET_NRF5x/TARGET_NRF52/pinmap_ex.o
                0x000024fc                pin_instance_uart
 .text.nrf_reloc_vector_table
                0x00002568       0x2c BUILD/NRF52_DK/GCC_ARM_SIM/mbed-os/targets/TARGET_NORDIC/TARGET_NRF5x/TARGET_NRF52/reloc_vector_table.o
                0x00002568                nrf_reloc_vector_table
 .text.mbed_sdk_init
                0x00002594       0x38 BUILD/NRF52_DK/GCC_ARM_SIM/mbed-os/targets/TARGET_NORDIC/TARGET_NRF5x/TARGET_NRF52/reloc_vector_table.o
                0x00002594                mbed_sdk_init
 .text.nrf_uarte_event_clear
                0x000025cc       0x10 BUILD/NRF52_DK/GCC_ARM_SIM/mbed-os/targets/TARGET_NORDIC/TARGET_NRF5x/TARGET_NRF52/serial_api.o
 .text.nordic_nrf5_uart_configure_rx_asynch
                0x000025dc       0x50 BUILD/NRF52_DK/GCC_ARM_SIM/mbed-os/targets/TARGET_NORDIC/TARGET_NRF5x/TARGET_NRF52/serial_api.o
 .text.nordic_nrf5_uart_configure_object
                0x0000262c      0x148 BUILD/NRF52_DK/GCC_ARM_SIM/mbed-os/targets/TARGET_NORDIC/TARGET_NRF5x/TARGET_NRF52/serial_api.o
 .text.nordic_nrf5_uart_configure_rx
                0x00002774       0x6c BUILD/NRF52_DK/GCC_ARM_SIM/mbed-os/targets/TARGET_NORDIC/TARGET_NRF5x/TARGET_NRF52/serial_api.o
 .text.nordic_nrf5_serial_configure
                0x000027e0       0x7c BUILD/NRF52_DK/GCC_ARM_SIM/mbed-os/targets/TARGET_NORDIC/TARGET_NRF5x/TARGET_NRF52/serial_api.o
 .text.nordic_nrf5_uart_swi0
                0x0000285c       0x70 BUILD/NRF52_DK/GCC_ARM_SIM/mbed-os/targets/TARGET_NORDIC/TARGET_NRF5x/TARGET_NRF52/serial_api.o
 .text.nordic_nrf5_uart0_handler
                0x000028cc      0x10c BUILD/NRF52_DK/GCC_ARM_SIM/mbed-os/targets/TARGET_NORDIC/TARGET_NRF5x/TARGET_NRF52/serial_api.o
 .text.serial_init
                0x000029d8      0x15c BUILD/NRF52_DK/GCC_ARM_SIM/mbed-os/targets/TARGET_NORDIC/TARGET_NRF5x/TARGET_NRF52/serial_api.o
                0x000029d8                serial_init
 .text.serial_baud
                0x00002b34       0xf4 BUILD/NRF52_DK/GCC_ARM_SIM/mbed-os/targets/TARGET_NORDIC/TARGET_NRF5x/TARGET_NRF52/serial_api.o
                0x00002b34                serial_baud
 .text.serial_irq_handler
                0x00002c28       0x20 BUILD/NRF52_DK/GCC_ARM_SIM/mbed-os/targets/TARGET_NORDIC/TARGET_NRF5x/TARGET_NRF52/serial_api.o
                0x00002c28                serial_irq_handler
 .text.serial_irq_set
                0x00002c48       0x3c BUILD/NRF52_DK/GCC_ARM_SIM/mbed-os/targets/TARGET_NORDIC/TARGET_NRF5x/TARGET_NRF52/serial_api.o
                0x00002c48                serial_irq_set
 .text.serial_getc
                0x00002c84       0x7c BUILD/NRF52_DK/GCC_ARM_SIM/mbed-os/targets/TARGET_NORDIC/TARGET_NRF5x/TARGET_NRF52/serial_api.o
                0x00002c84                serial_getc
 .text.serial_putc
                0x00002d00       0x6c BUILD/NRF52_DK/GCC_ARM_SIM/mbed-os/targets/TARGET_NORDIC/TARGET_NRF5x/TARGET_NRF52/serial_api.o
                0x00002d00                serial_putc
 .text.serial_readable
                0x00002d6c       0x40 BUILD/NRF52_DK/GCC_ARM_SIM/mbed-os/targets/TARGET_NORDIC/TARGET_NRF5x/TARGET_NRF52/serial_api.o
                0x00002d6c                serial_readable
 .text.serial_writable
                0x00002dac       0x44 BUILD/NRF52_DK/GCC_ARM_SIM/mbed-os/targets/TARGET_NORDIC/TARGET_NRF5x/TARGET_NRF52/serial_api.o
                0x00002dac                serial_writable
 .text.us_ticker_get_info
                0x00002df0        0x8 BUILD/NRF52_DK/GCC_ARM_SIM/mbed-os/targets/TARGET_NORDIC/TARGET_NRF5x/TARGET_NRF52/us_ticker.o
                0x00002df0                us_ticker_get_info
 .text.us_ticker_init
                0x00002df8       0xa4 BUILD/NRF52_DK/GCC_ARM_SIM/mbed-os/targets/TARGET_NORDIC/TARGET_NRF5x/TARGET_NRF52/us_ticker.o
                0x00002df8                us_ticker_init
 .text.us_ticker_read
                0x00002e9c       0x10 BUILD/NRF52_DK/GCC_ARM_SIM/mbed-os/targets/TARGET_NORDIC/TARGET_NRF5x/TARGET_NRF52/us_ticker.o
                0x00002e9c                us_ticker_read
 .text.us_ticker_set_interrupt
                0x00002eac       0x3c BUILD/NRF52_DK/GCC_ARM_SIM/mbed-os/targets/TARGET_NORDIC/TARGET_NRF5x/TARGET_NRF52/us_ticker.o
                0x00002eac                us_ticker_set_interrupt
 .text.us_ticker_fire_interrupt
                0x00002ee8       0x10 BUILD/NRF52_DK/GCC_ARM_SIM/mbed-os/targets/TARGET_NORDIC/TARGET_NRF5x/TARGET_NRF52/us_ticker.o
                0x00002ee8                us_ticker_fire_interrupt
 .text.us_ticker_disable_interrupt
                0x00002ef8       0x10 BUILD/NRF52_DK/GCC_ARM_SIM/mbed-os/targets/TARGET_NORDIC/TARGET_NRF5x/TARGET_NRF52/us_ticker.o
                0x00002ef8                us_ticker_disable_interrupt
 .text.us_ticker_clear_interrupt
                0x00002f08       0x18 BUILD/NRF52_DK/GCC_ARM_SIM/mbed-os/targets/TARGET_NORDIC/TARGET_NRF5x/TARGET_NRF52/us_ticker.o
                0x00002f08                us_ticker_clear_interrupt
 .text.us_ticker_free
                0x00002f20       0x3c BUILD/NRF52_DK/GCC_ARM_SIM/mbed-os/targets/TARGET_NORDIC/TARGET_NRF5x/TARGET_NRF52/us_ticker.o
                0x00002f20                us_ticker_free
 .text.sd_nvic_critical_region_enter
                0x00002f5c       0x1c BUILD/NRF52_DK/GCC_ARM_SIM/mbed-os/targets/TARGET_NORDIC/TARGET_NRF5x/TARGET_SDK_15_0/TARGET_SOFTDEVICE_NONE/nrf_soc_nosd/nrf_nvic.o
                0x00002f5c                sd_nvic_critical_region_enter
 .text.sd_nvic_critical_region_exit
                0x00002f78       0x18 BUILD/NRF52_DK/GCC_ARM_SIM/mbed-os/targets/TARGET_NORDIC/TARGET_NRF5x/TARGET_SDK_15_0/TARGET_SOFTDEVICE_NONE/nrf_soc_nosd/nrf_nvic.o
                0x00002f78                sd_nvic_critical_region_exit
 .text.nrf_atomic_u32_sub
                0x00002f90       0x18 BUILD/NRF52_DK/GCC_ARM_SIM/mbed-os/targets/TARGET_NORDIC/TARGET_NRF5x/TARGET_SDK_15_0/components/libraries/atomic/nrf_atomic.o
                0x00002f90                nrf_atomic_u32_sub
 .text.nrf_atfifo_init
                0x00002fa8       0x26 BUILD/NRF52_DK/GCC_ARM_SIM/mbed-os/targets/TARGET_NORDIC/TARGET_NRF5x/TARGET_SDK_15_0/components/libraries/atomic_fifo/nrf_atfifo.o
                0x00002fa8                nrf_atfifo_init
 .text.nrf_atfifo_clear
                0x00002fce       0x44 BUILD/NRF52_DK/GCC_ARM_SIM/mbed-os/targets/TARGET_NORDIC/TARGET_NRF5x/TARGET_SDK_15_0/components/libraries/atomic_fifo/nrf_atfifo.o
                0x00002fce                nrf_atfifo_clear
 .text.nrf_atfifo_item_alloc
                0x00003012       0x54 BUILD/NRF52_DK/GCC_ARM_SIM/mbed-os/targets/TARGET_NORDIC/TARGET_NRF5x/TARGET_SDK_15_0/components/libraries/atomic_fifo/nrf_atfifo.o
                0x00003012                nrf_atfifo_item_alloc
 .text.nrf_atfifo_item_put
                0x00003066       0x20 BUILD/NRF52_DK/GCC_ARM_SIM/mbed-os/targets/TARGET_NORDIC/TARGET_NRF5x/TARGET_SDK_15_0/components/libraries/atomic_fifo/nrf_atfifo.o
                0x00003066                nrf_atfifo_item_put
 .text.nrf_atfifo_item_get
                0x00003086       0x56 BUILD/NRF52_DK/GCC_ARM_SIM/mbed-os/targets/TARGET_NORDIC/TARGET_NRF5x/TARGET_SDK_15_0/components/libraries/atomic_fifo/nrf_atfifo.o
                0x00003086                nrf_atfifo_item_get
 .text.nrf_atfifo_item_free
                0x000030dc       0x20 BUILD/NRF52_DK/GCC_ARM_SIM/mbed-os/targets/TARGET_NORDIC/TARGET_NRF5x/TARGET_SDK_15_0/components/libraries/atomic_fifo/nrf_atfifo.o
                0x000030dc                nrf_atfifo_item_free
 .text.event_send
                0x000030fc       0x20 BUILD/NRF52_DK/GCC_ARM_SIM/mbed-os/targets/TARGET_NORDIC/TARGET_NRF5x/TARGET_SDK_15_0/components/libraries/fds/fds.o
 .text.gc_page_erase
                0x0000311c       0x40 BUILD/NRF52_DK/GCC_ARM_SIM/mbed-os/targets/TARGET_NORDIC/TARGET_NRF5x/TARGET_SDK_15_0/components/libraries/fds/fds.o
 .text.page_tag_write_swap
                0x0000315c       0x28 BUILD/NRF52_DK/GCC_ARM_SIM/mbed-os/targets/TARGET_NORDIC/TARGET_NRF5x/TARGET_SDK_15_0/components/libraries/fds/fds.o
 .text.page_tag_write_data
                0x00003184       0x20 BUILD/NRF52_DK/GCC_ARM_SIM/mbed-os/targets/TARGET_NORDIC/TARGET_NRF5x/TARGET_SDK_15_0/components/libraries/fds/fds.o
 .text.record_header_flag_dirty
                0x000031a4       0x38 BUILD/NRF52_DK/GCC_ARM_SIM/mbed-os/targets/TARGET_NORDIC/TARGET_NRF5x/TARGET_SDK_15_0/components/libraries/fds/fds.o
 .text.gc_record_copy
                0x000031dc       0x38 BUILD/NRF52_DK/GCC_ARM_SIM/mbed-os/targets/TARGET_NORDIC/TARGET_NRF5x/TARGET_SDK_15_0/components/libraries/fds/fds.o
 .text.header_check
                0x00003214       0x28 BUILD/NRF52_DK/GCC_ARM_SIM/mbed-os/targets/TARGET_NORDIC/TARGET_NRF5x/TARGET_SDK_15_0/components/libraries/fds/fds.o
 .text.record_find_next
                0x0000323c       0x58 BUILD/NRF52_DK/GCC_ARM_SIM/mbed-os/targets/TARGET_NORDIC/TARGET_NRF5x/TARGET_SDK_15_0/components/libraries/fds/fds.o
 .text.record_find_by_desc
                0x00003294       0xa4 BUILD/NRF52_DK/GCC_ARM_SIM/mbed-os/targets/TARGET_NORDIC/TARGET_NRF5x/TARGET_SDK_15_0/components/libraries/fds/fds.o
 .text.record_find
                0x00003338       0x84 BUILD/NRF52_DK/GCC_ARM_SIM/mbed-os/targets/TARGET_NORDIC/TARGET_NRF5x/TARGET_SDK_15_0/components/libraries/fds/fds.o
 .text.gc_record_find_next
                0x000033bc       0x24 BUILD/NRF52_DK/GCC_ARM_SIM/mbed-os/targets/TARGET_NORDIC/TARGET_NRF5x/TARGET_SDK_15_0/components/libraries/fds/fds.o
 .text.queue_process
                0x000033e0      0x4cc BUILD/NRF52_DK/GCC_ARM_SIM/mbed-os/targets/TARGET_NORDIC/TARGET_NRF5x/TARGET_SDK_15_0/components/libraries/fds/fds.o
 .text.fs_event_handler
                0x000038ac        0x6 BUILD/NRF52_DK/GCC_ARM_SIM/mbed-os/targets/TARGET_NORDIC/TARGET_NRF5x/TARGET_SDK_15_0/components/libraries/fds/fds.o
 .text.nrf_fstorage_write
                0x000038b2       0x5c BUILD/NRF52_DK/GCC_ARM_SIM/mbed-os/targets/TARGET_NORDIC/TARGET_NRF5x/TARGET_SDK_15_0/components/libraries/fstorage/nrf_fstorage.o
                0x000038b2                nrf_fstorage_write
 .text.nrf_fstorage_erase
                0x0000390e       0x4c BUILD/NRF52_DK/GCC_ARM_SIM/mbed-os/targets/TARGET_NORDIC/TARGET_NRF5x/TARGET_SDK_15_0/components/libraries/fstorage/nrf_fstorage.o
                0x0000390e                nrf_fstorage_erase
 .text.app_util_critical_region_enter
                0x0000395a        0x4 BUILD/NRF52_DK/GCC_ARM_SIM/mbed-os/targets/TARGET_NORDIC/TARGET_NRF5x/TARGET_SDK_15_0/components/libraries/util/app_util_platform.o
                0x0000395a                app_util_critical_region_enter
 .text.app_util_critical_region_exit
                0x0000395e        0x4 BUILD/NRF52_DK/GCC_ARM_SIM/mbed-os/targets/TARGET_NORDIC/TARGET_NRF5x/TARGET_SDK_15_0/components/libraries/util/app_util_platform.o
                0x0000395e                app_util_critical_region_exit
 .text.nrf_gpiote_event_clear
                0x00003962       0x18 BUILD/NRF52_DK/GCC_ARM_SIM/mbed-os/targets/TARGET_NORDIC/TARGET_NRF5x/TARGET_SDK_15_0/modules/nrfx/drivers/src/nrfx_gpiote.o
 .text.nrf_gpio_cfg_sense_set
                0x0000397a       0x20 BUILD/NRF52_DK/GCC_ARM_SIM/mbed-os/targets/TARGET_NORDIC/TARGET_NRF5x/TARGET_SDK_15_0/modules/nrfx/drivers/src/nrfx_gpiote.o
 *fill*         0x0000399a        0x2 
 .text.channel_free
                0x0000399c       0x1c BUILD/NRF52_DK/GCC_ARM_SIM/mbed-os/targets/TARGET_NORDIC/TARGET_NRF5x/TARGET_SDK_15_0/modules/nrfx/drivers/src/nrfx_gpiote.o
 .text.pin_configured_clear
                0x000039b8       0x1c BUILD/NRF52_DK/GCC_ARM_SIM/mbed-os/targets/TARGET_NORDIC/TARGET_NRF5x/TARGET_SDK_15_0/modules/nrfx/drivers/src/nrfx_gpiote.o
 .text.nrfx_gpiote_init
                0x000039d4       0x6c BUILD/NRF52_DK/GCC_ARM_SIM/mbed-os/targets/TARGET_NORDIC/TARGET_NRF5x/TARGET_SDK_15_0/modules/nrfx/drivers/src/nrfx_gpiote.o
                0x000039d4                nrfx_gpiote_init
 .text.nrfx_gpiote_is_init
                0x00003a40       0x14 BUILD/NRF52_DK/GCC_ARM_SIM/mbed-os/targets/TARGET_NORDIC/TARGET_NRF5x/TARGET_SDK_15_0/modules/nrfx/drivers/src/nrfx_gpiote.o
                0x00003a40                nrfx_gpiote_is_init
 .text.nrfx_gpiote_out_init
                0x00003a54       0xc4 BUILD/NRF52_DK/GCC_ARM_SIM/mbed-os/targets/TARGET_NORDIC/TARGET_NRF5x/TARGET_SDK_15_0/modules/nrfx/drivers/src/nrfx_gpiote.o
                0x00003a54                nrfx_gpiote_out_init
 .text.nrfx_gpiote_out_uninit
                0x00003b18       0x64 BUILD/NRF52_DK/GCC_ARM_SIM/mbed-os/targets/TARGET_NORDIC/TARGET_NRF5x/TARGET_SDK_15_0/modules/nrfx/drivers/src/nrfx_gpiote.o
                0x00003b18                nrfx_gpiote_out_uninit
 .text.nrfx_gpiote_out_task_enable
                0x00003b7c       0x24 BUILD/NRF52_DK/GCC_ARM_SIM/mbed-os/targets/TARGET_NORDIC/TARGET_NRF5x/TARGET_SDK_15_0/modules/nrfx/drivers/src/nrfx_gpiote.o
                0x00003b7c                nrfx_gpiote_out_task_enable
 .text.nrfx_gpiote_out_task_addr_get
                0x00003ba0       0x1c BUILD/NRF52_DK/GCC_ARM_SIM/mbed-os/targets/TARGET_NORDIC/TARGET_NRF5x/TARGET_SDK_15_0/modules/nrfx/drivers/src/nrfx_gpiote.o
                0x00003ba0                nrfx_gpiote_out_task_addr_get
 .text.nrfx_gpiote_clr_task_trigger
                0x00003bbc       0x20 BUILD/NRF52_DK/GCC_ARM_SIM/mbed-os/targets/TARGET_NORDIC/TARGET_NRF5x/TARGET_SDK_15_0/modules/nrfx/drivers/src/nrfx_gpiote.o
                0x00003bbc                nrfx_gpiote_clr_task_trigger
 .text.nrfx_gpiote_in_init
                0x00003bdc       0xe4 BUILD/NRF52_DK/GCC_ARM_SIM/mbed-os/targets/TARGET_NORDIC/TARGET_NRF5x/TARGET_SDK_15_0/modules/nrfx/drivers/src/nrfx_gpiote.o
                0x00003bdc                nrfx_gpiote_in_init
 .text.nrfx_gpiote_in_event_enable
                0x00003cc0       0x88 BUILD/NRF52_DK/GCC_ARM_SIM/mbed-os/targets/TARGET_NORDIC/TARGET_NRF5x/TARGET_SDK_15_0/modules/nrfx/drivers/src/nrfx_gpiote.o
                0x00003cc0                nrfx_gpiote_in_event_enable
 .text.nrfx_gpiote_in_event_disable
                0x00003d48       0x44 BUILD/NRF52_DK/GCC_ARM_SIM/mbed-os/targets/TARGET_NORDIC/TARGET_NRF5x/TARGET_SDK_15_0/modules/nrfx/drivers/src/nrfx_gpiote.o
                0x00003d48                nrfx_gpiote_in_event_disable
 .text.nrfx_gpiote_in_uninit
                0x00003d8c       0x68 BUILD/NRF52_DK/GCC_ARM_SIM/mbed-os/targets/TARGET_NORDIC/TARGET_NRF5x/TARGET_SDK_15_0/modules/nrfx/drivers/src/nrfx_gpiote.o
                0x00003d8c                nrfx_gpiote_in_uninit
 .text.GPIOTE_IRQHandler
                0x00003df4      0x184 BUILD/NRF52_DK/GCC_ARM_SIM/mbed-os/targets/TARGET_NORDIC/TARGET_NRF5x/TARGET_SDK_15_0/modules/nrfx/drivers/src/nrfx_gpiote.o
                0x00003df4                GPIOTE_IRQHandler
 .text.nrfx_ppi_channel_alloc
                0x00003f78       0x5c BUILD/NRF52_DK/GCC_ARM_SIM/mbed-os/targets/TARGET_NORDIC/TARGET_NRF5x/TARGET_SDK_15_0/modules/nrfx/drivers/src/nrfx_ppi.o
                0x00003f78                nrfx_ppi_channel_alloc
 .text.nrfx_ppi_channel_assign
                0x00003fd4       0x40 BUILD/NRF52_DK/GCC_ARM_SIM/mbed-os/targets/TARGET_NORDIC/TARGET_NRF5x/TARGET_SDK_15_0/modules/nrfx/drivers/src/nrfx_ppi.o
                0x00003fd4                nrfx_ppi_channel_assign
 .text.nrfx_ppi_channel_enable
                0x00004014       0x2c BUILD/NRF52_DK/GCC_ARM_SIM/mbed-os/targets/TARGET_NORDIC/TARGET_NRF5x/TARGET_SDK_15_0/modules/nrfx/drivers/src/nrfx_ppi.o
                0x00004014                nrfx_ppi_channel_enable
 .text.nrfx_ppi_channel_disable
                0x00004040       0x2c BUILD/NRF52_DK/GCC_ARM_SIM/mbed-os/targets/TARGET_NORDIC/TARGET_NRF5x/TARGET_SDK_15_0/modules/nrfx/drivers/src/nrfx_ppi.o
                0x00004040                nrfx_ppi_channel_disable
 .text.RNG_IRQHandler
                0x0000406c       0x2c BUILD/NRF52_DK/GCC_ARM_SIM/mbed-os/targets/TARGET_NORDIC/TARGET_NRF5x/TARGET_SDK_15_0/modules/nrfx/drivers/src/nrfx_rng.o
                0x0000406c                RNG_IRQHandler
 .text._ZN4mbed8CallbackIFvvEE13function_moveINS2_14method_contextI12nBlock_BlinkMS5_FvvEEEEEvPvPKv
                0x00004098        0xa BUILD/NRF52_DK/GCC_ARM_SIM/nlib/Blink/blink.o
                0x00004098                void mbed::Callback<void ()>::function_move<mbed::Callback<void ()>::method_context<nBlock_Blink, void (nBlock_Blink::*)()> >(void*, void const*)
 .text._ZN4mbed8CallbackIFvvEE13function_dtorINS2_14method_contextI12nBlock_BlinkMS5_FvvEEEEEvPv
                0x000040a2        0x2 BUILD/NRF52_DK/GCC_ARM_SIM/nlib/Blink/blink.o
                0x000040a2                void mbed::Callback<void ()>::function_dtor<mbed::Callback<void ()>::method_context<nBlock_Blink, void (nBlock_Blink::*)()> >(void*)
 .text._ZN4mbed8CallbackIFvvEE13function_callINS2_14method_contextI12nBlock_BlinkMS5_FvvEEEEEvPKv
                0x000040a4       0x20 BUILD/NRF52_DK/GCC_ARM_SIM/nlib/Blink/blink.o
                0x000040a4                void mbed::Callback<void ()>::function_call<mbed::Callback<void ()>::method_context<nBlock_Blink, void (nBlock_Blink::*)()> >(void const*)
 .text._ZN12nBlock_Blink5_tickEv
                0x000040c4       0x3c BUILD/NRF52_DK/GCC_ARM_SIM/nlib/Blink/blink.o
                0x000040c4                nBlock_Blink::_tick()
 .text._ZN12nBlock_BlinkC2Em7PinName
                0x00004100       0xd0 BUILD/NRF52_DK/GCC_ARM_SIM/nlib/Blink/blink.o
                0x00004100                nBlock_Blink::nBlock_Blink(unsigned long, PinName)
                0x00004100                nBlock_Blink::nBlock_Blink(unsigned long, PinName)
 .text._ZN14nBlock_Counter12triggerInputE15nBlocks_Message
                0x000041d0       0x36 BUILD/NRF52_DK/GCC_ARM_SIM/nlib/Counter/counter.o
                0x000041d0                nBlock_Counter::triggerInput(nBlocks_Message)
 .text._ZN14nBlock_Counter8endFrameEv
                0x00004206       0x12 BUILD/NRF52_DK/GCC_ARM_SIM/nlib/Counter/counter.o
                0x00004206                nBlock_Counter::endFrame()
 .text._ZN14nBlock_CounterC2Em
                0x00004218       0x28 BUILD/NRF52_DK/GCC_ARM_SIM/nlib/Counter/counter.o
                0x00004218                nBlock_Counter::nBlock_Counter(unsigned long)
                0x00004218                nBlock_Counter::nBlock_Counter(unsigned long)
 .text._ZN21nBlock_SimulatedRadio12triggerInputE15nBlocks_Message
                0x00004240       0x72 BUILD/NRF52_DK/GCC_ARM_SIM/nlib/SimulatedRadio/simulatedradio.o
                0x00004240                nBlock_SimulatedRadio::triggerInput(nBlocks_Message)
 *fill*         0x000042b2        0x2 
 .text._ZN21nBlock_SimulatedRadioC2Emm
                0x000042b4       0x40 BUILD/NRF52_DK/GCC_ARM_SIM/nlib/SimulatedRadio/simulatedradio.o
                0x000042b4                nBlock_SimulatedRadio::nBlock_SimulatedRadio(unsigned long, unsigned long)
                0x000042b4                nBlock_SimulatedRadio::nBlock_SimulatedRadio(unsigned long, unsigned long)
 .text._ZN19nBlock_StringFormat8endFrameEv
                0x000042f4       0x22 BUILD/NRF52_DK/GCC_ARM_SIM/nlib/StringFormat/stringformat.o
                0x000042f4                nBlock_StringFormat::endFrame()
 .text._ZN19nBlock_StringFormat12triggerInputE15nBlocks_Message
                0x00004316       0x56 BUILD/NRF52_DK/GCC_ARM_SIM/nlib/StringFormat/stringformat.o
                0x00004316                nBlock_StringFormat::triggerInput(nBlocks_Message)
 .text._ZN19nBlock_StringFormatC2EPKc
                0x0000436c       0x30 BUILD/NRF52_DK/GCC_ARM_SIM/nlib/StringFormat/stringformat.o
                0x0000436c                nBlock_StringFormat::nBlock_StringFormat(char const*)
                0x0000436c                nBlock_StringFormat::nBlock_StringFormat(char const*)
 .text._ZN19nBlock_StringSerial12triggerInputE15nBlocks_Message
                0x0000439c       0x48 BUILD/NRF52_DK/GCC_ARM_SIM/nlib/StringSerial/stringserial.o
                0x0000439c                nBlock_StringSerial::triggerInput(nBlocks_Message)
 .text._ZN19nBlock_StringSerial8endFrameEv
                0x000043e4       0x1c BUILD/NRF52_DK/GCC_ARM_SIM/nlib/StringSerial/stringserial.o
                0x000043e4                nBlock_StringSerial::endFrame()
 .text._ZN19nBlock_StringSerialC2E7PinNameS0_
                0x00004400       0x3c BUILD/NRF52_DK/GCC_ARM_SIM/nlib/StringSerial/stringserial.o
                0x00004400                nBlock_StringSerial::nBlock_StringSerial(PinName, PinName)
                0x00004400                nBlock_StringSerial::nBlock_StringSerial(PinName, PinName)
 .text._ZN13nBlock_Ticker5_tickEv
                0x0000443c        0x8 BUILD/NRF52_DK/GCC_ARM_SIM/nlib/Ticker/ticker.o
                0x0000443c                nBlock_Ticker::_tick()
 .text._ZN4mbed8CallbackIFvvEE13function_moveINS2_14method_contextI13nBlock_TickerMS5_FvvEEEEEvPvPKv
                0x00004444        0xa BUILD/NRF52_DK/GCC_ARM_SIM/nlib/Ticker/ticker.o
                0x00004444                void mbed::Callback<void ()>::function_move<mbed::Callback<void ()>::method_context<nBlock_Ticker, void (nBlock_Ticker::*)()> >(void*, void const*)
 .text._ZN4mbed8CallbackIFvvEE13function_dtorINS2_14method_contextI13nBlock_TickerMS5_FvvEEEEEvPv
                0x0000444e        0x2 BUILD/NRF52_DK/GCC_ARM_SIM/nlib/Ticker/ticker.o
                0x0000444e                void mbed::Callback<void ()>::function_dtor<mbed::Callback<void ()>::method_context<nBlock_Ticker, void (nBlock_Ticker::*)()> >(void*)
 .text._ZN4mbed8CallbackIFvvEE13function_callINS2_14method_contextI13nBlock_TickerMS5_FvvEEEEEvPKv
                0x00004450       0x20 BUILD/NRF52_DK/GCC_ARM_SIM/nlib/Ticker/ticker.o
                0x00004450                void mbed::Callback<void ()>::function_call<mbed::Callback<void ()>::method_context<nBlock_Ticker, void (nBlock_Ticker::*)()> >(void const*)
 .text._ZN13nBlock_TickerC2Em
                0x00004470       0xc0 BUILD/NRF52_DK/GCC_ARM_SIM/nlib/Ticker/ticker.o
                0x00004470                nBlock_Ticker::nBlock_Ticker(unsigned long)
                0x00004470                nBlock_Ticker::nBlock_Ticker(unsigned long)
 .text._ZN10nBlockNode14readOutputTypeEm
                0x00004530        0x4 BUILD/NRF52_DK/GCC_ARM_SIM/nlib/nworkbench.o
                0x00004530                nBlockNode::readOutputType(unsigned long)
 .text._ZN10nBlockNode15outputAvailableEm
                0x00004534        0x4 BUILD/NRF52_DK/GCC_ARM_SIM/nlib/nworkbench.o
                0x00004534                nBlockNode::outputAvailable(unsigned long)
                0x00004534                nBlockNode::readOutput(unsigned long)
 .text._ZN10nBlockNode12triggerInputE15nBlocks_Message
                0x00004538        0xc BUILD/NRF52_DK/GCC_ARM_SIM/nlib/nworkbench.o
                0x00004538                nBlockNode::triggerInput(nBlocks_Message)
 .text._ZN10nBlockNode4stepEv
                0x00004544        0x2 BUILD/NRF52_DK/GCC_ARM_SIM/nlib/nworkbench.o
                0x00004544                nBlockNode::step()
 *fill*         0x00004546        0x2 
 .text._Z13propagateTickv
                0x00004548       0x10 BUILD/NRF52_DK/GCC_ARM_SIM/nlib/nworkbench.o
                0x00004548                propagateTick()
 .text._ZN10nBlockNodeC2Ev
                0x00004558       0x24 BUILD/NRF52_DK/GCC_ARM_SIM/nlib/nworkbench.o
                0x00004558                nBlockNode::nBlockNode()
                0x00004558                nBlockNode::nBlockNode()
 .text._ZN16nBlockConnectionC2EP10nBlockNodemS1_m
                0x0000457c       0x2c BUILD/NRF52_DK/GCC_ARM_SIM/nlib/nworkbench.o
                0x0000457c                nBlockConnection::nBlockConnection(nBlockNode*, unsigned long, nBlockNode*, unsigned long)
                0x0000457c                nBlockConnection::nBlockConnection(nBlockNode*, unsigned long, nBlockNode*, unsigned long)
 .text._ZN16nBlockConnection9propagateEv
                0x000045a8       0x98 BUILD/NRF52_DK/GCC_ARM_SIM/nlib/nworkbench.o
                0x000045a8                nBlockConnection::propagate()
 .text._Z13ProgressNodesv
                0x00004640       0x64 BUILD/NRF52_DK/GCC_ARM_SIM/nlib/nworkbench.o
                0x00004640                ProgressNodes()
 .text._Z14SetupWorkbenchv
                0x000046a4       0x40 BUILD/NRF52_DK/GCC_ARM_SIM/nlib/nworkbench.o
                0x000046a4                SetupWorkbench()
 .text.startup._GLOBAL__sub_I_PropagateTicker
                0x000046e4       0x24 BUILD/NRF52_DK/GCC_ARM_SIM/nlib/nworkbench.o
 .text._calloc_r